<html>
<body>
<pre>
<h1>µVision Build Log</h1>
<h2>Tool Versions:</h2>
IDE-Version: µVision V5.33.0.0
Copyright (C) 2020 ARM Ltd and ARM Germany GmbH. All rights reserved.
License Information: Stefano Lucchesini, PoliMi, LIC=----
 
Tool Versions:
Toolchain:       MDK-Lite  Version: 5.33.0.0
Toolchain Path:  C:\Keil_v5\ARM\ARMCC\Bin
C Compiler:      Armcc.exe V5.06 update 7 (build 960)
Assembler:       Armasm.exe V5.06 update 7 (build 960)
Linker/Locator:  ArmLink.exe V5.06 update 7 (build 960)
Library Manager: ArmAr.exe V5.06 update 7 (build 960)
Hex Converter:   FromElf.exe V5.06 update 7 (build 960)
CPU DLL:         
Dialog DLL:      
Target DLL:      Segger\JL2CM3.dll V2.99.38.0
Dialog DLL:      TCM.DLL V1.48.0.0
 
<h2>Project:</h2>
C:\Users\Stefano\Desktop\FILE_TESISTI\nRF5_SDK_14.2.0_17b948a\examples\dfu\experimental_ant_bootloader\pca10040\dual_bank_ant_s212\arm5_no_packs\dfu_experimental_dual_bank_ant_pca10040_s212.uvprojx
Project File Date:  03/07/2021

<h2>Output:</h2>
*** Using Compiler 'V5.06 update 7 (build 960)', folder: 'C:\Keil_v5\ARM\ARMCC\Bin'
Rebuild target 'nrf52832_xxaa_s212'
compiling bootloader_util_arm.c...
compiling antfs_ota.c...
compiling bootloader.c...
compiling debug_pin.c...
compiling dfu_dual_bank.c...
compiling dfu_transport_ant.c...
..\..\..\..\..\..\components\boards\pca10040.h(184): warning:  #1-D: last line of file ends without a newline
  																 
..\..\..\dfu_transport_ant.c: 1 warning, 0 errors
compiling main.c...
..\..\..\..\..\..\components\boards\pca10040.h(184): warning:  #1-D: last line of file ends without a newline
  																 
..\..\..\main.c: 1 warning, 0 errors
compiling boards.c...
..\..\..\..\..\..\components\boards\pca10040.h(184): warning:  #1-D: last line of file ends without a newline
  																 
..\..\..\..\..\..\components\boards\boards.c: 1 warning, 0 errors
compiling pstorage.c...
compiling ant_key_manager.c...
compiling bsp.c...
..\..\..\..\..\..\components\boards\pca10040.h(184): warning:  #1-D: last line of file ends without a newline
  																 
..\..\..\..\..\..\components\libraries\bsp\bsp.c: 1 warning, 0 errors
compiling bsp_nfc.c...
..\..\..\..\..\..\components\boards\pca10040.h(184): warning:  #1-D: last line of file ends without a newline
  																 
..\..\..\..\..\..\components\libraries\bsp\bsp_nfc.c: 1 warning, 0 errors
compiling crc.c...
compiling nrf_drv_common.c...
compiling antfs.c...
compiling nrf_drv_gpiote.c...
compiling app_error.c...
compiling app_button.c...
compiling app_error_weak.c...
compiling app_util_platform.c...
compiling app_scheduler.c...
compiling app_timer.c...
compiling nrf_assert.c...
compiling nrf_balloc.c...
compiling nrf_memobj.c...
compiling nrf_strerror.c...
compiling nrf_section_iter.c...
compiling nrf_log_frontend.c...
compiling nrf_sdh_ant.c...
compiling nrf_sdh_soc.c...
compiling nrf_sdh.c...
assembling arm_startup_nrf52.s...
compiling system_nrf52.c...
linking...
Program Size: Code=18378 RO-data=1066 RW-data=392 ZI-data=19560  
FromELF: creating hex file...
".\_build\nrf52832_xxaa_s212.axf" - 0 Error(s), 5 Warning(s).

<h2>Software Packages used:</h2>

Package Vendor: ARM
                http://www.keil.com/pack/ARM.CMSIS.4.5.0.pack
                ARM.CMSIS.4.5.0
                CMSIS (Cortex Microcontroller Software Interface Standard)
   * Component: CORE Version: 4.3.0

Package Vendor: NordicSemiconductor
                http://developer.nordicsemi.com/nRF5_SDK/pieces/nRF_DeviceFamilyPack/NordicSemiconductor.nRF_DeviceFamilyPack.8.15.0.pack
                NordicSemiconductor.nRF_DeviceFamilyPack.8.15.0
                Nordic Semiconductor nRF ARM devices Device Family Pack.
   * Component: Startup Version: 8.15.0

<h2>Collection of Component include folders:</h2>
  .\RTE\_nrf52832_xxaa_s212
  C:\Users\Stefano\AppData\Local\Arm\Packs\ARM\CMSIS\4.5.0\CMSIS\Include
  C:\Users\Stefano\AppData\Local\Arm\Packs\NordicSemiconductor\nRF_DeviceFamilyPack\8.15.0\Device\Include

<h2>Collection of Component Files used:</h2>

   * Component: ARM::CMSIS:CORE:4.3.0

   * Component: NordicSemiconductor::Device:Startup:8.15.0
      Include file:  Device\Include\system_nrf52.h
      Source file:   Device\Source\system_nrf52.c
      Source file:   Device\Source\arm\arm_startup_nrf52.s
Build Time Elapsed:  00:00:13
</pre>
</body>
</html>
