<html>
<body>
<pre>
<h1>µVision Build Log</h1>
<h2>Tool Versions:</h2>
IDE-Version: µVision V5.33.0.0
Copyright (C) 2020 ARM Ltd and ARM Germany GmbH. All rights reserved.
License Information: Stefano Lucchesini Polimi Flex license: MDK Professional 5.33 (Flex) (mdk_pro) Operation stops: 15 Mar 2024
 
Tool Versions:
Toolchain:       MDK Professional 5.33 (Flex)  Version: 5.33.0.0
Toolchain Path:  C:\Keil_v5\ARM\ARMCC\Bin
C Compiler:      Armcc.exe V5.06 update 7 (build 960)
Assembler:       Armasm.exe V5.06 update 7 (build 960)
Linker/Locator:  ArmLink.exe V5.06 update 7 (build 960)
Library Manager: ArmAr.exe V5.06 update 7 (build 960)
Hex Converter:   FromElf.exe V5.06 update 7 (build 960)
CPU DLL:         SARMCM3.DLL V5.33.0.0
Dialog DLL:      DCM.DLL V1.17.3.0
Target DLL:      Segger\JL2CM3.dll V2.99.38.0
Dialog DLL:      TCM.DLL V1.48.0.0
 
<h2>Project:</h2>
C:\Users\Stefano\Desktop\FILE_TESISTI\nRF5_SDK_14.2.0_17b948a\examples\ant\ant_broadcast\respirho_solo_interrupt\pca10040\s212\arm5_no_packs\ant_broadcast_rx_pca10040_s212.uvprojx
Project File Date:  04/05/2021

<h2>Output:</h2>
*** Using Compiler 'V5.06 update 7 (build 960)', folder: 'C:\Keil_v5\ARM\ARMCC\Bin'
Build target 'nrf52832_xxaa'
compiling app_ICM20948.c...
..\..\..\..\..\..\nrf5-mpu-examples-master\nrf_drv_mpu.h(15): warning:  #1215-D: #warning directive: "INFO: The MPU is using TWI drivers."
  #warning "INFO: The MPU is using TWI drivers."
app_ICM20948.c(345): warning:  #550-D: variable "err_code"  was set but never used
    ret_code_t err_code;
app_ICM20948.c: 2 warnings, 0 errors
compiling nrf_drv_mpu_twi.c...
..\..\..\..\..\..\..\..\nRF5_SDK_14.2.0_17b948a\examples\nrf5-mpu-examples-master\nrf_drv_mpu.h(15): warning:  #1215-D: #warning directive: "INFO: The MPU is using TWI drivers."
  #warning "INFO: The MPU is using TWI drivers."
..\..\..\..\..\..\..\..\nRF5_SDK_14.2.0_17b948a\examples\nrf5-mpu-examples-master\nrf_drv_mpu_twi.c: 1 warning, 0 errors
compiling main.c...
..\..\..\..\..\..\nrf5-mpu-examples-master\nrf_drv_mpu.h(15): warning:  #1215-D: #warning directive: "INFO: The MPU is using TWI drivers."
  #warning "INFO: The MPU is using TWI drivers."
..\..\..\main.c(385): warning:  #177-D: function "utils_setup"  was declared but never referenced
  static void utils_setup(void)  //funzione da eliminare?
..\..\..\main.c: 2 warnings, 0 errors
compiling boards.c...
compiling bsp.c...
compiling bsp_nfc.c...
compiling ant_channel_config.c...
compiling nrf_drv_common.c...
compiling nrf_drv_gpiote.c...
compiling nrf_drv_clock.c...
compiling nrf_drv_power.c...
compiling nrf_drv_ppi.c...
compiling nrf_drv_spi.c...
compiling nrf_drv_rtc.c...
compiling nrf_drv_timer.c...
compiling nrf_drv_swi.c...
compiling nrf_drv_twi.c...
compiling nrf_drv_uart.c...
compiling nrf_saadc.c...
compiling nrf_drv_saadc.c...
compiling app_button.c...
compiling app_error.c...
compiling app_error_weak.c...
compiling app_scheduler.c...
compiling app_timer.c...
compiling app_util_platform.c...
compiling hardfault_handler_keil.c...
compiling hardfault_implementation.c...
compiling nrf_assert.c...
compiling nrf_balloc.c...
compiling nrf_section_iter.c...
compiling nrf_memobj.c...
compiling nrf_pwr_mgmt.c...
compiling app_gpiote.c...
compiling app_fifo.c...
compiling nrf_strerror.c...
compiling crc16.c...
compiling mem_manager.c...
compiling app_uart_fifo.c...
compiling nrf_queue.c...
compiling slip.c...
compiling nrf_ringbuf.c...
compiling nrf_fprintf.c...
compiling app_simple_timer.c...
compiling nrf_fprintf_format.c...
compiling nrf_log_backend_rtt.c...
compiling nrf_log_frontend.c...
compiling nrf_log_backend_serial.c...
compiling nrf_log_str_formatter.c...
compiling nrf_log_backend_uart.c...
compiling nrf_log_default_backends.c...
compiling nrf_sdh_ant.c...
compiling nrf_sdh.c...
linking...
Program Size: Code=14288 RO-data=796 RW-data=180 ZI-data=8860  
FromELF: creating hex file...
".\_build\nrf52832_xxaa.axf" - 0 Error(s), 5 Warning(s).

<h2>Software Packages used:</h2>

Package Vendor: ARM
                http://www.keil.com/pack/ARM.CMSIS.4.5.0.pack
                ARM.CMSIS.4.5.0
                CMSIS (Cortex Microcontroller Software Interface Standard)
   * Component: CORE Version: 4.3.0

Package Vendor: NordicSemiconductor
                http://developer.nordicsemi.com/nRF5_SDK/pieces/nRF_DeviceFamilyPack/NordicSemiconductor.nRF_DeviceFamilyPack.8.15.0.pack
                NordicSemiconductor.nRF_DeviceFamilyPack.8.15.0
                Nordic Semiconductor nRF ARM devices Device Family Pack.
   * Component: Startup Version: 8.15.0

<h2>Collection of Component include folders:</h2>
  .\RTE\_nrf52832_xxaa
  C:\Users\Stefano\AppData\Local\Arm\Packs\ARM\CMSIS\4.5.0\CMSIS\Include
  C:\Users\Stefano\AppData\Local\Arm\Packs\NordicSemiconductor\nRF_DeviceFamilyPack\8.15.0\Device\Include

<h2>Collection of Component Files used:</h2>

   * Component: ARM::CMSIS:CORE:4.3.0

   * Component: NordicSemiconductor::Device:Startup:8.15.0
      Source file:   Device\Source\arm\arm_startup_nrf52.s
      Include file:  Device\Include\system_nrf52.h
      Source file:   Device\Source\system_nrf52.c
Build Time Elapsed:  00:00:21
</pre>
</body>
</html>
