<html>
<body>
<pre>
<h1>µVision Build Log</h1>
<h2>Tool Versions:</h2>
IDE-Version: µVision V5.28.0.0
Copyright (C) 2019 ARM Ltd and ARM Germany GmbH. All rights reserved.
License Information: Santa Aurelia Nido, Politecnico di Milano, LIC=----
 
Tool Versions:
Toolchain:       MDK-Lite  Version: 5.28.0.0
Toolchain Path:  C:\Keil_v5\ARM\ARMCC\Bin
C Compiler:      Armcc.exe V5.06 update 6 (build 750)
Assembler:       Armasm.exe V5.06 update 6 (build 750)
Linker/Locator:  ArmLink.exe V5.06 update 6 (build 750)
Library Manager: ArmAr.exe V5.06 update 6 (build 750)
Hex Converter:   FromElf.exe V5.06 update 6 (build 750)
CPU DLL:         
Dialog DLL:      
Target DLL:      Segger\JL2CM3.dll V2.99.36.0
Dialog DLL:      TCM.DLL V1.36.2.0
 
<h2>Project:</h2>
\\Mac\Home\Documents\nRF5_SDK_14.2.0_17b948a\examples\ant\ant_async_transmitter\pca10040\s212\arm5_no_packs\ant_async_transmitter_pca10040_s212.uvprojx
Project File Date:  09/03/2019

<h2>Output:</h2>
*** Using Compiler 'V5.06 update 6 (build 750)', folder: 'C:\Keil_v5\ARM\ARMCC\Bin'
Build target 'nrf52832_xxaa'
compiling ant_async_tx.c...
..\..\..\..\..\..\components\boards\pca10040.h(182): warning:  #1-D: last line of file ends without a newline
  #endif // PCA10040_H
..\..\..\ant_async_tx.c: 1 warning, 0 errors
compiling main.c...
..\..\..\..\..\..\components\boards\pca10040.h(182): warning:  #1-D: last line of file ends without a newline
  #endif // PCA10040_H
..\..\..\main.c: 1 warning, 0 errors
compiling boards.c...
..\..\..\..\..\..\components\boards\pca10040.h(182): warning:  #1-D: last line of file ends without a newline
  #endif // PCA10040_H
..\..\..\..\..\..\components\boards\boards.c: 1 warning, 0 errors
compiling bsp.c...
..\..\..\..\..\..\components\boards\pca10040.h(182): warning:  #1-D: last line of file ends without a newline
  #endif // PCA10040_H
..\..\..\..\..\..\components\libraries\bsp\bsp.c: 1 warning, 0 errors
compiling bsp_nfc.c...
..\..\..\..\..\..\components\boards\pca10040.h(182): warning:  #1-D: last line of file ends without a newline
  #endif // PCA10040_H
..\..\..\..\..\..\components\libraries\bsp\bsp_nfc.c: 1 warning, 0 errors
compiling ant_channel_config.c...
compiling ant_search_config.c...
compiling ant_stack_config.c...
compiling nrf_drv_common.c...
compiling nrf_drv_gpiote.c...
compiling app_button.c...
compiling app_error.c...
compiling app_error_weak.c...
compiling app_scheduler.c...
compiling app_timer.c...
compiling app_util_platform.c...
compiling hardfault_handler_keil.c...
compiling hardfault_implementation.c...
compiling nrf_assert.c...
compiling nrf_balloc.c...
compiling nrf_memobj.c...
compiling nrf_pwr_mgmt.c...
compiling nrf_section_iter.c...
compiling nrf_strerror.c...
compiling nrf_log_frontend.c...
compiling nrf_sdh.c...
compiling nrf_sdh_ant.c...
assembling arm_startup_nrf52.s...
compiling system_nrf52.c...
linking...
Program Size: Code=6936 RO-data=804 RW-data=84 ZI-data=8876  
FromELF: creating hex file...
".\_build\nrf52832_xxaa.axf" - 0 Error(s), 5 Warning(s).

<h2>Software Packages used:</h2>

Package Vendor: ARM
                http://www.keil.com/pack/ARM.CMSIS.4.5.0.pack
                ARM.CMSIS.4.5.0
                CMSIS (Cortex Microcontroller Software Interface Standard)
   * Component: CORE Version: 4.3.0

Package Vendor: NordicSemiconductor
                http://developer.nordicsemi.com/nRF5_SDK/pieces/nRF_DeviceFamilyPack/NordicSemiconductor.nRF_DeviceFamilyPack.8.15.0.pack
                NordicSemiconductor.nRF_DeviceFamilyPack.8.15.0
                Nordic Semiconductor nRF ARM devices Device Family Pack.
   * Component: Startup Version: 8.15.0

<h2>Collection of Component include folders:</h2>
  .\RTE\_nrf52832_xxaa
  C:\Users\aurelianido\AppData\Local\Arm\Packs\ARM\CMSIS\4.5.0\CMSIS\Include
  C:\Users\aurelianido\AppData\Local\Arm\Packs\NordicSemiconductor\nRF_DeviceFamilyPack\8.15.0\Device\Include

<h2>Collection of Component Files used:</h2>

   * Component: ARM::CMSIS:CORE:4.3.0

   * Component: NordicSemiconductor::Device:Startup:8.15.0
      Source file:   Device\Source\system_nrf52.c
      Source file:   Device\Source\arm\arm_startup_nrf52.s
      Include file:  Device\Include\system_nrf52.h
Build Time Elapsed:  00:00:21
</pre>
</body>
</html>
