Component: ARM Compiler 5.06 update 6 (build 750) Tool: armlink [4d35ed]

==============================================================================

Section Cross References

    ant_async_tx.o(i.ant_async_tx_bsp_evt_handler) refers to boards.o(i.bsp_board_led_invert) for bsp_board_led_invert
    ant_async_tx.o(i.ant_async_tx_bsp_evt_handler) refers to ant_async_tx.o(i.async_command_send) for async_command_send
    ant_async_tx.o(i.ant_async_tx_event_handler) refers to app_error.o(i.app_error_handler_bare) for app_error_handler_bare
    ant_async_tx.o(i.ant_async_tx_event_handler) refers to uldiv.o(.text) for __aeabi_uldivmod
    ant_async_tx.o(i.ant_async_tx_event_handler) refers to app_timer.o(i.app_timer_start) for app_timer_start
    ant_async_tx.o(i.ant_async_tx_event_handler) refers to ant_async_tx.o(.data) for .data
    ant_async_tx.o(i.ant_async_tx_event_handler) refers to ant_async_tx.o(.constdata) for .constdata
    ant_async_tx.o(i.ant_async_tx_setup) refers to ant_channel_config.o(i.ant_channel_init) for ant_channel_init
    ant_async_tx.o(i.ant_async_tx_setup) refers to app_error.o(i.app_error_handler_bare) for app_error_handler_bare
    ant_async_tx.o(i.ant_async_tx_setup) refers to app_timer.o(i.app_timer_create) for app_timer_create
    ant_async_tx.o(i.ant_async_tx_setup) refers to ant_async_tx.o(.constdata) for .constdata
    ant_async_tx.o(i.ant_async_tx_setup) refers to ant_async_tx.o(.data) for .data
    ant_async_tx.o(i.ant_async_tx_setup) refers to ant_async_tx.o(i.backoff_timer_evt_handler) for backoff_timer_evt_handler
    ant_async_tx.o(i.async_command_send) refers to ant_async_tx.o(i.retry_perform) for retry_perform
    ant_async_tx.o(i.async_command_send) refers to ant_async_tx.o(.data) for .data
    ant_async_tx.o(i.backoff_timer_evt_handler) refers to ant_async_tx.o(i.retry_perform) for retry_perform
    ant_async_tx.o(i.retry_perform) refers to app_error.o(i.app_error_handler_bare) for app_error_handler_bare
    ant_async_tx.o(i.retry_perform) refers to ant_async_tx.o(.data) for .data
    ant_async_tx.o(.constdata) refers to ant_async_tx.o(.bss) for m_backoff_timer_data
    ant_async_tx.o(sdh_ant_observers1) refers to ant_async_tx.o(i.ant_async_tx_event_handler) for ant_async_tx_event_handler
    main.o(i.main) refers to app_timer.o(i.app_timer_init) for app_timer_init
    main.o(i.main) refers to app_error.o(i.app_error_handler_bare) for app_error_handler_bare
    main.o(i.main) refers to bsp.o(i.bsp_init) for bsp_init
    main.o(i.main) refers to nrf_pwr_mgmt.o(i.nrf_pwr_mgmt_init) for nrf_pwr_mgmt_init
    main.o(i.main) refers to nrf_sdh.o(i.nrf_sdh_enable_request) for nrf_sdh_enable_request
    main.o(i.main) refers to nrf_sdh_ant.o(i.nrf_sdh_ant_enable) for nrf_sdh_ant_enable
    main.o(i.main) refers to ant_async_tx.o(i.ant_async_tx_setup) for ant_async_tx_setup
    main.o(i.main) refers to nrf_pwr_mgmt.o(i.nrf_pwr_mgmt_run) for nrf_pwr_mgmt_run
    main.o(i.main) refers to ant_async_tx.o(i.ant_async_tx_bsp_evt_handler) for ant_async_tx_bsp_evt_handler
    boards.o(i.bsp_board_button_idx_to_pin) refers to boards.o(.constdata) for .constdata
    boards.o(i.bsp_board_button_state_get) refers to boards.o(.constdata) for .constdata
    boards.o(i.bsp_board_buttons_init) refers to boards.o(i.nrf_gpio_cfg) for nrf_gpio_cfg
    boards.o(i.bsp_board_buttons_init) refers to boards.o(.constdata) for .constdata
    boards.o(i.bsp_board_led_idx_to_pin) refers to boards.o(.constdata) for .constdata
    boards.o(i.bsp_board_led_invert) refers to boards.o(.constdata) for .constdata
    boards.o(i.bsp_board_led_off) refers to boards.o(i.nrf_gpio_pin_write) for nrf_gpio_pin_write
    boards.o(i.bsp_board_led_off) refers to boards.o(.constdata) for .constdata
    boards.o(i.bsp_board_led_on) refers to boards.o(i.nrf_gpio_pin_write) for nrf_gpio_pin_write
    boards.o(i.bsp_board_led_on) refers to boards.o(.constdata) for .constdata
    boards.o(i.bsp_board_led_state_get) refers to boards.o(.constdata) for .constdata
    boards.o(i.bsp_board_leds_init) refers to boards.o(i.nrf_gpio_cfg) for nrf_gpio_cfg
    boards.o(i.bsp_board_leds_init) refers to boards.o(i.bsp_board_leds_off) for bsp_board_leds_off
    boards.o(i.bsp_board_leds_init) refers to boards.o(.constdata) for .constdata
    boards.o(i.bsp_board_leds_off) refers to boards.o(i.bsp_board_led_off) for bsp_board_led_off
    boards.o(i.bsp_board_leds_on) refers to boards.o(i.bsp_board_led_on) for bsp_board_led_on
    boards.o(i.bsp_board_pin_to_button_idx) refers to boards.o(.constdata) for .constdata
    boards.o(i.bsp_board_pin_to_led_idx) refers to boards.o(.constdata) for .constdata
    bsp.o(i.alert_timer_handler) refers to boards.o(i.bsp_board_led_invert) for bsp_board_led_invert
    bsp.o(i.bsp_button_event_handler) refers to boards.o(i.bsp_board_pin_to_button_idx) for bsp_board_pin_to_button_idx
    bsp.o(i.bsp_button_event_handler) refers to app_timer.o(i.app_timer_start) for app_timer_start
[...]
    nrf_memobj.o(i.memobj_op) refers to memcpya.o(.text) for __aeabi_memcpy
    nrf_memobj.o(i.nrf_memobj_alloc) refers to nrf_balloc.o(i.nrf_balloc_alloc) for nrf_balloc_alloc
    nrf_memobj.o(i.nrf_memobj_alloc) refers to nrf_memobj.o(i.nrf_memobj_free) for nrf_memobj_free
    nrf_memobj.o(i.nrf_memobj_free) refers to nrf_balloc.o(i.nrf_balloc_free) for nrf_balloc_free
    nrf_memobj.o(i.nrf_memobj_get) refers to nrf_memobj.o(.emb_text) for __asm___12_nrf_memobj_c_9bb9f865__nrf_atomic_internal_add
    nrf_memobj.o(i.nrf_memobj_pool_init) refers to nrf_balloc.o(i.nrf_balloc_init) for nrf_balloc_init
    nrf_memobj.o(i.nrf_memobj_put) refers to nrf_memobj.o(.emb_text) for __asm___12_nrf_memobj_c_9bb9f865__nrf_atomic_internal_sub
    nrf_memobj.o(i.nrf_memobj_put) refers to nrf_memobj.o(i.nrf_memobj_free) for nrf_memobj_free
    nrf_memobj.o(i.nrf_memobj_read) refers to nrf_memobj.o(i.memobj_op) for memobj_op
    nrf_memobj.o(i.nrf_memobj_write) refers to nrf_memobj.o(i.memobj_op) for memobj_op
    nrf_pwr_mgmt.o(i.nrf_pwr_mgmt_init) refers to nrf_section_iter.o(i.nrf_section_iter_init) for nrf_section_iter_init
    nrf_pwr_mgmt.o(i.nrf_pwr_mgmt_init) refers to nrf_pwr_mgmt.o(.data) for .data
    nrf_pwr_mgmt.o(i.nrf_pwr_mgmt_init) refers to nrf_pwr_mgmt.o(.constdata) for .constdata
    nrf_pwr_mgmt.o(i.nrf_pwr_mgmt_init) refers to nrf_pwr_mgmt.o(.bss) for .bss
    nrf_pwr_mgmt.o(i.nrf_pwr_mgmt_run) refers to app_util_platform.o(i.app_util_critical_region_enter) for app_util_critical_region_enter
    nrf_pwr_mgmt.o(i.nrf_pwr_mgmt_run) refers to app_util_platform.o(i.app_util_critical_region_exit) for app_util_critical_region_exit
    nrf_pwr_mgmt.o(i.nrf_pwr_mgmt_run) refers to nrf_sdh.o(i.nrf_sdh_is_enabled) for nrf_sdh_is_enabled
    nrf_pwr_mgmt.o(i.nrf_pwr_mgmt_shutdown) refers to nrf_pwr_mgmt.o(.emb_text) for __asm___14_nrf_pwr_mgmt_c_e667cafc__nrf_atomic_internal_mov
    nrf_pwr_mgmt.o(i.nrf_pwr_mgmt_shutdown) refers to nrf_pwr_mgmt.o(i.shutdown_process) for shutdown_process
    nrf_pwr_mgmt.o(i.nrf_pwr_mgmt_shutdown) refers to nrf_pwr_mgmt.o(.data) for .data
    nrf_pwr_mgmt.o(i.shutdown_process) refers to nrf_section_iter.o(i.nrf_section_iter_next) for nrf_section_iter_next
    nrf_pwr_mgmt.o(i.shutdown_process) refers to nrf_sdh.o(i.nrf_sdh_is_enabled) for nrf_sdh_is_enabled
    nrf_pwr_mgmt.o(i.shutdown_process) refers to nrf_pwr_mgmt.o(.bss) for .bss
    nrf_pwr_mgmt.o(i.shutdown_process) refers to nrf_pwr_mgmt.o(.data) for .data
    nrf_pwr_mgmt.o(.constdata) refers to nrf_pwr_mgmt.o(.constdata) for pwr_mgmt_data_array
    nrf_section_iter.o(i.nrf_section_iter_init) refers to nrf_section_iter.o(i.nrf_section_iter_item_set) for nrf_section_iter_item_set
    nrf_section_iter.o(i.nrf_section_iter_next) refers to nrf_section_iter.o(i.nrf_section_iter_item_set) for nrf_section_iter_item_set
    nrf_strerror.o(i.nrf_strerror_find) refers to nrf_strerror.o(.constdata) for .constdata
    nrf_strerror.o(i.nrf_strerror_get) refers to nrf_strerror.o(i.nrf_strerror_find) for nrf_strerror_find
    nrf_strerror.o(i.nrf_strerror_get) refers to nrf_strerror.o(.constdata) for .constdata
    nrf_strerror.o(.constdata) refers to nrf_strerror.o(.conststring) for .conststring
    nrf_sdh.o(i.SWI2_EGU2_IRQHandler) refers to nrf_sdh.o(i.nrf_sdh_evts_poll) for nrf_sdh_evts_poll
    nrf_sdh.o(i.nrf_sdh_disable_request) refers to nrf_sdh.o(i.sdh_request_observer_notify) for sdh_request_observer_notify
    nrf_sdh.o(i.nrf_sdh_disable_request) refers to nrf_sdh.o(i.sdh_state_observer_notify) for sdh_state_observer_notify
    nrf_sdh.o(i.nrf_sdh_disable_request) refers to nrf_sdh.o(i.softdevice_evt_irq_disable) for softdevice_evt_irq_disable
    nrf_sdh.o(i.nrf_sdh_disable_request) refers to nrf_sdh.o(.data) for .data
    nrf_sdh.o(i.nrf_sdh_enable_request) refers to nrf_sdh.o(i.sdh_request_observer_notify) for sdh_request_observer_notify
    nrf_sdh.o(i.nrf_sdh_enable_request) refers to nrf_sdh.o(i.sdh_state_observer_notify) for sdh_state_observer_notify
    nrf_sdh.o(i.nrf_sdh_enable_request) refers to nrf_sdh.o(i.sd_nvic_SetPriority) for sd_nvic_SetPriority
    nrf_sdh.o(i.nrf_sdh_enable_request) refers to app_error.o(i.app_error_handler_bare) for app_error_handler_bare
    nrf_sdh.o(i.nrf_sdh_enable_request) refers to nrf_sdh.o(i.softdevices_evt_irq_enable) for softdevices_evt_irq_enable
    nrf_sdh.o(i.nrf_sdh_enable_request) refers to nrf_sdh.o(.data) for .data
    nrf_sdh.o(i.nrf_sdh_enable_request) refers to nrf_sdh.o(.constdata) for .constdata
    nrf_sdh.o(i.nrf_sdh_enable_request) refers to app_error_weak.o(i.app_error_fault_handler) for app_error_fault_handler
    nrf_sdh.o(i.nrf_sdh_evts_poll) refers to nrf_section_iter.o(i.nrf_section_iter_init) for nrf_section_iter_init
    nrf_sdh.o(i.nrf_sdh_evts_poll) refers to nrf_section_iter.o(i.nrf_section_iter_next) for nrf_section_iter_next
    nrf_sdh.o(i.nrf_sdh_evts_poll) refers to nrf_sdh.o(.constdata) for .constdata
    nrf_sdh.o(i.nrf_sdh_is_enabled) refers to nrf_sdh.o(.data) for .data
    nrf_sdh.o(i.nrf_sdh_is_suspended) refers to nrf_sdh.o(.data) for .data
    nrf_sdh.o(i.nrf_sdh_request_continue) refers to nrf_sdh.o(i.nrf_sdh_disable_request) for nrf_sdh_disable_request
    nrf_sdh.o(i.nrf_sdh_request_continue) refers to nrf_sdh.o(i.nrf_sdh_enable_request) for nrf_sdh_enable_request
    nrf_sdh.o(i.nrf_sdh_request_continue) refers to nrf_sdh.o(.data) for .data
    nrf_sdh.o(i.nrf_sdh_resume) refers to nrf_sdh.o(i.__sd_nvic_app_accessible_irq) for __sd_nvic_app_accessible_irq
    nrf_sdh.o(i.nrf_sdh_resume) refers to app_error.o(i.app_error_handler_bare) for app_error_handler_bare
    nrf_sdh.o(i.nrf_sdh_resume) refers to nrf_sdh.o(i.softdevices_evt_irq_enable) for softdevices_evt_irq_enable
    nrf_sdh.o(i.nrf_sdh_resume) refers to nrf_sdh.o(.data) for .data
    nrf_sdh.o(i.nrf_sdh_suspend) refers to nrf_sdh.o(i.softdevice_evt_irq_disable) for softdevice_evt_irq_disable
    nrf_sdh.o(i.nrf_sdh_suspend) refers to nrf_sdh.o(.data) for .data
    nrf_sdh.o(i.sd_nvic_SetPriority) refers to nrf_sdh.o(i.__sd_nvic_app_accessible_irq) for __sd_nvic_app_accessible_irq
    nrf_sdh.o(i.sd_nvic_SetPriority) refers to nrf_sdh.o(i.__sd_nvic_is_app_accessible_priority) for __sd_nvic_is_app_accessible_priority
    nrf_sdh.o(i.sdh_request_observer_notify) refers to nrf_section_iter.o(i.nrf_section_iter_init) for nrf_section_iter_init
    nrf_sdh.o(i.sdh_request_observer_notify) refers to nrf_section_iter.o(i.nrf_section_iter_next) for nrf_section_iter_next
    nrf_sdh.o(i.sdh_request_observer_notify) refers to nrf_sdh.o(.constdata) for .constdata
    nrf_sdh.o(i.sdh_state_observer_notify) refers to nrf_section_iter.o(i.nrf_section_iter_init) for nrf_section_iter_init
    nrf_sdh.o(i.sdh_state_observer_notify) refers to nrf_section_iter.o(i.nrf_section_iter_next) for nrf_section_iter_next
    nrf_sdh.o(i.sdh_state_observer_notify) refers to nrf_sdh.o(.constdata) for .constdata
    nrf_sdh.o(i.softdevice_evt_irq_disable) refers to nrf_sdh.o(i.__sd_nvic_app_accessible_irq) for __sd_nvic_app_accessible_irq
    nrf_sdh.o(i.softdevice_evt_irq_disable) refers to app_error.o(i.app_error_handler_bare) for app_error_handler_bare
    nrf_sdh.o(i.softdevice_evt_irq_disable) refers to app_util_platform.o(.bss) for nrf_nvic_state
    nrf_sdh.o(i.softdevices_evt_irq_enable) refers to nrf_sdh.o(i.__sd_nvic_app_accessible_irq) for __sd_nvic_app_accessible_irq
    nrf_sdh.o(i.softdevices_evt_irq_enable) refers to nrf_sdh.o(i.__sd_nvic_is_app_accessible_priority) for __sd_nvic_is_app_accessible_priority
    nrf_sdh.o(i.softdevices_evt_irq_enable) refers to app_error.o(i.app_error_handler_bare) for app_error_handler_bare
    nrf_sdh.o(i.softdevices_evt_irq_enable) refers to app_util_platform.o(.bss) for nrf_nvic_state
    nrf_sdh.o(.constdata) refers to nrf_sdh.o(.constdata) for sdh_req_observers_array
    nrf_sdh.o(.constdata) refers to nrf_sdh.o(.constdata) for sdh_state_observers_array
    nrf_sdh.o(.constdata) refers to nrf_sdh.o(.constdata) for sdh_stack_observers_array
    nrf_sdh_ant.o(i.nrf_sdh_ant_enable) refers to nrf_sdh_ant.o(.constdata) for .constdata
    nrf_sdh_ant.o(i.nrf_sdh_ant_evts_poll) refers to app_error.o(i.app_error_handler_bare) for app_error_handler_bare
    nrf_sdh_ant.o(i.nrf_sdh_ant_evts_poll) refers to nrf_section_iter.o(i.nrf_section_iter_init) for nrf_section_iter_init
    nrf_sdh_ant.o(i.nrf_sdh_ant_evts_poll) refers to nrf_section_iter.o(i.nrf_section_iter_next) for nrf_section_iter_next
    nrf_sdh_ant.o(i.nrf_sdh_ant_evts_poll) refers to nrf_sdh_ant.o(.constdata) for .constdata
    nrf_sdh_ant.o(.constdata) refers to nrf_sdh_ant.o(.constdata) for sdh_ant_observers_array
    nrf_sdh_ant.o(.constdata) refers to nrf_sdh_ant.o(.bss) for m_ant_stack_buffer
    nrf_sdh_ant.o(sdh_stack_observers0) refers to nrf_sdh_ant.o(i.nrf_sdh_ant_evts_poll) for nrf_sdh_ant_evts_poll
    arm_startup_nrf52.o(RESET) refers to arm_startup_nrf52.o(STACK) for __initial_sp
    arm_startup_nrf52.o(RESET) refers to arm_startup_nrf52.o(.text) for Reset_Handler
    arm_startup_nrf52.o(RESET) refers to hardfault_handler_keil.o(.emb_text) for HardFault_Handler
    arm_startup_nrf52.o(RESET) refers to nrf_drv_gpiote.o(i.GPIOTE_IRQHandler) for GPIOTE_IRQHandler
    arm_startup_nrf52.o(RESET) refers to app_timer.o(i.RTC1_IRQHandler) for RTC1_IRQHandler
    arm_startup_nrf52.o(RESET) refers to app_timer.o(i.SWI0_EGU0_IRQHandler) for SWI0_EGU0_IRQHandler
    arm_startup_nrf52.o(RESET) refers to nrf_sdh.o(i.SWI2_EGU2_IRQHandler) for SWI2_EGU2_IRQHandler
    arm_startup_nrf52.o(.text) refers to system_nrf52.o(i.SystemInit) for SystemInit
    arm_startup_nrf52.o(.text) refers to entry.o(.ARM.Collect$$$$00000000) for __main
    system_nrf52.o(i.SystemCoreClockUpdate) refers to system_nrf52.o(.data) for .data
    system_nrf52.o(i.SystemInit) refers to system_nrf52.o(.data) for .data
    entry.o(.ARM.Collect$$$$00000000) refers (Special) to entry10a.o(.ARM.Collect$$$$0000000D) for __rt_final_cpp
    entry.o(.ARM.Collect$$$$00000000) refers (Special) to entry11a.o(.ARM.Collect$$$$0000000F) for __rt_final_exit
    entry.o(.ARM.Collect$$$$00000000) refers (Special) to entry7b.o(.ARM.Collect$$$$00000008) for _main_clock
    entry.o(.ARM.Collect$$$$00000000) refers (Special) to entry8b.o(.ARM.Collect$$$$0000000A) for _main_cpp_init
    entry.o(.ARM.Collect$$$$00000000) refers (Special) to entry9a.o(.ARM.Collect$$$$0000000B) for _main_init
    entry.o(.ARM.Collect$$$$00000000) refers (Special) to entry5.o(.ARM.Collect$$$$00000004) for _main_scatterload
    entry.o(.ARM.Collect$$$$00000000) refers (Special) to entry2.o(.ARM.Collect$$$$00000001) for _main_stk
    uldiv.o(.text) refers to llushr.o(.text) for __aeabi_llsr
    uldiv.o(.text) refers to llshl.o(.text) for __aeabi_llsl
    entry2.o(.ARM.Collect$$$$00000001) refers to entry2.o(.ARM.Collect$$$$00002712) for __lit__00000000
    entry2.o(.ARM.Collect$$$$00002712) refers to arm_startup_nrf52.o(STACK) for __initial_sp
    entry2.o(__vectab_stack_and_reset_area) refers to arm_startup_nrf52.o(STACK) for __initial_sp
    entry2.o(__vectab_stack_and_reset_area) refers to entry.o(.ARM.Collect$$$$00000000) for __main
    entry5.o(.ARM.Collect$$$$00000004) refers to init.o(.text) for __scatterload
    entry9a.o(.ARM.Collect$$$$0000000B) refers to main.o(i.main) for main
    entry9b.o(.ARM.Collect$$$$0000000C) refers to main.o(i.main) for main
    init.o(.text) refers to entry5.o(.ARM.Collect$$$$00000004) for __main_after_scatterload


==============================================================================

Removing Unused input sections from the image.

    Removing ant_async_tx.o(.rev16_text), (4 bytes).
    Removing ant_async_tx.o(.revsh_text), (4 bytes).
    Removing ant_async_tx.o(.rrx_text), (6 bytes).
    Removing main.o(.rev16_text), (4 bytes).
    Removing main.o(.revsh_text), (4 bytes).
    Removing main.o(.rrx_text), (6 bytes).
    Removing boards.o(.rev16_text), (4 bytes).
    Removing boards.o(.revsh_text), (4 bytes).
    Removing boards.o(.rrx_text), (6 bytes).
    Removing boards.o(i.bsp_board_button_idx_to_pin), (12 bytes).
    Removing boards.o(i.bsp_board_button_state_get), (32 bytes).
    Removing boards.o(i.bsp_board_buttons_init), (36 bytes).
    Removing boards.o(i.bsp_board_led_idx_to_pin), (12 bytes).
    Removing boards.o(i.bsp_board_pin_to_led_idx), (36 bytes).
    Removing bsp.o(.rev16_text), (4 bytes).
    Removing bsp.o(.revsh_text), (4 bytes).
    Removing bsp.o(.rrx_text), (6 bytes).
    Removing bsp.o(i.bsp_button_is_pressed), (4 bytes).
    Removing bsp.o(i.bsp_buttons_disable), (4 bytes).
    Removing bsp.o(i.bsp_buttons_enable), (4 bytes).
    Removing bsp.o(i.bsp_indication_set), (24 bytes).
    Removing bsp.o(i.bsp_wakeup_button_disable), (16 bytes).
    Removing bsp.o(i.bsp_wakeup_button_enable), (16 bytes).
    Removing bsp.o(i.nrf_gpio_cfg_sense_set), (34 bytes).
    Removing bsp_nfc.o(.rev16_text), (4 bytes).
    Removing bsp_nfc.o(.revsh_text), (4 bytes).
    Removing bsp_nfc.o(.rrx_text), (6 bytes).
    Removing bsp_nfc.o(i.bsp_nfc_btn_deinit), (8 bytes).
    Removing bsp_nfc.o(i.bsp_nfc_btn_init), (8 bytes).
    Removing bsp_nfc.o(i.bsp_nfc_sleep_mode_prepare), (48 bytes).
    Removing ant_channel_config.o(.rev16_text), (4 bytes).
    Removing ant_channel_config.o(.revsh_text), (4 bytes).
    Removing ant_channel_config.o(.rrx_text), (6 bytes).
    Removing ant_search_config.o(.rev16_text), (4 bytes).
    Removing ant_search_config.o(.revsh_text), (4 bytes).
    Removing ant_search_config.o(.rrx_text), (6 bytes).
    Removing ant_search_config.o(i.ant_search_init), (64 bytes).
    Removing ant_stack_config.o(.rev16_text), (4 bytes).
    Removing ant_stack_config.o(.revsh_text), (4 bytes).
    Removing ant_stack_config.o(.rrx_text), (6 bytes).
    Removing ant_stack_config.o(i.ant_stack_static_config), (20 bytes).
    Removing ant_stack_config.o(.bss), (128 bytes).
    Removing ant_stack_config.o(.constdata), (12 bytes).
    Removing nrf_drv_common.o(.rev16_text), (4 bytes).
    Removing nrf_drv_common.o(.revsh_text), (4 bytes).
    Removing nrf_drv_common.o(.rrx_text), (6 bytes).
    Removing nrf_drv_gpiote.o(.rev16_text), (4 bytes).
    Removing nrf_drv_gpiote.o(.revsh_text), (4 bytes).
    Removing nrf_drv_gpiote.o(.rrx_text), (6 bytes).
    Removing nrf_drv_gpiote.o(i.nrf_drv_gpiote_clr_task_addr_get), (24 bytes).
    Removing nrf_drv_gpiote.o(i.nrf_drv_gpiote_clr_task_trigger), (28 bytes).
    Removing nrf_drv_gpiote.o(i.nrf_drv_gpiote_in_event_addr_get), (40 bytes).
    Removing nrf_drv_gpiote.o(i.nrf_drv_gpiote_in_event_disable), (72 bytes).
    Removing nrf_drv_gpiote.o(i.nrf_drv_gpiote_in_uninit), (72 bytes).
    Removing nrf_drv_gpiote.o(i.nrf_drv_gpiote_out_clear), (14 bytes).
    Removing nrf_drv_gpiote.o(i.nrf_drv_gpiote_out_init), (184 bytes).
    Removing nrf_drv_gpiote.o(i.nrf_drv_gpiote_out_set), (14 bytes).
    Removing nrf_drv_gpiote.o(i.nrf_drv_gpiote_out_task_addr_get), (20 bytes).
    Removing nrf_drv_gpiote.o(i.nrf_drv_gpiote_out_task_disable), (36 bytes).
    Removing nrf_drv_gpiote.o(i.nrf_drv_gpiote_out_task_enable), (36 bytes).
    Removing nrf_drv_gpiote.o(i.nrf_drv_gpiote_out_task_force), (40 bytes).
    Removing nrf_drv_gpiote.o(i.nrf_drv_gpiote_out_task_trigger), (24 bytes).
    Removing nrf_drv_gpiote.o(i.nrf_drv_gpiote_out_toggle), (28 bytes).
    Removing nrf_drv_gpiote.o(i.nrf_drv_gpiote_out_uninit), (68 bytes).
    Removing nrf_drv_gpiote.o(i.nrf_drv_gpiote_set_task_addr_get), (24 bytes).
    Removing nrf_drv_gpiote.o(i.nrf_drv_gpiote_set_task_trigger), (28 bytes).
    Removing nrf_drv_gpiote.o(i.nrf_drv_gpiote_uninit), (56 bytes).
    Removing nrf_drv_gpiote.o(i.nrf_gpio_cfg_default), (18 bytes).
    Removing nrf_drv_gpiote.o(.constdata), (20 bytes).
    Removing nrf_drv_gpiote.o(.constdata), (24 bytes).
    Removing nrf_drv_gpiote.o(.constdata), (23 bytes).
    Removing app_button.o(.rev16_text), (4 bytes).
    Removing app_button.o(.revsh_text), (4 bytes).
    Removing app_button.o(.rrx_text), (6 bytes).
    Removing app_button.o(i.app_button_disable), (48 bytes).
    Removing app_button.o(i.app_button_is_pushed), (36 bytes).
    Removing app_error.o(.rev16_text), (4 bytes).
    Removing app_error.o(.revsh_text), (4 bytes).
    Removing app_error.o(.rrx_text), (6 bytes).
    Removing app_error.o(i.app_error_handler), (24 bytes).
    Removing app_error.o(i.app_error_save_and_stop), (100 bytes).
    Removing app_error.o(.bss), (32 bytes).
    Removing app_error_weak.o(.rev16_text), (4 bytes).
    Removing app_error_weak.o(.revsh_text), (4 bytes).
    Removing app_error_weak.o(.rrx_text), (6 bytes).
    Removing app_scheduler.o(.rev16_text), (4 bytes).
    Removing app_scheduler.o(.revsh_text), (4 bytes).
    Removing app_scheduler.o(.rrx_text), (6 bytes).
    Removing app_scheduler.o(i.app_sched_event_put), (160 bytes).
    Removing app_scheduler.o(i.app_sched_execute), (64 bytes).
    Removing app_scheduler.o(i.app_sched_init), (44 bytes).
    Removing app_scheduler.o(i.app_sched_queue_space_get), (36 bytes).
    Removing app_scheduler.o(.data), (16 bytes).
    Removing app_timer.o(.rev16_text), (4 bytes).
    Removing app_timer.o(.revsh_text), (4 bytes).
    Removing app_timer.o(.rrx_text), (6 bytes).
    Removing app_timer.o(i.app_timer_cnt_diff_compute), (8 bytes).
    Removing app_timer.o(i.app_timer_cnt_get), (12 bytes).
    Removing app_timer.o(i.app_timer_pause), (12 bytes).
    Removing app_timer.o(i.app_timer_resume), (12 bytes).
    Removing app_timer.o(i.app_timer_stop_all), (24 bytes).
    Removing app_util_platform.o(.rev16_text), (4 bytes).
    Removing app_util_platform.o(.revsh_text), (4 bytes).
    Removing app_util_platform.o(.rrx_text), (6 bytes).
    Removing app_util_platform.o(i.app_util_disable_irq), (16 bytes).
    Removing app_util_platform.o(i.app_util_enable_irq), (20 bytes).
    Removing app_util_platform.o(i.current_int_priority_get), (48 bytes).
    Removing app_util_platform.o(i.privilege_level_get), (26 bytes).
    Removing app_util_platform.o(.data), (4 bytes).
    Removing hardfault_handler_keil.o(.rev16_text), (4 bytes).
    Removing hardfault_handler_keil.o(.revsh_text), (4 bytes).
    Removing hardfault_handler_keil.o(.rrx_text), (6 bytes).
    Removing hardfault_implementation.o(.rev16_text), (4 bytes).
    Removing hardfault_implementation.o(.revsh_text), (4 bytes).
    Removing hardfault_implementation.o(.rrx_text), (6 bytes).
    Removing nrf_assert.o(.rev16_text), (4 bytes).
    Removing nrf_assert.o(.revsh_text), (4 bytes).
    Removing nrf_assert.o(.rrx_text), (6 bytes).
    Removing nrf_assert.o(i.assert_nrf_callback), (22 bytes).
    Removing nrf_balloc.o(.rev16_text), (4 bytes).
    Removing nrf_balloc.o(.revsh_text), (4 bytes).
    Removing nrf_balloc.o(.rrx_text), (6 bytes).
    Removing nrf_balloc.o(i.nrf_balloc_alloc), (68 bytes).
    Removing nrf_balloc.o(i.nrf_balloc_free), (48 bytes).
    Removing nrf_balloc.o(i.nrf_balloc_init), (48 bytes).
    Removing nrf_memobj.o(.rev16_text), (4 bytes).
    Removing nrf_memobj.o(.revsh_text), (4 bytes).
    Removing nrf_memobj.o(.rrx_text), (6 bytes).
    Removing nrf_memobj.o(.emb_text), (154 bytes).
    Removing nrf_memobj.o(i.memobj_op), (118 bytes).
    Removing nrf_memobj.o(i.nrf_memobj_alloc), (96 bytes).
    Removing nrf_memobj.o(i.nrf_memobj_free), (50 bytes).
    Removing nrf_memobj.o(i.nrf_memobj_get), (14 bytes).
    Removing nrf_memobj.o(i.nrf_memobj_pool_init), (4 bytes).
    Removing nrf_memobj.o(i.nrf_memobj_put), (34 bytes).
    Removing nrf_memobj.o(i.nrf_memobj_read), (12 bytes).
    Removing nrf_memobj.o(i.nrf_memobj_write), (12 bytes).
    Removing nrf_pwr_mgmt.o(.rev16_text), (4 bytes).
    Removing nrf_pwr_mgmt.o(.revsh_text), (4 bytes).
    Removing nrf_pwr_mgmt.o(.rrx_text), (6 bytes).
    Removing nrf_pwr_mgmt.o(.emb_text), (154 bytes).
    Removing nrf_pwr_mgmt.o(i.nrf_pwr_mgmt_feed), (2 bytes).
    Removing nrf_pwr_mgmt.o(i.nrf_pwr_mgmt_shutdown), (64 bytes).
    Removing nrf_pwr_mgmt.o(i.shutdown_process), (112 bytes).
    Removing nrf_section_iter.o(.rev16_text), (4 bytes).
    Removing nrf_section_iter.o(.revsh_text), (4 bytes).
    Removing nrf_section_iter.o(.rrx_text), (6 bytes).
    Removing nrf_strerror.o(.rev16_text), (4 bytes).
    Removing nrf_strerror.o(.revsh_text), (4 bytes).
    Removing nrf_strerror.o(.rrx_text), (6 bytes).
    Removing nrf_strerror.o(i.nrf_strerror_find), (56 bytes).
    Removing nrf_strerror.o(i.nrf_strerror_get), (20 bytes).
    Removing nrf_strerror.o(.constdata), (260 bytes).
    Removing nrf_strerror.o(.conststring), (776 bytes).
    Removing nrf_log_frontend.o(.rev16_text), (4 bytes).
    Removing nrf_log_frontend.o(.revsh_text), (4 bytes).
    Removing nrf_log_frontend.o(.rrx_text), (6 bytes).
    Removing nrf_sdh.o(.rev16_text), (4 bytes).
    Removing nrf_sdh.o(.revsh_text), (4 bytes).
    Removing nrf_sdh.o(.rrx_text), (6 bytes).
    Removing nrf_sdh.o(i.nrf_sdh_disable_request), (60 bytes).
    Removing nrf_sdh.o(i.nrf_sdh_is_suspended), (20 bytes).
    Removing nrf_sdh.o(i.nrf_sdh_request_continue), (28 bytes).
    Removing nrf_sdh.o(i.nrf_sdh_resume), (56 bytes).
    Removing nrf_sdh.o(i.nrf_sdh_suspend), (24 bytes).
    Removing nrf_sdh.o(i.softdevice_evt_irq_disable), (56 bytes).
    Removing nrf_sdh_ant.o(.rev16_text), (4 bytes).
    Removing nrf_sdh_ant.o(.revsh_text), (4 bytes).
    Removing nrf_sdh_ant.o(.rrx_text), (6 bytes).
    Removing arm_startup_nrf52.o(HEAP), (8192 bytes).
    Removing system_nrf52.o(.rev16_text), (4 bytes).
    Removing system_nrf52.o(.revsh_text), (4 bytes).
    Removing system_nrf52.o(.rrx_text), (6 bytes).
    Removing system_nrf52.o(i.SystemCoreClockUpdate), (16 bytes).

174 unused section(s) (total 13121 bytes) removed from the image.

==============================================================================

Image Symbol Table

    Local Symbols

    Symbol Name                              Value     Ov Type        Size  Object(Section)

    ../clib/microlib/division.c              0x00000000   Number         0  uldiv.o ABSOLUTE
    ../clib/microlib/init/entry.s            0x00000000   Number         0  entry8b.o ABSOLUTE
    ../clib/microlib/init/entry.s            0x00000000   Number         0  entry5.o ABSOLUTE
    ../clib/microlib/init/entry.s            0x00000000   Number         0  entry9a.o ABSOLUTE
    ../clib/microlib/init/entry.s            0x00000000   Number         0  entry9b.o ABSOLUTE
    ../clib/microlib/init/entry.s            0x00000000   Number         0  entry10a.o ABSOLUTE
    ../clib/microlib/init/entry.s            0x00000000   Number         0  entry10b.o ABSOLUTE
    ../clib/microlib/init/entry.s            0x00000000   Number         0  entry11a.o ABSOLUTE
    ../clib/microlib/init/entry.s            0x00000000   Number         0  entry.o ABSOLUTE
    ../clib/microlib/init/entry.s            0x00000000   Number         0  entry2.o ABSOLUTE
    ../clib/microlib/init/entry.s            0x00000000   Number         0  entry7a.o ABSOLUTE
    ../clib/microlib/init/entry.s            0x00000000   Number         0  entry7b.o ABSOLUTE
    ../clib/microlib/init/entry.s            0x00000000   Number         0  entry11b.o ABSOLUTE
    ../clib/microlib/init/entry.s            0x00000000   Number         0  entry8a.o ABSOLUTE
    ../clib/microlib/longlong.c              0x00000000   Number         0  llshl.o ABSOLUTE
    ../clib/microlib/longlong.c              0x00000000   Number         0  llushr.o ABSOLUTE
    ../clib/microlib/string/memcpy.c         0x00000000   Number         0  memcpya.o ABSOLUTE
    ../clib/microlib/string/memcpy.c         0x00000000   Number         0  memcpyb.o ABSOLUTE
    ..\..\..\..\..\..\components\ant\ant_channel_config\ant_channel_config.c 0x00000000   Number         0  ant_channel_config.o ABSOLUTE
    ..\..\..\..\..\..\components\ant\ant_search_config\ant_search_config.c 0x00000000   Number         0  ant_search_config.o ABSOLUTE
    ..\..\..\..\..\..\components\ant\ant_stack_config\ant_stack_config.c 0x00000000   Number         0  ant_stack_config.o ABSOLUTE
    ..\..\..\..\..\..\components\boards\boards.c 0x00000000   Number         0  boards.o ABSOLUTE
    ..\..\..\..\..\..\components\drivers_nrf\common\nrf_drv_common.c 0x00000000   Number         0  nrf_drv_common.o ABSOLUTE
    ..\..\..\..\..\..\components\drivers_nrf\gpiote\nrf_drv_gpiote.c 0x00000000   Number         0  nrf_drv_gpiote.o ABSOLUTE
    ..\..\..\..\..\..\components\libraries\balloc\nrf_balloc.c 0x00000000   Number         0  nrf_balloc.o ABSOLUTE
    ..\..\..\..\..\..\components\libraries\bsp\bsp.c 0x00000000   Number         0  bsp.o ABSOLUTE
    ..\..\..\..\..\..\components\libraries\bsp\bsp_nfc.c 0x00000000   Number         0  bsp_nfc.o ABSOLUTE
    ..\..\..\..\..\..\components\libraries\button\app_button.c 0x00000000   Number         0  app_button.o ABSOLUTE
    ..\..\..\..\..\..\components\libraries\experimental_log\src\nrf_log_frontend.c 0x00000000   Number         0  nrf_log_frontend.o ABSOLUTE
    ..\..\..\..\..\..\components\libraries\experimental_memobj\nrf_memobj.c 0x00000000   Number         0  nrf_memobj.o ABSOLUTE
    ..\..\..\..\..\..\components\libraries\experimental_section_vars\nrf_section_iter.c 0x00000000   Number         0  nrf_section_iter.o ABSOLUTE
    ..\..\..\..\..\..\components\libraries\hardfault\hardfault_implementation.c 0x00000000   Number         0  hardfault_implementation.o ABSOLUTE
    ..\..\..\..\..\..\components\libraries\hardfault\nrf52\handler\hardfault_handler_keil.c 0x00000000   Number         0  hardfault_handler_keil.o ABSOLUTE
    ..\..\..\..\..\..\components\libraries\pwr_mgmt\nrf_pwr_mgmt.c 0x00000000   Number         0  nrf_pwr_mgmt.o ABSOLUTE
    ..\..\..\..\..\..\components\libraries\scheduler\app_scheduler.c 0x00000000   Number         0  app_scheduler.o ABSOLUTE
    ..\..\..\..\..\..\components\libraries\strerror\nrf_strerror.c 0x00000000   Number         0  nrf_strerror.o ABSOLUTE
    ..\..\..\..\..\..\components\libraries\timer\app_timer.c 0x00000000   Number         0  app_timer.o ABSOLUTE
    ..\..\..\..\..\..\components\libraries\util\app_error.c 0x00000000   Number         0  app_error.o ABSOLUTE
    ..\..\..\..\..\..\components\libraries\util\app_error_weak.c 0x00000000   Number         0  app_error_weak.o ABSOLUTE
    ..\..\..\..\..\..\components\libraries\util\app_util_platform.c 0x00000000   Number         0  app_util_platform.o ABSOLUTE
    ..\..\..\..\..\..\components\libraries\util\nrf_assert.c 0x00000000   Number         0  nrf_assert.o ABSOLUTE
    ..\..\..\..\..\..\components\softdevice\common\nrf_sdh.c 0x00000000   Number         0  nrf_sdh.o ABSOLUTE
    ..\..\..\..\..\..\components\softdevice\common\nrf_sdh_ant.c 0x00000000   Number         0  nrf_sdh_ant.o ABSOLUTE
    ..\..\..\ant_async_tx.c                  0x00000000   Number         0  ant_async_tx.o ABSOLUTE
    ..\..\..\main.c                          0x00000000   Number         0  main.o ABSOLUTE
    ..\\..\\..\\..\\..\\..\\components\\ant\\ant_channel_config\\ant_channel_config.c 0x00000000   Number         0  ant_channel_config.o ABSOLUTE
    ..\\..\\..\\..\\..\\..\\components\\ant\\ant_search_config\\ant_search_config.c 0x00000000   Number         0  ant_search_config.o ABSOLUTE
    ..\\..\\..\\..\\..\\..\\components\\ant\\ant_stack_config\\ant_stack_config.c 0x00000000   Number         0  ant_stack_config.o ABSOLUTE
    ..\\..\\..\\..\\..\\..\\components\\boards\\boards.c 0x00000000   Number         0  boards.o ABSOLUTE
    ..\\..\\..\\..\\..\\..\\components\\drivers_nrf\\common\\nrf_drv_common.c 0x00000000   Number         0  nrf_drv_common.o ABSOLUTE
    ..\\..\\..\\..\\..\\..\\components\\drivers_nrf\\gpiote\\nrf_drv_gpiote.c 0x00000000   Number         0  nrf_drv_gpiote.o ABSOLUTE
    ..\\..\\..\\..\\..\\..\\components\\libraries\\balloc\\nrf_balloc.c 0x00000000   Number         0  nrf_balloc.o ABSOLUTE
    ..\\..\\..\\..\\..\\..\\components\\libraries\\bsp\\bsp.c 0x00000000   Number         0  bsp.o ABSOLUTE
    ..\\..\\..\\..\\..\\..\\components\\libraries\\bsp\\bsp_nfc.c 0x00000000   Number         0  bsp_nfc.o ABSOLUTE
    ..\\..\\..\\..\\..\\..\\components\\libraries\\button\\app_button.c 0x00000000   Number         0  app_button.o ABSOLUTE
    ..\\..\\..\\..\\..\\..\\components\\libraries\\experimental_log\\src\\nrf_log_frontend.c 0x00000000   Number         0  nrf_log_frontend.o ABSOLUTE
    ..\\..\\..\\..\\..\\..\\components\\libraries\\experimental_memobj\\nrf_memobj.c 0x00000000   Number         0  nrf_memobj.o ABSOLUTE
    ..\\..\\..\\..\\..\\..\\components\\libraries\\experimental_section_vars\\nrf_section_iter.c 0x00000000   Number         0  nrf_section_iter.o ABSOLUTE
    ..\\..\\..\\..\\..\\..\\components\\libraries\\hardfault\\hardfault_implementation.c 0x00000000   Number         0  hardfault_implementation.o ABSOLUTE
    ..\\..\\..\\..\\..\\..\\components\\libraries\\hardfault\\nrf52\\handler\\hardfault_handler_keil.c 0x00000000   Number         0  hardfault_handler_keil.o ABSOLUTE
    ..\\..\\..\\..\\..\\..\\components\\libraries\\pwr_mgmt\\nrf_pwr_mgmt.c 0x00000000   Number         0  nrf_pwr_mgmt.o ABSOLUTE
    ..\\..\\..\\..\\..\\..\\components\\libraries\\scheduler\\app_scheduler.c 0x00000000   Number         0  app_scheduler.o ABSOLUTE
    ..\\..\\..\\..\\..\\..\\components\\libraries\\strerror\\nrf_strerror.c 0x00000000   Number         0  nrf_strerror.o ABSOLUTE
    ..\\..\\..\\..\\..\\..\\components\\libraries\\timer\\app_timer.c 0x00000000   Number         0  app_timer.o ABSOLUTE
    ..\\..\\..\\..\\..\\..\\components\\libraries\\util\\app_error.c 0x00000000   Number         0  app_error.o ABSOLUTE
    ..\\..\\..\\..\\..\\..\\components\\libraries\\util\\app_error_weak.c 0x00000000   Number         0  app_error_weak.o ABSOLUTE
    ..\\..\\..\\..\\..\\..\\components\\libraries\\util\\app_util_platform.c 0x00000000   Number         0  app_util_platform.o ABSOLUTE
    ..\\..\\..\\..\\..\\..\\components\\libraries\\util\\nrf_assert.c 0x00000000   Number         0  nrf_assert.o ABSOLUTE
    ..\\..\\..\\..\\..\\..\\components\\softdevice\\common\\nrf_sdh.c 0x00000000   Number         0  nrf_sdh.o ABSOLUTE
    ..\\..\\..\\..\\..\\..\\components\\softdevice\\common\\nrf_sdh_ant.c 0x00000000   Number         0  nrf_sdh_ant.o ABSOLUTE
    ..\\..\\..\\ant_async_tx.c               0x00000000   Number         0  ant_async_tx.o ABSOLUTE
    ..\\..\\..\\main.c                       0x00000000   Number         0  main.o ABSOLUTE
    RTE\Device\nRF52832_xxAA\arm_startup_nrf52.s 0x00000000   Number         0  arm_startup_nrf52.o ABSOLUTE
    RTE\Device\nRF52832_xxAA\system_nrf52.c  0x00000000   Number         0  system_nrf52.o ABSOLUTE
    RTE\\Device\\nRF52832_xxAA\\system_nrf52.c 0x00000000   Number         0  system_nrf52.o ABSOLUTE
    dc.s                                     0x00000000   Number         0  dc.o ABSOLUTE
    handlers.s                               0x00000000   Number         0  handlers.o ABSOLUTE
    init.s                                   0x00000000   Number         0  init.o ABSOLUTE
    RESET                                    0x00012000   Section      512  arm_startup_nrf52.o(RESET)
    .ARM.Collect$$$$00000000                 0x00012200   Section        0  entry.o(.ARM.Collect$$$$00000000)
    .ARM.Collect$$$$00000001                 0x00012200   Section        4  entry2.o(.ARM.Collect$$$$00000001)
    .ARM.Collect$$$$00000004                 0x00012204   Section        4  entry5.o(.ARM.Collect$$$$00000004)
    .ARM.Collect$$$$00000008                 0x00012208   Section        0  entry7b.o(.ARM.Collect$$$$00000008)
    .ARM.Collect$$$$0000000A                 0x00012208   Section        0  entry8b.o(.ARM.Collect$$$$0000000A)
    .ARM.Collect$$$$0000000B                 0x00012208   Section        8  entry9a.o(.ARM.Collect$$$$0000000B)
    .ARM.Collect$$$$0000000D                 0x00012210   Section        0  entry10a.o(.ARM.Collect$$$$0000000D)
    .ARM.Collect$$$$0000000F                 0x00012210   Section        0  entry11a.o(.ARM.Collect$$$$0000000F)
    .ARM.Collect$$$$00002712                 0x00012210   Section        4  entry2.o(.ARM.Collect$$$$00002712)
    __lit__00000000                          0x00012210   Data           4  entry2.o(.ARM.Collect$$$$00002712)
    .emb_text                                0x00012214   Section       52  hardfault_handler_keil.o(.emb_text)
    $v0                                      0x00012214   Number         0  hardfault_handler_keil.o(.emb_text)
    .text                                    0x00012248   Section       36  arm_startup_nrf52.o(.text)
    $v0                                      0x00012248   Number         0  arm_startup_nrf52.o(.text)
    .text                                    0x0001226c   Section        0  uldiv.o(.text)
    .text                                    0x000122ce   Section        0  llshl.o(.text)
    .text                                    0x000122ec   Section        0  llushr.o(.text)
    .text                                    0x0001230c   Section       36  init.o(.text)
    i.GPIOTE_IRQHandler                      0x00012330   Section        0  nrf_drv_gpiote.o(i.GPIOTE_IRQHandler)
    i.HardFault_c_handler                    0x000124a4   Section        0  hardfault_implementation.o(i.HardFault_c_handler)
    i.HardFault_process                      0x000124a8   Section        0  hardfault_implementation.o(i.HardFault_process)
    i.NVIC_ClearPendingIRQ                   0x000124cc   Section        0  app_timer.o(i.NVIC_ClearPendingIRQ)
    NVIC_ClearPendingIRQ                     0x000124cd   Thumb Code    22  app_timer.o(i.NVIC_ClearPendingIRQ)
    i.NVIC_EnableIRQ                         0x000124e2   Section        0  app_timer.o(i.NVIC_EnableIRQ)
    NVIC_EnableIRQ                           0x000124e3   Thumb Code    22  app_timer.o(i.NVIC_EnableIRQ)
    i.NVIC_SetPendingIRQ                     0x000124f8   Section        0  app_timer.o(i.NVIC_SetPendingIRQ)
    NVIC_SetPendingIRQ                       0x000124f9   Thumb Code    22  app_timer.o(i.NVIC_SetPendingIRQ)
    i.NVIC_SetPriority                       0x0001250e   Section        0  app_timer.o(i.NVIC_SetPriority)
    NVIC_SetPriority                         0x0001250f   Thumb Code    32  app_timer.o(i.NVIC_SetPriority)
    i.RTC1_IRQHandler                        0x00012530   Section        0  app_timer.o(i.RTC1_IRQHandler)
    i.SWI0_EGU0_IRQHandler                   0x00012554   Section        0  app_timer.o(i.SWI0_EGU0_IRQHandler)
    i.SWI2_EGU2_IRQHandler                   0x00012558   Section        0  nrf_sdh.o(i.SWI2_EGU2_IRQHandler)
    i.SystemInit                             0x0001255c   Section        0  system_nrf52.o(i.SystemInit)
    i.__scatterload_copy                     0x00012858   Section       14  handlers.o(i.__scatterload_copy)
    i.__scatterload_null                     0x00012866   Section        2  handlers.o(i.__scatterload_null)
    i.__scatterload_zeroinit                 0x00012868   Section       14  handlers.o(i.__scatterload_zeroinit)
    i.__sd_nvic_app_accessible_irq           0x00012878   Section        0  nrf_sdh.o(i.__sd_nvic_app_accessible_irq)
    __sd_nvic_app_accessible_irq             0x00012879   Thumb Code    32  nrf_sdh.o(i.__sd_nvic_app_accessible_irq)
    i.__sd_nvic_is_app_accessible_priority   0x0001289c   Section        0  nrf_sdh.o(i.__sd_nvic_is_app_accessible_priority)
    __sd_nvic_is_app_accessible_priority     0x0001289d   Thumb Code    22  nrf_sdh.o(i.__sd_nvic_is_app_accessible_priority)
    i.alert_timer_handler                    0x000128b2   Section        0  bsp.o(i.alert_timer_handler)
    alert_timer_handler                      0x000128b3   Thumb Code     6  bsp.o(i.alert_timer_handler)
    i.ant_async_tx_bsp_evt_handler           0x000128b8   Section        0  ant_async_tx.o(i.ant_async_tx_bsp_evt_handler)
    i.ant_async_tx_event_handler             0x000128e0   Section        0  ant_async_tx.o(i.ant_async_tx_event_handler)
    i.ant_async_tx_setup                     0x0001295c   Section        0  ant_async_tx.o(i.ant_async_tx_setup)
    i.ant_channel_init                       0x000129a4   Section        0  ant_channel_config.o(i.ant_channel_init)
    i.app_button_enable                      0x000129e0   Section        0  app_button.o(i.app_button_enable)
    i.app_button_init                        0x00012a04   Section        0  app_button.o(i.app_button_init)
    i.app_error_fault_handler                0x00012a74   Section        0  app_error_weak.o(i.app_error_fault_handler)
    i.app_error_handler_bare                 0x00012aa4   Section        0  app_error.o(i.app_error_handler_bare)
    i.app_timer_create                       0x00012abc   Section        0  app_timer.o(i.app_timer_create)
    i.app_timer_init                         0x00012ae4   Section        0  app_timer.o(i.app_timer_init)
    i.app_timer_start                        0x00012b38   Section        0  app_timer.o(i.app_timer_start)
    i.app_timer_stop                         0x00012bc0   Section        0  app_timer.o(i.app_timer_stop)
    i.app_util_critical_region_enter         0x00012be0   Section        0  app_util_platform.o(i.app_util_critical_region_enter)
    i.app_util_critical_region_exit          0x00012c28   Section        0  app_util_platform.o(i.app_util_critical_region_exit)
    i.async_command_send                     0x00012c5c   Section        0  ant_async_tx.o(i.async_command_send)
    async_command_send                       0x00012c5d   Thumb Code    38  ant_async_tx.o(i.async_command_send)
    i.backoff_timer_evt_handler              0x00012c88   Section        0  ant_async_tx.o(i.backoff_timer_evt_handler)
    backoff_timer_evt_handler                0x00012c89   Thumb Code     4  ant_async_tx.o(i.backoff_timer_evt_handler)
    i.bsp_board_led_invert                   0x00012c8c   Section        0  boards.o(i.bsp_board_led_invert)
    i.bsp_board_led_off                      0x00012cb0   Section        0  boards.o(i.bsp_board_led_off)
    i.bsp_board_led_on                       0x00012cc0   Section        0  boards.o(i.bsp_board_led_on)
    i.bsp_board_led_state_get                0x00012cd0   Section        0  boards.o(i.bsp_board_led_state_get)
    i.bsp_board_leds_init                    0x00012cf0   Section        0  boards.o(i.bsp_board_leds_init)
    i.bsp_board_leds_off                     0x00012d1c   Section        0  boards.o(i.bsp_board_leds_off)
    i.bsp_board_leds_on                      0x00012d2e   Section        0  boards.o(i.bsp_board_leds_on)
    i.bsp_board_pin_to_button_idx            0x00012d40   Section        0  boards.o(i.bsp_board_pin_to_button_idx)
    i.bsp_button_event_handler               0x00012d64   Section        0  bsp.o(i.bsp_button_event_handler)
    bsp_button_event_handler                 0x00012d65   Thumb Code   132  bsp.o(i.bsp_button_event_handler)
    i.bsp_event_to_button_action_assign      0x00012df4   Section        0  bsp.o(i.bsp_event_to_button_action_assign)
    i.bsp_init                               0x00012e38   Section        0  bsp.o(i.bsp_init)
    i.bsp_led_indication                     0x00012ecc   Section        0  bsp.o(i.bsp_led_indication)
    bsp_led_indication                       0x00012ecd   Thumb Code   432  bsp.o(i.bsp_led_indication)
    i.button_timer_handler                   0x00013084   Section        0  bsp.o(i.button_timer_handler)
    button_timer_handler                     0x00013085   Thumb Code     8  bsp.o(i.button_timer_handler)
    i.channel_free                           0x0001308c   Section        0  nrf_drv_gpiote.o(i.channel_free)
    channel_free                             0x0001308d   Thumb Code    22  nrf_drv_gpiote.o(i.channel_free)
    i.channel_port_alloc                     0x000130a8   Section        0  nrf_drv_gpiote.o(i.channel_port_alloc)
    channel_port_alloc                       0x000130a9   Thumb Code    66  nrf_drv_gpiote.o(i.channel_port_alloc)
    i.channel_port_get                       0x000130f0   Section        0  nrf_drv_gpiote.o(i.channel_port_get)
    channel_port_get                         0x000130f1   Thumb Code    10  nrf_drv_gpiote.o(i.channel_port_get)
    i.compare_reg_update                     0x00013100   Section        0  app_timer.o(i.compare_reg_update)
    compare_reg_update                       0x00013101   Thumb Code   160  app_timer.o(i.compare_reg_update)
    i.detection_delay_timeout_handler        0x000131ac   Section        0  app_button.o(i.detection_delay_timeout_handler)
    detection_delay_timeout_handler          0x000131ad   Thumb Code    92  app_button.o(i.detection_delay_timeout_handler)
    i.elapsed_ticks_acquire                  0x0001320c   Section        0  app_timer.o(i.elapsed_ticks_acquire)
    elapsed_ticks_acquire                    0x0001320d   Thumb Code    58  app_timer.o(i.elapsed_ticks_acquire)
    i.gpiote_event_handler                   0x0001324c   Section        0  app_button.o(i.gpiote_event_handler)
    gpiote_event_handler                     0x0001324d   Thumb Code    78  app_button.o(i.gpiote_event_handler)
    i.leds_off                               0x000132a4   Section        0  bsp.o(i.leds_off)
    leds_off                                 0x000132a5   Thumb Code    42  bsp.o(i.leds_off)
    i.leds_timer_handler                     0x000132d4   Section        0  bsp.o(i.leds_timer_handler)
    leds_timer_handler                       0x000132d5   Thumb Code    16  bsp.o(i.leds_timer_handler)
    i.list_insertions_handler                0x000132e8   Section        0  app_timer.o(i.list_insertions_handler)
    list_insertions_handler                  0x000132e9   Thumb Code   234  app_timer.o(i.list_insertions_handler)
    i.main                                   0x000133e0   Section        0  main.o(i.main)
    i.nrf_bitmask_bit_is_set                 0x00013428   Section        0  nrf_drv_gpiote.o(i.nrf_bitmask_bit_is_set)
    nrf_bitmask_bit_is_set                   0x00013429   Thumb Code    16  nrf_drv_gpiote.o(i.nrf_bitmask_bit_is_set)
    i.nrf_delay_us                           0x00013438   Section        0  app_timer.o(i.nrf_delay_us)
    nrf_delay_us                             0x00013439   Thumb Code   132  app_timer.o(i.nrf_delay_us)
    i.nrf_drv_common_irq_enable              0x000134c4   Section        0  nrf_drv_common.o(i.nrf_drv_common_irq_enable)
    i.nrf_drv_gpiote_in_event_enable         0x000134fc   Section        0  nrf_drv_gpiote.o(i.nrf_drv_gpiote_in_event_enable)
    i.nrf_drv_gpiote_in_init                 0x000135a0   Section        0  nrf_drv_gpiote.o(i.nrf_drv_gpiote_in_init)
    i.nrf_drv_gpiote_in_is_set               0x00013658   Section        0  nrf_drv_gpiote.o(i.nrf_drv_gpiote_in_is_set)
    i.nrf_drv_gpiote_init                    0x0001366c   Section        0  nrf_drv_gpiote.o(i.nrf_drv_gpiote_init)
    i.nrf_drv_gpiote_is_init                 0x000136c8   Section        0  nrf_drv_gpiote.o(i.nrf_drv_gpiote_is_init)
    i.nrf_gpio_cfg                           0x000136dc   Section        0  boards.o(i.nrf_gpio_cfg)
    nrf_gpio_cfg                             0x000136dd   Thumb Code    36  boards.o(i.nrf_gpio_cfg)
    i.nrf_gpio_cfg                           0x00013700   Section        0  nrf_drv_gpiote.o(i.nrf_gpio_cfg)
    nrf_gpio_cfg                             0x00013701   Thumb Code    36  nrf_drv_gpiote.o(i.nrf_gpio_cfg)
    i.nrf_gpio_cfg_sense_set                 0x00013724   Section        0  nrf_drv_gpiote.o(i.nrf_gpio_cfg_sense_set)
    nrf_gpio_cfg_sense_set                   0x00013725   Thumb Code    34  nrf_drv_gpiote.o(i.nrf_gpio_cfg_sense_set)
    i.nrf_gpio_pin_write                     0x00013746   Section        0  boards.o(i.nrf_gpio_pin_write)
    nrf_gpio_pin_write                       0x00013747   Thumb Code    22  boards.o(i.nrf_gpio_pin_write)
    i.nrf_gpio_ports_read                    0x0001375c   Section        0  nrf_drv_gpiote.o(i.nrf_gpio_ports_read)
    nrf_gpio_ports_read                      0x0001375d   Thumb Code    34  nrf_drv_gpiote.o(i.nrf_gpio_ports_read)
    i.nrf_gpiote_event_clear                 0x00013784   Section        0  nrf_drv_gpiote.o(i.nrf_gpiote_event_clear)
    nrf_gpiote_event_clear                   0x00013785   Thumb Code    16  nrf_drv_gpiote.o(i.nrf_gpiote_event_clear)
    i.nrf_gpiote_event_is_set                0x00013798   Section        0  nrf_drv_gpiote.o(i.nrf_gpiote_event_is_set)
    nrf_gpiote_event_is_set                  0x00013799   Thumb Code    12  nrf_drv_gpiote.o(i.nrf_gpiote_event_is_set)
    i.nrf_pwr_mgmt_init                      0x000137a8   Section        0  nrf_pwr_mgmt.o(i.nrf_pwr_mgmt_init)
    i.nrf_pwr_mgmt_run                       0x000137d0   Section        0  nrf_pwr_mgmt.o(i.nrf_pwr_mgmt_run)
    i.nrf_sdh_ant_enable                     0x00013814   Section        0  nrf_sdh_ant.o(i.nrf_sdh_ant_enable)
    i.nrf_sdh_ant_evts_poll                  0x00013828   Section        0  nrf_sdh_ant.o(i.nrf_sdh_ant_evts_poll)
    nrf_sdh_ant_evts_poll                    0x00013829   Thumb Code    70  nrf_sdh_ant.o(i.nrf_sdh_ant_evts_poll)
    i.nrf_sdh_enable_request                 0x00013874   Section        0  nrf_sdh.o(i.nrf_sdh_enable_request)
    i.nrf_sdh_evts_poll                      0x0001390c   Section        0  nrf_sdh.o(i.nrf_sdh_evts_poll)
    i.nrf_sdh_is_enabled                     0x00013930   Section        0  nrf_sdh.o(i.nrf_sdh_is_enabled)
    i.nrf_section_iter_init                  0x0001393c   Section        0  nrf_section_iter.o(i.nrf_section_iter_init)
    i.nrf_section_iter_item_set              0x00013946   Section        0  nrf_section_iter.o(i.nrf_section_iter_item_set)
    nrf_section_iter_item_set                0x00013947   Thumb Code    36  nrf_section_iter.o(i.nrf_section_iter_item_set)
    i.nrf_section_iter_next                  0x0001396a   Section        0  nrf_section_iter.o(i.nrf_section_iter_next)
    i.pin_in_use_by_port                     0x0001398c   Section        0  nrf_drv_gpiote.o(i.pin_in_use_by_port)
    pin_in_use_by_port                       0x0001398d   Thumb Code    20  nrf_drv_gpiote.o(i.pin_in_use_by_port)
    i.pin_in_use_by_te                       0x000139a4   Section        0  nrf_drv_gpiote.o(i.pin_in_use_by_te)
    pin_in_use_by_te                         0x000139a5   Thumb Code    20  nrf_drv_gpiote.o(i.pin_in_use_by_te)
    i.retry_perform                          0x000139bc   Section        0  ant_async_tx.o(i.retry_perform)
    retry_perform                            0x000139bd   Thumb Code    36  ant_async_tx.o(i.retry_perform)
    i.rtc1_stop                              0x000139e4   Section        0  app_timer.o(i.rtc1_stop)
    rtc1_stop                                0x000139e5   Thumb Code    52  app_timer.o(i.rtc1_stop)
    i.sd_nvic_SetPriority                    0x00013a20   Section        0  nrf_sdh.o(i.sd_nvic_SetPriority)
    sd_nvic_SetPriority                      0x00013a21   Thumb Code    66  nrf_sdh.o(i.sd_nvic_SetPriority)
    i.sdh_request_observer_notify            0x00013a64   Section        0  nrf_sdh.o(i.sdh_request_observer_notify)
    sdh_request_observer_notify              0x00013a65   Thumb Code    44  nrf_sdh.o(i.sdh_request_observer_notify)
    i.sdh_state_observer_notify              0x00013a94   Section        0  nrf_sdh.o(i.sdh_state_observer_notify)
    sdh_state_observer_notify                0x00013a95   Thumb Code    38  nrf_sdh.o(i.sdh_state_observer_notify)
    i.softdevices_evt_irq_enable             0x00013ac0   Section        0  nrf_sdh.o(i.softdevices_evt_irq_enable)
    softdevices_evt_irq_enable               0x00013ac1   Thumb Code    72  nrf_sdh.o(i.softdevices_evt_irq_enable)
    i.timer_list_handler                     0x00013b10   Section        0  app_timer.o(i.timer_list_handler)
    timer_list_handler                       0x00013b11   Thumb Code   122  app_timer.o(i.timer_list_handler)
    i.timer_list_insert                      0x00013b90   Section        0  app_timer.o(i.timer_list_insert)
    timer_list_insert                        0x00013b91   Thumb Code    56  app_timer.o(i.timer_list_insert)
    i.timer_list_remove                      0x00013bcc   Section        0  app_timer.o(i.timer_list_remove)
    timer_list_remove                        0x00013bcd   Thumb Code    88  app_timer.o(i.timer_list_remove)
    i.timer_stop_op_schedule                 0x00013c2c   Section        0  app_timer.o(i.timer_stop_op_schedule)
    timer_stop_op_schedule                   0x00013c2d   Thumb Code    68  app_timer.o(i.timer_stop_op_schedule)
    i.timer_timeouts_check                   0x00013c74   Section        0  app_timer.o(i.timer_timeouts_check)
    timer_timeouts_check                     0x00013c75   Thumb Code   106  app_timer.o(i.timer_timeouts_check)
    i.user_op_alloc                          0x00013ce8   Section        0  app_timer.o(i.user_op_alloc)
    user_op_alloc                            0x00013ce9   Thumb Code    42  app_timer.o(i.user_op_alloc)
    .constdata                               0x00013d18   Section       16  ant_async_tx.o(.constdata)
    m_backoff_timer                          0x00013d18   Data           4  ant_async_tx.o(.constdata)
    .constdata                               0x00013d28   Section        8  boards.o(.constdata)
    m_board_led_list                         0x00013d28   Data           4  boards.o(.constdata)
    m_board_btn_list                         0x00013d2c   Data           4  boards.o(.constdata)
    .constdata                               0x00013d30   Section       44  bsp.o(.constdata)
    m_leds_timer_id                          0x00013d30   Data           4  bsp.o(.constdata)
    m_alert_timer_id                         0x00013d34   Data           4  bsp.o(.constdata)
    m_button_timer_id                        0x00013d38   Data           4  bsp.o(.constdata)
    app_buttons                              0x00013d3c   Data          32  bsp.o(.constdata)
    .constdata                               0x00013d5c   Section        4  nrf_drv_gpiote.o(.constdata)
    .constdata                               0x00013d60   Section        8  app_button.o(.constdata)
    m_detection_delay_timer_id               0x00013d60   Data           4  app_button.o(.constdata)
    .constdata                               0x00013d68   Section       24  nrf_pwr_mgmt.o(.constdata)
    pwr_mgmt_data_array                      0x00013d68   Data          24  nrf_pwr_mgmt.o(.constdata)
    .constdata                               0x00013d80   Section       12  nrf_pwr_mgmt.o(.constdata)
    pwr_mgmt_data                            0x00013d80   Data          12  nrf_pwr_mgmt.o(.constdata)
    .constdata                               0x00013d8c   Section       16  nrf_sdh.o(.constdata)
    sdh_req_observers_array                  0x00013d8c   Data          16  nrf_sdh.o(.constdata)
    .constdata                               0x00013d9c   Section       40  nrf_sdh.o(.constdata)
    sdh_req_observers                        0x00013da0   Data          12  nrf_sdh.o(.constdata)
    sdh_state_observers                      0x00013dac   Data          12  nrf_sdh.o(.constdata)
    sdh_stack_observers                      0x00013db8   Data          12  nrf_sdh.o(.constdata)
    .constdata                               0x00013dc4   Section       16  nrf_sdh.o(.constdata)
    sdh_state_observers_array                0x00013dc4   Data          16  nrf_sdh.o(.constdata)
    .constdata                               0x00013dd4   Section       16  nrf_sdh.o(.constdata)
    sdh_stack_observers_array                0x00013dd4   Data          16  nrf_sdh.o(.constdata)
    .constdata                               0x00013de4   Section       16  nrf_sdh_ant.o(.constdata)
    sdh_ant_observers_array                  0x00013de4   Data          16  nrf_sdh_ant.o(.constdata)
    .constdata                               0x00013df4   Section       24  nrf_sdh_ant.o(.constdata)
    sdh_ant_observers                        0x00013df4   Data          12  nrf_sdh_ant.o(.constdata)
    sdh_ant_observers1                       0x00013e2c   Section        8  ant_async_tx.o(sdh_ant_observers1)
    __tagsym$$used                           0x00013e2c   Number         0  ant_async_tx.o(sdh_ant_observers1)
    m_ant_observer                           0x00013e2c   Data           8  ant_async_tx.o(sdh_ant_observers1)
    sdh_stack_observers0                     0x00013e34   Section        8  nrf_sdh_ant.o(sdh_stack_observers0)
    __tagsym$$used                           0x00013e34   Number         0  nrf_sdh_ant.o(sdh_stack_observers0)
    m_nrf_sdh_ant_evts_poll                  0x00013e34   Data           8  nrf_sdh_ant.o(sdh_stack_observers0)
    .data                                    0x20000b80   Section       10  ant_async_tx.o(.data)
    m_retries                                0x20000b80   Data           1  ant_async_tx.o(.data)
    m_sequence_number                        0x20000b81   Data           1  ant_async_tx.o(.data)
    m_cmd_tx_buffer                          0x20000b82   Data           8  ant_async_tx.o(.data)
    .data                                    0x20000b8c   Section       16  bsp.o(.data)
    m_stable_state                           0x20000b8c   Data           1  bsp.o(.data)
    m_leds_clear                             0x20000b8d   Data           1  bsp.o(.data)
    m_alert_on                               0x20000b8e   Data           1  bsp.o(.data)
    current_long_push_pin_no                 0x20000b8f   Data           1  bsp.o(.data)
    m_indication_type                        0x20000b90   Data           4  bsp.o(.data)
    m_registered_callback                    0x20000b94   Data           4  bsp.o(.data)
    release_event_at_push                    0x20000b98   Data           4  bsp.o(.data)
    .data                                    0x20000b9c   Section       20  app_button.o(.data)
    m_button_count                           0x20000b9c   Data           1  app_button.o(.data)
    mp_buttons                               0x20000ba0   Data           4  app_button.o(.data)
    m_detection_delay                        0x20000ba4   Data           4  app_button.o(.data)
    m_pin_state                              0x20000ba8   Data           4  app_button.o(.data)
    m_pin_transition                         0x20000bac   Data           4  app_button.o(.data)
    .data                                    0x20000bb0   Section       20  app_timer.o(.data)
    m_ticks_elapsed_q_read_ind               0x20000bb0   Data           1  app_timer.o(.data)
    m_ticks_elapsed_q_write_ind              0x20000bb1   Data           1  app_timer.o(.data)
    m_rtc1_running                           0x20000bb2   Data           1  app_timer.o(.data)
    m_rtc1_reset                             0x20000bb3   Data           1  app_timer.o(.data)
    mp_timer_id_head                         0x20000bb4   Data           4  app_timer.o(.data)
    m_ticks_latest                           0x20000bb8   Data           4  app_timer.o(.data)
    m_ticks_elapsed                          0x20000bbc   Data           8  app_timer.o(.data)
    .data                                    0x20000bc4   Section        8  nrf_pwr_mgmt.o(.data)
    m_pwr_mgmt_evt                           0x20000bc4   Data           1  nrf_pwr_mgmt.o(.data)
    m_shutdown_started                       0x20000bc5   Data           1  nrf_pwr_mgmt.o(.data)
    m_sysoff_mtx                             0x20000bc8   Data           4  nrf_pwr_mgmt.o(.data)
    .data                                    0x20000bcc   Section        3  nrf_sdh.o(.data)
    m_nrf_sdh_enabled                        0x20000bcc   Data           1  nrf_sdh.o(.data)
    m_nrf_sdh_suspended                      0x20000bcd   Data           1  nrf_sdh.o(.data)
    m_nrf_sdh_continue                       0x20000bce   Data           1  nrf_sdh.o(.data)
    .data                                    0x20000bd0   Section        4  system_nrf52.o(.data)
    __tagsym$$used                           0x20000bd0   Number         0  system_nrf52.o(.data)
    .bss                                     0x20000bd4   Section       32  ant_async_tx.o(.bss)
    m_backoff_timer_data                     0x20000bd4   Data          32  ant_async_tx.o(.bss)
    .bss                                     0x20000bf4   Section       32  bsp.o(.bss)
    m_leds_timer_id_data                     0x20000bf4   Data          32  bsp.o(.bss)
    .bss                                     0x20000c14   Section       32  bsp.o(.bss)
    m_alert_timer_id_data                    0x20000c14   Data          32  bsp.o(.bss)
    .bss                                     0x20000c34   Section       12  bsp.o(.bss)
    m_events_list                            0x20000c34   Data          12  bsp.o(.bss)
    .bss                                     0x20000c40   Section       32  bsp.o(.bss)
    m_button_timer_id_data                   0x20000c40   Data          32  bsp.o(.bss)
    .bss                                     0x20000c60   Section       88  nrf_drv_gpiote.o(.bss)
    m_cb                                     0x20000c60   Data          88  nrf_drv_gpiote.o(.bss)
    .bss                                     0x20000cb8   Section       32  app_button.o(.bss)
    m_detection_delay_timer_id_data          0x20000cb8   Data          32  app_button.o(.bss)
    .bss                                     0x20000cd8   Section      268  app_timer.o(.bss)
    m_op_queue                               0x20000cd8   Data         268  app_timer.o(.bss)
    .bss                                     0x20000de4   Section       12  app_util_platform.o(.bss)
    .bss                                     0x20000df0   Section       12  nrf_pwr_mgmt.o(.bss)
    m_handlers_iter                          0x20000df0   Data          12  nrf_pwr_mgmt.o(.bss)
    .bss                                     0x20000dfc   Section      128  nrf_sdh_ant.o(.bss)
    m_ant_stack_buffer                       0x20000dfc   Data         128  nrf_sdh_ant.o(.bss)
    STACK                                    0x20000e80   Section     8192  arm_startup_nrf52.o(STACK)

    Global Symbols

    Symbol Name                              Value     Ov Type        Size  Object(Section)

    BuildAttributes$$THM_ISAv4$E$P$D$K$B$S$7EM$VFPi3$EXTD16$VFPS$VFMA$PE$A:L22UL41UL21$X:L11$S22US41US21$IEEE1$IW$USESV6$~STKCKD$USESV7$~SHL$OSPACE$EBA8$MICROLIB$REQ8$PRES8$EABIv2 0x00000000   Number         0  anon$$obj.o ABSOLUTE
    __ARM_use_no_argv                        0x00000000   Number         0  main.o ABSOLUTE
    __cpp_initialize__aeabi_                  - Undefined Weak Reference
    __cxa_finalize                            - Undefined Weak Reference
    __decompress                              - Undefined Weak Reference
    _clock_init                               - Undefined Weak Reference
    _microlib_exit                            - Undefined Weak Reference
    pwr_mgmt_data0$$Base                      - Undefined Reference
    pwr_mgmt_data0$$Limit                     - Undefined Reference
    pwr_mgmt_data1$$Base                      - Undefined Reference
    pwr_mgmt_data1$$Limit                     - Undefined Reference
    pwr_mgmt_data2$$Base                      - Undefined Reference
    pwr_mgmt_data2$$Limit                     - Undefined Reference
    sdh_ant_observers0$$Base                  - Undefined Reference
    sdh_ant_observers0$$Limit                 - Undefined Reference
    sdh_req_observers0$$Base                  - Undefined Reference
    sdh_req_observers0$$Limit                 - Undefined Reference
    sdh_req_observers1$$Base                  - Undefined Reference
    sdh_req_observers1$$Limit                 - Undefined Reference
    sdh_stack_observers1$$Base                - Undefined Reference
    sdh_stack_observers1$$Limit               - Undefined Reference
    sdh_state_observers0$$Base                - Undefined Reference
    sdh_state_observers0$$Limit               - Undefined Reference
    sdh_state_observers1$$Base                - Undefined Reference
    sdh_state_observers1$$Limit               - Undefined Reference
    __Vectors_Size                           0x00000200   Number         0  arm_startup_nrf52.o ABSOLUTE
    __Vectors                                0x00012000   Data           4  arm_startup_nrf52.o(RESET)
    __Vectors_End                            0x00012200   Data           0  arm_startup_nrf52.o(RESET)
    __main                                   0x00012201   Thumb Code     0  entry.o(.ARM.Collect$$$$00000000)
    _main_stk                                0x00012201   Thumb Code     0  entry2.o(.ARM.Collect$$$$00000001)
    _main_scatterload                        0x00012205   Thumb Code     0  entry5.o(.ARM.Collect$$$$00000004)
    __main_after_scatterload                 0x00012209   Thumb Code     0  entry5.o(.ARM.Collect$$$$00000004)
    _main_clock                              0x00012209   Thumb Code     0  entry7b.o(.ARM.Collect$$$$00000008)
    _main_cpp_init                           0x00012209   Thumb Code     0  entry8b.o(.ARM.Collect$$$$0000000A)
    _main_init                               0x00012209   Thumb Code     0  entry9a.o(.ARM.Collect$$$$0000000B)
    __rt_final_cpp                           0x00012211   Thumb Code     0  entry10a.o(.ARM.Collect$$$$0000000D)
    __rt_final_exit                          0x00012211   Thumb Code     0  entry11a.o(.ARM.Collect$$$$0000000F)
    HardFault_Handler                        0x00012215   Thumb Code    40  hardfault_handler_keil.o(.emb_text)
    Reset_Handler                            0x00012249   Thumb Code     8  arm_startup_nrf52.o(.text)
    NMI_Handler                              0x00012251   Thumb Code     2  arm_startup_nrf52.o(.text)
    MemoryManagement_Handler                 0x00012255   Thumb Code     2  arm_startup_nrf52.o(.text)
    BusFault_Handler                         0x00012257   Thumb Code     2  arm_startup_nrf52.o(.text)
    UsageFault_Handler                       0x00012259   Thumb Code     2  arm_startup_nrf52.o(.text)
    SVC_Handler                              0x0001225b   Thumb Code     2  arm_startup_nrf52.o(.text)
    DebugMon_Handler                         0x0001225d   Thumb Code     2  arm_startup_nrf52.o(.text)
    PendSV_Handler                           0x0001225f   Thumb Code     2  arm_startup_nrf52.o(.text)
    SysTick_Handler                          0x00012261   Thumb Code     2  arm_startup_nrf52.o(.text)
    CCM_AAR_IRQHandler                       0x00012263   Thumb Code     0  arm_startup_nrf52.o(.text)
    COMP_LPCOMP_IRQHandler                   0x00012263   Thumb Code     0  arm_startup_nrf52.o(.text)
    ECB_IRQHandler                           0x00012263   Thumb Code     0  arm_startup_nrf52.o(.text)
    FPU_IRQHandler                           0x00012263   Thumb Code     0  arm_startup_nrf52.o(.text)
    I2S_IRQHandler                           0x00012263   Thumb Code     0  arm_startup_nrf52.o(.text)
    MWU_IRQHandler                           0x00012263   Thumb Code     0  arm_startup_nrf52.o(.text)
    NFCT_IRQHandler                          0x00012263   Thumb Code     0  arm_startup_nrf52.o(.text)
    PDM_IRQHandler                           0x00012263   Thumb Code     0  arm_startup_nrf52.o(.text)
    POWER_CLOCK_IRQHandler                   0x00012263   Thumb Code     0  arm_startup_nrf52.o(.text)
    PWM0_IRQHandler                          0x00012263   Thumb Code     0  arm_startup_nrf52.o(.text)
    PWM1_IRQHandler                          0x00012263   Thumb Code     0  arm_startup_nrf52.o(.text)
    PWM2_IRQHandler                          0x00012263   Thumb Code     0  arm_startup_nrf52.o(.text)
    QDEC_IRQHandler                          0x00012263   Thumb Code     0  arm_startup_nrf52.o(.text)
    RADIO_IRQHandler                         0x00012263   Thumb Code     0  arm_startup_nrf52.o(.text)
    RNG_IRQHandler                           0x00012263   Thumb Code     0  arm_startup_nrf52.o(.text)
    RTC0_IRQHandler                          0x00012263   Thumb Code     0  arm_startup_nrf52.o(.text)
    RTC2_IRQHandler                          0x00012263   Thumb Code     0  arm_startup_nrf52.o(.text)
    SAADC_IRQHandler                         0x00012263   Thumb Code     0  arm_startup_nrf52.o(.text)
    SPIM0_SPIS0_TWIM0_TWIS0_SPI0_TWI0_IRQHandler 0x00012263   Thumb Code     0  arm_startup_nrf52.o(.text)
    SPIM1_SPIS1_TWIM1_TWIS1_SPI1_TWI1_IRQHandler 0x00012263   Thumb Code     0  arm_startup_nrf52.o(.text)
    SPIM2_SPIS2_SPI2_IRQHandler              0x00012263   Thumb Code     0  arm_startup_nrf52.o(.text)
    SWI1_EGU1_IRQHandler                     0x00012263   Thumb Code     0  arm_startup_nrf52.o(.text)
    SWI3_EGU3_IRQHandler                     0x00012263   Thumb Code     0  arm_startup_nrf52.o(.text)
    SWI4_EGU4_IRQHandler                     0x00012263   Thumb Code     0  arm_startup_nrf52.o(.text)
    SWI5_EGU5_IRQHandler                     0x00012263   Thumb Code     0  arm_startup_nrf52.o(.text)
    TEMP_IRQHandler                          0x00012263   Thumb Code     0  arm_startup_nrf52.o(.text)
    TIMER0_IRQHandler                        0x00012263   Thumb Code     0  arm_startup_nrf52.o(.text)
    TIMER1_IRQHandler                        0x00012263   Thumb Code     0  arm_startup_nrf52.o(.text)
    TIMER2_IRQHandler                        0x00012263   Thumb Code     0  arm_startup_nrf52.o(.text)
    TIMER3_IRQHandler                        0x00012263   Thumb Code     0  arm_startup_nrf52.o(.text)
    TIMER4_IRQHandler                        0x00012263   Thumb Code     0  arm_startup_nrf52.o(.text)
    UARTE0_UART0_IRQHandler                  0x00012263   Thumb Code     0  arm_startup_nrf52.o(.text)
    WDT_IRQHandler                           0x00012263   Thumb Code     0  arm_startup_nrf52.o(.text)
    __aeabi_uldivmod                         0x0001226d   Thumb Code    98  uldiv.o(.text)
    __aeabi_llsl                             0x000122cf   Thumb Code    30  llshl.o(.text)
    _ll_shift_l                              0x000122cf   Thumb Code     0  llshl.o(.text)
    __aeabi_llsr                             0x000122ed   Thumb Code    32  llushr.o(.text)
    _ll_ushift_r                             0x000122ed   Thumb Code     0  llushr.o(.text)
    __scatterload                            0x0001230d   Thumb Code    28  init.o(.text)
    __scatterload_rt2                        0x0001230d   Thumb Code     0  init.o(.text)
    GPIOTE_IRQHandler                        0x00012331   Thumb Code   362  nrf_drv_gpiote.o(i.GPIOTE_IRQHandler)
    HardFault_c_handler                      0x000124a5   Thumb Code     4  hardfault_implementation.o(i.HardFault_c_handler)
    HardFault_process                        0x000124a9   Thumb Code    26  hardfault_implementation.o(i.HardFault_process)
    RTC1_IRQHandler                          0x00012531   Thumb Code    32  app_timer.o(i.RTC1_IRQHandler)
    SWI0_EGU0_IRQHandler                     0x00012555   Thumb Code     4  app_timer.o(i.SWI0_EGU0_IRQHandler)
    SWI2_EGU2_IRQHandler                     0x00012559   Thumb Code     4  nrf_sdh.o(i.SWI2_EGU2_IRQHandler)
    SystemInit                               0x0001255d   Thumb Code   700  system_nrf52.o(i.SystemInit)
    __scatterload_copy                       0x00012859   Thumb Code    14  handlers.o(i.__scatterload_copy)
    __scatterload_null                       0x00012867   Thumb Code     2  handlers.o(i.__scatterload_null)
    __scatterload_zeroinit                   0x00012869   Thumb Code    14  handlers.o(i.__scatterload_zeroinit)
    ant_async_tx_bsp_evt_handler             0x000128b9   Thumb Code    38  ant_async_tx.o(i.ant_async_tx_bsp_evt_handler)
    ant_async_tx_event_handler               0x000128e1   Thumb Code   116  ant_async_tx.o(i.ant_async_tx_event_handler)
    ant_async_tx_setup                       0x0001295d   Thumb Code    60  ant_async_tx.o(i.ant_async_tx_setup)
    ant_channel_init                         0x000129a5   Thumb Code    60  ant_channel_config.o(i.ant_channel_init)
    app_button_enable                        0x000129e1   Thumb Code    32  app_button.o(i.app_button_enable)
    app_button_init                          0x00012a05   Thumb Code    96  app_button.o(i.app_button_init)
    app_error_fault_handler                  0x00012a75   Thumb Code    38  app_error_weak.o(i.app_error_fault_handler)
    app_error_handler_bare                   0x00012aa5   Thumb Code    22  app_error.o(i.app_error_handler_bare)
    app_timer_create                         0x00012abd   Thumb Code    36  app_timer.o(i.app_timer_create)
    app_timer_init                           0x00012ae5   Thumb Code    70  app_timer.o(i.app_timer_init)
    app_timer_start                          0x00012b39   Thumb Code   128  app_timer.o(i.app_timer_start)
    app_timer_stop                           0x00012bc1   Thumb Code    26  app_timer.o(i.app_timer_stop)
    app_util_critical_region_enter           0x00012be1   Thumb Code    64  app_util_platform.o(i.app_util_critical_region_enter)
    app_util_critical_region_exit            0x00012c29   Thumb Code    46  app_util_platform.o(i.app_util_critical_region_exit)
    bsp_board_led_invert                     0x00012c8d   Thumb Code    32  boards.o(i.bsp_board_led_invert)
    bsp_board_led_off                        0x00012cb1   Thumb Code    10  boards.o(i.bsp_board_led_off)
    bsp_board_led_on                         0x00012cc1   Thumb Code    10  boards.o(i.bsp_board_led_on)
    bsp_board_led_state_get                  0x00012cd1   Thumb Code    28  boards.o(i.bsp_board_led_state_get)
    bsp_board_leds_init                      0x00012cf1   Thumb Code    38  boards.o(i.bsp_board_leds_init)
    bsp_board_leds_off                       0x00012d1d   Thumb Code    18  boards.o(i.bsp_board_leds_off)
    bsp_board_leds_on                        0x00012d2f   Thumb Code    18  boards.o(i.bsp_board_leds_on)
    bsp_board_pin_to_button_idx              0x00012d41   Thumb Code    30  boards.o(i.bsp_board_pin_to_button_idx)
    bsp_event_to_button_action_assign        0x00012df5   Thumb Code    64  bsp.o(i.bsp_event_to_button_action_assign)
    bsp_init                                 0x00012e39   Thumb Code   126  bsp.o(i.bsp_init)
    main                                     0x000133e1   Thumb Code    66  main.o(i.main)
    nrf_drv_common_irq_enable                0x000134c5   Thumb Code    56  nrf_drv_common.o(i.nrf_drv_common_irq_enable)
    nrf_drv_gpiote_in_event_enable           0x000134fd   Thumb Code   156  nrf_drv_gpiote.o(i.nrf_drv_gpiote_in_event_enable)
    nrf_drv_gpiote_in_init                   0x000135a1   Thumb Code   172  nrf_drv_gpiote.o(i.nrf_drv_gpiote_in_init)
    nrf_drv_gpiote_in_is_set                 0x00013659   Thumb Code    20  nrf_drv_gpiote.o(i.nrf_drv_gpiote_in_is_set)
    nrf_drv_gpiote_init                      0x0001366d   Thumb Code    84  nrf_drv_gpiote.o(i.nrf_drv_gpiote_init)
    nrf_drv_gpiote_is_init                   0x000136c9   Thumb Code    14  nrf_drv_gpiote.o(i.nrf_drv_gpiote_is_init)
    nrf_pwr_mgmt_init                        0x000137a9   Thumb Code    28  nrf_pwr_mgmt.o(i.nrf_pwr_mgmt_init)
    nrf_pwr_mgmt_run                         0x000137d1   Thumb Code    64  nrf_pwr_mgmt.o(i.nrf_pwr_mgmt_run)
    nrf_sdh_ant_enable                       0x00013815   Thumb Code    16  nrf_sdh_ant.o(i.nrf_sdh_ant_enable)
    nrf_sdh_enable_request                   0x00013875   Thumb Code    98  nrf_sdh.o(i.nrf_sdh_enable_request)
    nrf_sdh_evts_poll                        0x0001390d   Thumb Code    32  nrf_sdh.o(i.nrf_sdh_evts_poll)
    nrf_sdh_is_enabled                       0x00013931   Thumb Code     6  nrf_sdh.o(i.nrf_sdh_is_enabled)
    nrf_section_iter_init                    0x0001393d   Thumb Code    10  nrf_section_iter.o(i.nrf_section_iter_init)
    nrf_section_iter_next                    0x0001396b   Thumb Code    32  nrf_section_iter.o(i.nrf_section_iter_next)
    Region$$Table$$Base                      0x00013e0c   Number         0  anon$$obj.o(Region$$Table)
    Region$$Table$$Limit                     0x00013e2c   Number         0  anon$$obj.o(Region$$Table)
    sdh_ant_observers1$$Base                 0x00013e2c   Number         0  ant_async_tx.o(sdh_ant_observers1)
    sdh_ant_observers1$$Limit                0x00013e34   Number         0  ant_async_tx.o(sdh_ant_observers1)
    sdh_stack_observers0$$Base               0x00013e34   Number         0  nrf_sdh_ant.o(sdh_stack_observers0)
    sdh_stack_observers0$$Limit              0x00013e3c   Number         0  nrf_sdh_ant.o(sdh_stack_observers0)
    SystemCoreClock                          0x20000bd0   Data           4  system_nrf52.o(.data)
    nrf_nvic_state                           0x20000de4   Data          12  app_util_platform.o(.bss)
    STACK$$Base                              0x20000e80   Number         0  arm_startup_nrf52.o(STACK)
    STACK$$Limit                             0x20002e80   Number         0  arm_startup_nrf52.o(STACK)
    __initial_sp                             0x20002e80   Data           0  arm_startup_nrf52.o(STACK)



==============================================================================

Memory Map of the image

  Image Entry point : 0x00012201

  Load Region LR_IROM1 (Base: 0x00012000, Size: 0x00001e90, Max: 0x0006e000, ABSOLUTE)

    Execution Region ER_IROM1 (Exec base: 0x00012000, Load base: 0x00012000, Size: 0x00001e3c, Max: 0x0006e000, ABSOLUTE)

    Exec Addr    Load Addr    Size         Type   Attr      Idx    E Section Name        Object

    0x00012000   0x00012000   0x00000200   Data   RO         1964    RESET               arm_startup_nrf52.o
    0x00012200   0x00012200   0x00000000   Code   RO         2005  * .ARM.Collect$$$$00000000  mc_w.l(entry.o)
    0x00012200   0x00012200   0x00000004   Code   RO         2014    .ARM.Collect$$$$00000001  mc_w.l(entry2.o)
    0x00012204   0x00012204   0x00000004   Code   RO         2017    .ARM.Collect$$$$00000004  mc_w.l(entry5.o)
    0x00012208   0x00012208   0x00000000   Code   RO         2019    .ARM.Collect$$$$00000008  mc_w.l(entry7b.o)
    0x00012208   0x00012208   0x00000000   Code   RO         2021    .ARM.Collect$$$$0000000A  mc_w.l(entry8b.o)
    0x00012208   0x00012208   0x00000008   Code   RO         2022    .ARM.Collect$$$$0000000B  mc_w.l(entry9a.o)
    0x00012210   0x00012210   0x00000000   Code   RO         2024    .ARM.Collect$$$$0000000D  mc_w.l(entry10a.o)
    0x00012210   0x00012210   0x00000000   Code   RO         2026    .ARM.Collect$$$$0000000F  mc_w.l(entry11a.o)
    0x00012210   0x00012210   0x00000004   Code   RO         2015    .ARM.Collect$$$$00002712  mc_w.l(entry2.o)
    0x00012214   0x00012214   0x00000034   Code   RO         1415    .emb_text           hardfault_handler_keil.o
    0x00012248   0x00012248   0x00000024   Code   RO         1965    .text               arm_startup_nrf52.o
    0x0001226c   0x0001226c   0x00000062   Code   RO         2008    .text               mc_w.l(uldiv.o)
    0x000122ce   0x000122ce   0x0000001e   Code   RO         2028    .text               mc_w.l(llshl.o)
    0x000122ec   0x000122ec   0x00000020   Code   RO         2030    .text               mc_w.l(llushr.o)
    0x0001230c   0x0001230c   0x00000024   Code   RO         2032    .text               mc_w.l(init.o)
    0x00012330   0x00012330   0x00000174   Code   RO          738    i.GPIOTE_IRQHandler  nrf_drv_gpiote.o
    0x000124a4   0x000124a4   0x00000004   Code   RO         1437    i.HardFault_c_handler  hardfault_implementation.o
    0x000124a8   0x000124a8   0x00000024   Code   RO         1438    i.HardFault_process  hardfault_implementation.o
    0x000124cc   0x000124cc   0x00000016   Code   RO         1178    i.NVIC_ClearPendingIRQ  app_timer.o
    0x000124e2   0x000124e2   0x00000016   Code   RO         1179    i.NVIC_EnableIRQ    app_timer.o
    0x000124f8   0x000124f8   0x00000016   Code   RO         1180    i.NVIC_SetPendingIRQ  app_timer.o
    0x0001250e   0x0001250e   0x00000020   Code   RO         1181    i.NVIC_SetPriority  app_timer.o
    0x0001252e   0x0001252e   0x00000002   PAD
    0x00012530   0x00012530   0x00000024   Code   RO         1182    i.RTC1_IRQHandler   app_timer.o
    0x00012554   0x00012554   0x00000004   Code   RO         1183    i.SWI0_EGU0_IRQHandler  app_timer.o
    0x00012558   0x00012558   0x00000004   Code   RO         1798    i.SWI2_EGU2_IRQHandler  nrf_sdh.o
    0x0001255c   0x0001255c   0x000002fc   Code   RO         1973    i.SystemInit        system_nrf52.o
    0x00012858   0x00012858   0x0000000e   Code   RO         2036    i.__scatterload_copy  mc_w.l(handlers.o)
    0x00012866   0x00012866   0x00000002   Code   RO         2037    i.__scatterload_null  mc_w.l(handlers.o)
    0x00012868   0x00012868   0x0000000e   Code   RO         2038    i.__scatterload_zeroinit  mc_w.l(handlers.o)
    0x00012876   0x00012876   0x00000002   PAD
    0x00012878   0x00012878   0x00000024   Code   RO         1799    i.__sd_nvic_app_accessible_irq  nrf_sdh.o
    0x0001289c   0x0001289c   0x00000016   Code   RO         1800    i.__sd_nvic_is_app_accessible_priority  nrf_sdh.o
    0x000128b2   0x000128b2   0x00000006   Code   RO          431    i.alert_timer_handler  bsp.o
    0x000128b8   0x000128b8   0x00000026   Code   RO            4    i.ant_async_tx_bsp_evt_handler  ant_async_tx.o
    0x000128de   0x000128de   0x00000002   PAD
    0x000128e0   0x000128e0   0x0000007c   Code   RO            5    i.ant_async_tx_event_handler  ant_async_tx.o
    0x0001295c   0x0001295c   0x00000048   Code   RO            6    i.ant_async_tx_setup  ant_async_tx.o
    0x000129a4   0x000129a4   0x0000003c   Code   RO          594    i.ant_channel_init  ant_channel_config.o
    0x000129e0   0x000129e0   0x00000024   Code   RO          989    i.app_button_enable  app_button.o
    0x00012a04   0x00012a04   0x00000070   Code   RO          990    i.app_button_init   app_button.o
    0x00012a74   0x00012a74   0x00000030   Code   RO         1090    i.app_error_fault_handler  app_error_weak.o
    0x00012aa4   0x00012aa4   0x00000016   Code   RO         1051    i.app_error_handler_bare  app_error.o
    0x00012aba   0x00012aba   0x00000002   PAD
    0x00012abc   0x00012abc   0x00000028   Code   RO         1186    i.app_timer_create  app_timer.o
    0x00012ae4   0x00012ae4   0x00000054   Code   RO         1187    i.app_timer_init    app_timer.o
    0x00012b38   0x00012b38   0x00000088   Code   RO         1190    i.app_timer_start   app_timer.o
    0x00012bc0   0x00012bc0   0x00000020   Code   RO         1191    i.app_timer_stop    app_timer.o
    0x00012be0   0x00012be0   0x00000048   Code   RO         1347    i.app_util_critical_region_enter  app_util_platform.o
    0x00012c28   0x00012c28   0x00000034   Code   RO         1348    i.app_util_critical_region_exit  app_util_platform.o
    0x00012c5c   0x00012c5c   0x0000002c   Code   RO            7    i.async_command_send  ant_async_tx.o
    0x00012c88   0x00012c88   0x00000004   Code   RO            8    i.backoff_timer_evt_handler  ant_async_tx.o
    0x00012c8c   0x00012c8c   0x00000024   Code   RO          326    i.bsp_board_led_invert  boards.o
    0x00012cb0   0x00012cb0   0x00000010   Code   RO          327    i.bsp_board_led_off  boards.o
    0x00012cc0   0x00012cc0   0x00000010   Code   RO          328    i.bsp_board_led_on  boards.o
    0x00012cd0   0x00012cd0   0x00000020   Code   RO          329    i.bsp_board_led_state_get  boards.o
    0x00012cf0   0x00012cf0   0x0000002c   Code   RO          330    i.bsp_board_leds_init  boards.o
    0x00012d1c   0x00012d1c   0x00000012   Code   RO          331    i.bsp_board_leds_off  boards.o
    0x00012d2e   0x00012d2e   0x00000012   Code   RO          332    i.bsp_board_leds_on  boards.o
    0x00012d40   0x00012d40   0x00000024   Code   RO          333    i.bsp_board_pin_to_button_idx  boards.o
    0x00012d64   0x00012d64   0x00000090   Code   RO          432    i.bsp_button_event_handler  bsp.o
    0x00012df4   0x00012df4   0x00000044   Code   RO          436    i.bsp_event_to_button_action_assign  bsp.o
    0x00012e38   0x00012e38   0x00000094   Code   RO          438    i.bsp_init          bsp.o
    0x00012ecc   0x00012ecc   0x000001b8   Code   RO          439    i.bsp_led_indication  bsp.o
    0x00013084   0x00013084   0x00000008   Code   RO          442    i.button_timer_handler  bsp.o
    0x0001308c   0x0001308c   0x0000001c   Code   RO          739    i.channel_free      nrf_drv_gpiote.o
    0x000130a8   0x000130a8   0x00000048   Code   RO          740    i.channel_port_alloc  nrf_drv_gpiote.o
    0x000130f0   0x000130f0   0x00000010   Code   RO          741    i.channel_port_get  nrf_drv_gpiote.o
    0x00013100   0x00013100   0x000000ac   Code   RO         1193    i.compare_reg_update  app_timer.o
    0x000131ac   0x000131ac   0x00000060   Code   RO          992    i.detection_delay_timeout_handler  app_button.o
    0x0001320c   0x0001320c   0x00000040   Code   RO         1194    i.elapsed_ticks_acquire  app_timer.o
    0x0001324c   0x0001324c   0x00000058   Code   RO          993    i.gpiote_event_handler  app_button.o
    0x000132a4   0x000132a4   0x00000030   Code   RO          443    i.leds_off          bsp.o
    0x000132d4   0x000132d4   0x00000014   Code   RO          444    i.leds_timer_handler  bsp.o
    0x000132e8   0x000132e8   0x000000f8   Code   RO         1195    i.list_insertions_handler  app_timer.o
    0x000133e0   0x000133e0   0x00000048   Code   RO          202    i.main              main.o
    0x00013428   0x00013428   0x00000010   Code   RO          742    i.nrf_bitmask_bit_is_set  nrf_drv_gpiote.o
    0x00013438   0x00013438   0x0000008c   Code   RO         1196    i.nrf_delay_us      app_timer.o
    0x000134c4   0x000134c4   0x00000038   Code   RO          697    i.nrf_drv_common_irq_enable  nrf_drv_common.o
    0x000134fc   0x000134fc   0x000000a4   Code   RO          747    i.nrf_drv_gpiote_in_event_enable  nrf_drv_gpiote.o
    0x000135a0   0x000135a0   0x000000b8   Code   RO          748    i.nrf_drv_gpiote_in_init  nrf_drv_gpiote.o
    0x00013658   0x00013658   0x00000014   Code   RO          749    i.nrf_drv_gpiote_in_is_set  nrf_drv_gpiote.o
    0x0001366c   0x0001366c   0x0000005c   Code   RO          751    i.nrf_drv_gpiote_init  nrf_drv_gpiote.o
    0x000136c8   0x000136c8   0x00000014   Code   RO          752    i.nrf_drv_gpiote_is_init  nrf_drv_gpiote.o
    0x000136dc   0x000136dc   0x00000024   Code   RO          335    i.nrf_gpio_cfg      boards.o
    0x00013700   0x00013700   0x00000024   Code   RO          766    i.nrf_gpio_cfg      nrf_drv_gpiote.o
    0x00013724   0x00013724   0x00000022   Code   RO          768    i.nrf_gpio_cfg_sense_set  nrf_drv_gpiote.o
    0x00013746   0x00013746   0x00000016   Code   RO          336    i.nrf_gpio_pin_write  boards.o
    0x0001375c   0x0001375c   0x00000028   Code   RO          769    i.nrf_gpio_ports_read  nrf_drv_gpiote.o
    0x00013784   0x00013784   0x00000014   Code   RO          770    i.nrf_gpiote_event_clear  nrf_drv_gpiote.o
    0x00013798   0x00013798   0x00000010   Code   RO          771    i.nrf_gpiote_event_is_set  nrf_drv_gpiote.o
    0x000137a8   0x000137a8   0x00000028   Code   RO         1631    i.nrf_pwr_mgmt_init  nrf_pwr_mgmt.o
    0x000137d0   0x000137d0   0x00000044   Code   RO         1632    i.nrf_pwr_mgmt_run  nrf_pwr_mgmt.o
    0x00013814   0x00013814   0x00000014   Code   RO         1926    i.nrf_sdh_ant_enable  nrf_sdh_ant.o
    0x00013828   0x00013828   0x0000004c   Code   RO         1927    i.nrf_sdh_ant_evts_poll  nrf_sdh_ant.o
    0x00013874   0x00013874   0x00000098   Code   RO         1802    i.nrf_sdh_enable_request  nrf_sdh.o
    0x0001390c   0x0001390c   0x00000024   Code   RO         1803    i.nrf_sdh_evts_poll  nrf_sdh.o
    0x00013930   0x00013930   0x0000000c   Code   RO         1804    i.nrf_sdh_is_enabled  nrf_sdh.o
    0x0001393c   0x0001393c   0x0000000a   Code   RO         1712    i.nrf_section_iter_init  nrf_section_iter.o
    0x00013946   0x00013946   0x00000024   Code   RO         1713    i.nrf_section_iter_item_set  nrf_section_iter.o
    0x0001396a   0x0001396a   0x00000020   Code   RO         1714    i.nrf_section_iter_next  nrf_section_iter.o
    0x0001398a   0x0001398a   0x00000002   PAD
    0x0001398c   0x0001398c   0x00000018   Code   RO          772    i.pin_in_use_by_port  nrf_drv_gpiote.o
    0x000139a4   0x000139a4   0x00000018   Code   RO          773    i.pin_in_use_by_te  nrf_drv_gpiote.o
    0x000139bc   0x000139bc   0x00000028   Code   RO            9    i.retry_perform     ant_async_tx.o
    0x000139e4   0x000139e4   0x0000003c   Code   RO         1197    i.rtc1_stop         app_timer.o
    0x00013a20   0x00013a20   0x00000042   Code   RO         1809    i.sd_nvic_SetPriority  nrf_sdh.o
    0x00013a62   0x00013a62   0x00000002   PAD
    0x00013a64   0x00013a64   0x00000030   Code   RO         1810    i.sdh_request_observer_notify  nrf_sdh.o
    0x00013a94   0x00013a94   0x0000002c   Code   RO         1811    i.sdh_state_observer_notify  nrf_sdh.o
    0x00013ac0   0x00013ac0   0x00000050   Code   RO         1813    i.softdevices_evt_irq_enable  nrf_sdh.o
    0x00013b10   0x00013b10   0x00000080   Code   RO         1198    i.timer_list_handler  app_timer.o
    0x00013b90   0x00013b90   0x0000003c   Code   RO         1199    i.timer_list_insert  app_timer.o
    0x00013bcc   0x00013bcc   0x00000060   Code   RO         1200    i.timer_list_remove  app_timer.o
    0x00013c2c   0x00013c2c   0x00000048   Code   RO         1201    i.timer_stop_op_schedule  app_timer.o
    0x00013c74   0x00013c74   0x00000074   Code   RO         1202    i.timer_timeouts_check  app_timer.o
    0x00013ce8   0x00013ce8   0x00000030   Code   RO         1203    i.user_op_alloc     app_timer.o
    0x00013d18   0x00013d18   0x00000010   Data   RO           11    .constdata          ant_async_tx.o
    0x00013d28   0x00013d28   0x00000008   Data   RO          337    .constdata          boards.o
    0x00013d30   0x00013d30   0x0000002c   Data   RO          450    .constdata          bsp.o
    0x00013d5c   0x00013d5c   0x00000004   Data   RO          775    .constdata          nrf_drv_gpiote.o
    0x00013d60   0x00013d60   0x00000008   Data   RO          995    .constdata          app_button.o
    0x00013d68   0x00013d68   0x00000018   Data   RO         1636    .constdata          nrf_pwr_mgmt.o
    0x00013d80   0x00013d80   0x0000000c   Data   RO         1637    .constdata          nrf_pwr_mgmt.o
    0x00013d8c   0x00013d8c   0x00000010   Data   RO         1814    .constdata          nrf_sdh.o
    0x00013d9c   0x00013d9c   0x00000028   Data   RO         1815    .constdata          nrf_sdh.o
    0x00013dc4   0x00013dc4   0x00000010   Data   RO         1816    .constdata          nrf_sdh.o
    0x00013dd4   0x00013dd4   0x00000010   Data   RO         1817    .constdata          nrf_sdh.o
    0x00013de4   0x00013de4   0x00000010   Data   RO         1929    .constdata          nrf_sdh_ant.o
    0x00013df4   0x00013df4   0x00000018   Data   RO         1930    .constdata          nrf_sdh_ant.o
    0x00013e0c   0x00013e0c   0x00000020   Data   RO         2034    Region$$Table       anon$$obj.o
    0x00013e2c   0x00013e2c   0x00000008   Data   RO           13    sdh_ant_observers1  ant_async_tx.o
    0x00013e34   0x00013e34   0x00000008   Data   RO         1931    sdh_stack_observers0  nrf_sdh_ant.o


    Execution Region RW_IRAM1 (Exec base: 0x20000b80, Load base: 0x00013e3c, Size: 0x00002300, Max: 0x0000f480, ABSOLUTE)

    Exec Addr    Load Addr    Size         Type   Attr      Idx    E Section Name        Object

    0x20000b80   0x00013e3c   0x0000000a   Data   RW           12    .data               ant_async_tx.o
    0x20000b8a   0x00013e46   0x00000002   PAD
    0x20000b8c   0x00013e48   0x00000010   Data   RW          451    .data               bsp.o
    0x20000b9c   0x00013e58   0x00000014   Data   RW          996    .data               app_button.o
    0x20000bb0   0x00013e6c   0x00000014   Data   RW         1205    .data               app_timer.o
    0x20000bc4   0x00013e80   0x00000008   Data   RW         1638    .data               nrf_pwr_mgmt.o
    0x20000bcc   0x00013e88   0x00000003   Data   RW         1818    .data               nrf_sdh.o
    0x20000bcf   0x00013e8b   0x00000001   PAD
    0x20000bd0   0x00013e8c   0x00000004   Data   RW         1974    .data               system_nrf52.o
    0x20000bd4        -       0x00000020   Zero   RW           10    .bss                ant_async_tx.o
    0x20000bf4        -       0x00000020   Zero   RW          446    .bss                bsp.o
    0x20000c14        -       0x00000020   Zero   RW          447    .bss                bsp.o
    0x20000c34        -       0x0000000c   Zero   RW          448    .bss                bsp.o
    0x20000c40        -       0x00000020   Zero   RW          449    .bss                bsp.o
    0x20000c60        -       0x00000058   Zero   RW          774    .bss                nrf_drv_gpiote.o
    0x20000cb8        -       0x00000020   Zero   RW          994    .bss                app_button.o
    0x20000cd8        -       0x0000010c   Zero   RW         1204    .bss                app_timer.o
    0x20000de4        -       0x0000000c   Zero   RW         1353    .bss                app_util_platform.o
    0x20000df0        -       0x0000000c   Zero   RW         1635    .bss                nrf_pwr_mgmt.o
    0x20000dfc        -       0x00000080   Zero   RW         1928    .bss                nrf_sdh_ant.o
    0x20000e7c   0x00013e90   0x00000004   PAD
    0x20000e80        -       0x00002000   Zero   RW         1962    STACK               arm_startup_nrf52.o


==============================================================================

Image component sizes


      Code (inc. data)   RO Data    RW Data    ZI Data      Debug   Object Name

       322         30         24         10         32      82805   ant_async_tx.o
        60          0          0          0          0       2587   ant_channel_config.o
       332         34          8         20         32      10138   app_button.o
        22          0          0          0          0       2129   app_error.o
        48         10          0          0          0      30757   app_error_weak.o
      1634        122          0         20        268      47739   app_timer.o
       124         14          0          0         12       9730   app_util_platform.o
        36          8        512          0       8192        920   arm_startup_nrf52.o
       274         32          8          0          0      11769   boards.o
       882         80         44         16        108      12715   bsp.o
        52         14          0          0          0        612   hardfault_handler_keil.o
        40         10          0          0          0       3042   hardfault_implementation.o
        72          6          0          0          0       4327   main.o
        56          0          0          0          0      29335   nrf_drv_common.o
      1178         84          4          0         88      28532   nrf_drv_gpiote.o
       108         16         36          8         12      41597   nrf_pwr_mgmt.o
       500         86         88          3          0      40835   nrf_sdh.o
        96         10         48          0        128       3137   nrf_sdh_ant.o
        78          0          0          0          0       2756   nrf_section_iter.o
       764         64          0          4          0       2987   system_nrf52.o

    ----------------------------------------------------------------------
      6688        620        804         84       8876     368449   Object Totals
         0          0         32          0          0          0   (incl. Generated)
        10          0          0          3          4          0   (incl. Padding)

    ----------------------------------------------------------------------

      Code (inc. data)   RO Data    RW Data    ZI Data      Debug   Library Member Name

         0          0          0          0          0          0   entry.o
         0          0          0          0          0          0   entry10a.o
         0          0          0          0          0          0   entry11a.o
         8          4          0          0          0          0   entry2.o
         4          0          0          0          0          0   entry5.o
         0          0          0          0          0          0   entry7b.o
         0          0          0          0          0          0   entry8b.o
         8          4          0          0          0          0   entry9a.o
        30          0          0          0          0          0   handlers.o
        36          8          0          0          0         68   init.o
        30          0          0          0          0         68   llshl.o
        32          0          0          0          0         68   llushr.o
        98          0          0          0          0         92   uldiv.o

    ----------------------------------------------------------------------
       248         16          0          0          0        296   Library Totals
         2          0          0          0          0          0   (incl. Padding)

    ----------------------------------------------------------------------

      Code (inc. data)   RO Data    RW Data    ZI Data      Debug   Library Name

       246         16          0          0          0        296   mc_w.l

    ----------------------------------------------------------------------
       248         16          0          0          0        296   Library Totals

    ----------------------------------------------------------------------

==============================================================================


      Code (inc. data)   RO Data    RW Data    ZI Data      Debug   

      6936        636        804         84       8876     359997   Grand Totals
      6936        636        804         84       8876     359997   ELF Image Totals
      6936        636        804         84          0          0   ROM Totals

==============================================================================

    Total RO  Size (Code + RO Data)                 7740 (   7.56kB)
    Total RW  Size (RW Data + ZI Data)              8960 (   8.75kB)
    Total ROM Size (Code + RO Data + RW Data)       7824 (   7.64kB)

==============================================================================

