<html>
<body>
<pre>
<h1>µVision Build Log</h1>
<h2>Tool Versions:</h2>
IDE-Version: µVision V5.33.0.0
Copyright (C) 2020 ARM Ltd and ARM Germany GmbH. All rights reserved.
License Information: Stefano Lucchesini, Politecnico di Milano, LIC=----
 
Tool Versions:
Toolchain:       MDK-Lite  Version: 5.33.0.0
Toolchain Path:  C:\Keil_v5\ARM\ARMCC\Bin
C Compiler:      Armcc.exe V5.06 update 7 (build 960)
Assembler:       Armasm.exe V5.06 update 7 (build 960)
Linker/Locator:  ArmLink.exe V5.06 update 7 (build 960)
Library Manager: ArmAr.exe V5.06 update 7 (build 960)
Hex Converter:   FromElf.exe V5.06 update 7 (build 960)
CPU DLL:         
Dialog DLL:      
Target DLL:      Segger\JL2CM3.dll V2.99.38.0
Dialog DLL:      TCM.DLL V1.48.0.0
 
<h2>Project:</h2>
C:\Users\Stefano\Desktop\FILE_TESISTI\nRF5_SDK_14.2.0_17b948a\examples\prova\IMU\pca10040\blank\arm5_no_packs\twi_scanner_pca10040.uvprojx
Project File Date:  02/15/2021

<h2>Output:</h2>
*** Using Compiler 'V5.06 update 7 (build 960)', folder: 'C:\Keil_v5\ARM\ARMCC\Bin'
Rebuild target 'nrf52832_xxaa'
compiling boards.c...
..\..\..\..\..\..\components\boards\pca10040.h(183): warning:  #1-D: last line of file ends without a newline
  																 
..\..\..\..\..\..\components\boards\boards.c: 1 warning, 0 errors
compiling mpu6050.c...
..\..\..\MPU\mpu6050.c(49): warning:  #550-D: variable "err_code"  was set but never used
      ret_code_t err_code;
..\..\..\MPU\mpu6050.c: 1 warning, 0 errors
compiling main.c...
..\..\..\..\..\..\components\boards\pca10040.h(183): warning:  #1-D: last line of file ends without a newline
  																 
..\..\..\main.c: 1 warning, 0 errors
compiling nrf_drv_common.c...
compiling nrf_drv_twi.c...
compiling nrf_drv_uart.c...
compiling app_error.c...
compiling app_util_platform.c...
compiling app_error_weak.c...
compiling nrf_assert.c...
compiling nrf_fprintf.c...
compiling nrf_balloc.c...
compiling nrf_strerror.c...
compiling nrf_fprintf_format.c...
compiling nrf_memobj.c...
compiling nrf_log_backend_uart.c...
compiling nrf_log_backend_rtt.c...
compiling nrf_log_backend_serial.c...
compiling nrf_log_default_backends.c...
compiling nrf_log_str_formatter.c...
compiling nrf_log_frontend.c...
compiling SEGGER_RTT_Syscalls_KEIL.c...
compiling SEGGER_RTT.c...
compiling SEGGER_RTT_printf.c...
assembling arm_startup_nrf52.s...
compiling system_nrf52.c...
linking...
Program Size: Code=8820 RO-data=924 RW-data=156 ZI-data=10228  
FromELF: creating hex file...
".\_build\nrf52832_xxaa.axf" - 0 Error(s), 3 Warning(s).

<h2>Software Packages used:</h2>

Package Vendor: ARM
                http://www.keil.com/pack/ARM.CMSIS.4.5.0.pack
                ARM.CMSIS.4.5.0
                CMSIS (Cortex Microcontroller Software Interface Standard)
   * Component: CORE Version: 4.3.0

Package Vendor: NordicSemiconductor
                http://developer.nordicsemi.com/nRF5_SDK/pieces/nRF_DeviceFamilyPack/NordicSemiconductor.nRF_DeviceFamilyPack.8.15.0.pack
                NordicSemiconductor.nRF_DeviceFamilyPack.8.15.0
                Nordic Semiconductor nRF ARM devices Device Family Pack.
   * Component: Startup Version: 8.15.0

<h2>Collection of Component include folders:</h2>
  .\RTE\_nrf52832_xxaa
  C:\Users\Stefano\AppData\Local\Arm\Packs\ARM\CMSIS\4.5.0\CMSIS\Include
  C:\Users\Stefano\AppData\Local\Arm\Packs\NordicSemiconductor\nRF_DeviceFamilyPack\8.15.0\Device\Include

<h2>Collection of Component Files used:</h2>

   * Component: ARM::CMSIS:CORE:4.3.0

   * Component: NordicSemiconductor::Device:Startup:8.15.0
      Source file:   Device\Source\arm\arm_startup_nrf52.s
      Source file:   Device\Source\system_nrf52.c
      Include file:  Device\Include\system_nrf52.h
Build Time Elapsed:  00:00:09
</pre>
</body>
</html>
