<html>
<body>
<pre>
<h1>µVision Build Log</h1>
<h2>Tool Versions:</h2>
IDE-Version: µVision V5.33.0.0
Copyright (C) 2020 ARM Ltd and ARM Germany GmbH. All rights reserved.
License Information: Stefano Lucchesini, PoliMi, LIC=----
 
Tool Versions:
Toolchain:       MDK-Lite  Version: 5.33.0.0
Toolchain Path:  C:\Keil_v5\ARM\ARMCC\Bin
C Compiler:      Armcc.exe V5.06 update 7 (build 960)
Assembler:       Armasm.exe V5.06 update 7 (build 960)
Linker/Locator:  ArmLink.exe V5.06 update 7 (build 960)
Library Manager: ArmAr.exe V5.06 update 7 (build 960)
Hex Converter:   FromElf.exe V5.06 update 7 (build 960)
CPU DLL:         SARMCM3.DLL V5.33.0.0
Dialog DLL:      DCM.DLL V1.17.3.0
Target DLL:      Segger\JL2CM3.dll V2.99.38.0
Dialog DLL:      TCM.DLL V1.48.0.0
 
<h2>Project:</h2>
C:\Users\Stefano\Desktop\FILE_TESISTI\nRF5_SDK_14.2.0_17b948a\examples\ant\ant_broadcast\rx_final03\pca10040\s212\arm5_no_packs\ant_broadcast_rx_pca10040_s212.uvprojx
Project File Date:  02/22/2021

<h2>Output:</h2>
*** Using Compiler 'V5.06 update 7 (build 960)', folder: 'C:\Keil_v5\ARM\ARMCC\Bin'
Rebuild target 'nrf52832_xxaa'
Note: source file '..\..\..\..\..\..\..\external\fprintf\nrf_fprintf.c' - object file renamed from '.\_build\nrf_fprintf.o' to '.\_build\nrf_fprintf_1.o'.
Note: source file '..\..\..\..\..\..\..\external\fprintf\nrf_fprintf_format.c' - object file renamed from '.\_build\nrf_fprintf_format.o' to '.\_build\nrf_fprintf_format_1.o'.
compiling nrf_drv_mpu_spi.c...
compiling app_ICM20948.c...
..\..\..\..\..\..\nrf5-mpu-examples-master\nrf_drv_mpu.h(15): warning:  #1215-D: #warning directive: "INFO: The MPU is using TWI drivers."
  #warning "INFO: The MPU is using TWI drivers."
app_ICM20948.c(341): warning:  #550-D: variable "err_code"  was set but never used
  	ret_code_t err_code;
app_ICM20948.c(361): warning:  #1-D: last line of file ends without a newline
  }
app_ICM20948.c(352): warning:  #550-D: variable "err_code"  was set but never used
    ret_code_t err_code;
app_ICM20948.c: 4 warnings, 0 errors
compiling nrf_drv_mpu_twi.c...
..\..\..\..\..\..\..\..\nRF5_SDK_14.2.0_17b948a\examples\nrf5-mpu-examples-master\nrf_drv_mpu.h(15): warning:  #1215-D: #warning directive: "INFO: The MPU is using TWI drivers."
  #warning "INFO: The MPU is using TWI drivers."
..\..\..\..\..\..\..\..\nRF5_SDK_14.2.0_17b948a\examples\nrf5-mpu-examples-master\nrf_drv_mpu_twi.c: 1 warning, 0 errors
compiling main.c...
..\..\..\..\..\..\nrf5-mpu-examples-master\nrf_drv_mpu.h(15): warning:  #1215-D: #warning directive: "INFO: The MPU is using TWI drivers."
  #warning "INFO: The MPU is using TWI drivers."
..\..\..\..\..\..\nrf5-mpu-examples-master\nrf5-mpu-simple\pca10040\blank\arm5_no_packs\quat.h(26): warning:  #9-D: nested comment is not allowed
  					/*
..\..\..\..\..\..\nrf5-mpu-examples-master\nrf5-mpu-simple\pca10040\blank\arm5_no_packs\quat.h(235): warning:  #550-D: variable "_8bx"  was set but never used
  						float _8bx;
..\..\..\..\..\..\nrf5-mpu-examples-master\nrf5-mpu-simple\pca10040\blank\arm5_no_packs\quat.h(236): warning:  #550-D: variable "_8bz"  was set but never used
              float _8bz;
..\..\..\..\..\..\nrf5-mpu-examples-master\nrf5-mpu-simple\pca10040\blank\arm5_no_packs\quat.h(324): warning:  #1-D: last line of file ends without a newline
  				
..\..\..\main.c(359): warning:  #177-D: variable "m_channel_number"  was declared but never referenced
  	  static uint8_t                  m_channel_number=0; 
..\..\..\main.c: 6 warnings, 0 errors
compiling boards.c...
compiling bsp.c...
compiling bsp_nfc.c...
compiling ant_channel_config.c...
compiling nrf_drv_common.c...
compiling nrf_drv_gpiote.c...
compiling nrf_drv_clock.c...
compiling nrf_drv_power.c...
compiling nrf_drv_ppi.c...
compiling nrf_drv_rtc.c...
compiling nrf_drv_spi.c...
compiling nrf_drv_swi.c...
compiling nrf_drv_uart.c...
compiling nrf_drv_timer.c...
compiling nrf_drv_twi.c...
compiling nrf_nvic.c...
compiling nrf_soc.c...
compiling nrf_drv_saadc.c...
compiling nrf_saadc.c...
compiling app_button.c...
compiling app_error.c...
compiling app_scheduler.c...
compiling app_error_weak.c...
compiling app_timer.c...
compiling hardfault_handler_keil.c...
compiling app_util_platform.c...
compiling hardfault_implementation.c...
compiling nrf_assert.c...
compiling nrf_balloc.c...
compiling nrf_memobj.c...
compiling nrf_section_iter.c...
compiling nrf_pwr_mgmt.c...
compiling sdk_mapped_flags.c...
compiling nrf_strerror.c...
compiling app_fifo.c...
compiling nrf_fprintf.c...
compiling nrf_fprintf_format.c...
compiling app_gpiote.c...
compiling app_uart_fifo.c...
compiling mem_manager.c...
compiling crc16.c...
compiling slip.c...
compiling nrf_queue.c...
compiling nrf_ringbuf.c...
compiling nrf_log_backend_rtt.c...
compiling nrf_log_frontend.c...
compiling nrf_log_backend_serial.c...
compiling nrf_log_str_formatter.c...
compiling nrf_log_default_backends.c...
compiling nrf_log_backend_uart.c...
assembling arm_startup_nrf52.s...
compiling nrf_sdh.c...
compiling nrf_sdh_ant.c...
compiling system_nrf52.c...
linking...
Program Size: Code=20396 RO-data=1160 RW-data=156 ZI-data=8940  
FromELF: creating hex file...
".\_build\nrf52832_xxaa.axf" - 0 Error(s), 11 Warning(s).

<h2>Software Packages used:</h2>

Package Vendor: ARM
                http://www.keil.com/pack/ARM.CMSIS.4.5.0.pack
                ARM.CMSIS.4.5.0
                CMSIS (Cortex Microcontroller Software Interface Standard)
   * Component: CORE Version: 4.3.0

Package Vendor: NordicSemiconductor
                http://developer.nordicsemi.com/nRF5_SDK/pieces/nRF_DeviceFamilyPack/NordicSemiconductor.nRF_DeviceFamilyPack.8.15.0.pack
                NordicSemiconductor.nRF_DeviceFamilyPack.8.15.0
                Nordic Semiconductor nRF ARM devices Device Family Pack.
   * Component: Startup Version: 8.15.0

<h2>Collection of Component include folders:</h2>
  .\RTE\_nrf52832_xxaa
  C:\Users\Stefano\AppData\Local\Arm\Packs\ARM\CMSIS\4.5.0\CMSIS\Include
  C:\Users\Stefano\AppData\Local\Arm\Packs\NordicSemiconductor\nRF_DeviceFamilyPack\8.15.0\Device\Include

<h2>Collection of Component Files used:</h2>

   * Component: ARM::CMSIS:CORE:4.3.0

   * Component: NordicSemiconductor::Device:Startup:8.15.0
      Source file:   Device\Source\arm\arm_startup_nrf52.s
      Source file:   Device\Source\system_nrf52.c
      Include file:  Device\Include\system_nrf52.h
Build Time Elapsed:  00:00:21
</pre>
</body>
</html>
