<html>
<body>
<pre>
<h1>µVision Build Log</h1>
<h2>Tool Versions:</h2>
IDE-Version: µVision V5.28.0.0
Copyright (C) 2019 ARM Ltd and ARM Germany GmbH. All rights reserved.
License Information: Santa Aurelia Nido, Politecnico di Milano, LIC=----
 
Tool Versions:
Toolchain:       MDK-Lite  Version: 5.28.0.0
Toolchain Path:  C:\Keil_v5\ARM\ARMCC\Bin
C Compiler:      Armcc.exe V5.06 update 6 (build 750)
Assembler:       Armasm.exe V5.06 update 6 (build 750)
Linker/Locator:  ArmLink.exe V5.06 update 6 (build 750)
Library Manager: ArmAr.exe V5.06 update 6 (build 750)
Hex Converter:   FromElf.exe V5.06 update 6 (build 750)
CPU DLL:         
Dialog DLL:      
Target DLL:      Segger\JL2CM3.dll V2.99.36.0
Dialog DLL:      TCM.DLL V1.36.2.0
 
<h2>Project:</h2>
\\Mac\Home\Documents\nRF5_SDK_14.2.0_17b948a\examples\ant\ant_broadcast\tx\pca10040\s212\arm5_no_packs\ant_broadcast_tx_pca10040_s212.uvprojx
Project File Date:  08/04/2019

<h2>Output:</h2>
*** Using Compiler 'V5.06 update 6 (build 750)', folder: 'C:\Keil_v5\ARM\ARMCC\Bin'
Rebuild target 'nrf52832_xxaa'
compiling main.c...
compiling boards.c...
compiling bsp.c...
compiling bsp_nfc.c...
compiling ant_channel_config.c...
compiling nrf_drv_common.c...
compiling nrf_drv_gpiote.c...
compiling nrf_drv_uart.c...
compiling app_button.c...
compiling app_error.c...
compiling app_error_weak.c...
compiling app_scheduler.c...
compiling app_timer.c...
compiling app_util_platform.c...
compiling hardfault_handler_keil.c...
compiling hardfault_implementation.c...
compiling nrf_assert.c...
compiling nrf_balloc.c...
compiling nrf_fprintf.c...
compiling nrf_fprintf_format.c...
compiling nrf_memobj.c...
compiling nrf_pwr_mgmt.c...
compiling nrf_section_iter.c...
compiling nrf_strerror.c...
compiling nrf_log_backend_rtt.c...
compiling nrf_log_backend_serial.c...
compiling nrf_log_backend_uart.c...
compiling nrf_log_default_backends.c...
compiling nrf_log_frontend.c...
compiling nrf_log_str_formatter.c...
compiling SEGGER_RTT.c...
compiling SEGGER_RTT_Syscalls_KEIL.c...
compiling SEGGER_RTT_printf.c...
compiling nrf_sdh.c...
compiling nrf_sdh_ant.c...
assembling arm_startup_nrf52.s...
compiling system_nrf52.c...
linking...
Program Size: Code=9596 RO-data=956 RW-data=188 ZI-data=10124  
FromELF: creating hex file...
".\_build\nrf52832_xxaa.axf" - 0 Error(s), 0 Warning(s).

<h2>Software Packages used:</h2>

Package Vendor: ARM
                http://www.keil.com/pack/ARM.CMSIS.4.5.0.pack
                ARM.CMSIS.4.5.0
                CMSIS (Cortex Microcontroller Software Interface Standard)
   * Component: CORE Version: 4.3.0

Package Vendor: NordicSemiconductor
                http://developer.nordicsemi.com/nRF5_SDK/pieces/nRF_DeviceFamilyPack/NordicSemiconductor.nRF_DeviceFamilyPack.8.15.0.pack
                NordicSemiconductor.nRF_DeviceFamilyPack.8.15.0
                Nordic Semiconductor nRF ARM devices Device Family Pack.
   * Component: Startup Version: 8.15.0

<h2>Collection of Component include folders:</h2>
  .\RTE\_nrf52832_xxaa
  C:\Users\aurelianido\AppData\Local\Arm\Packs\ARM\CMSIS\4.5.0\CMSIS\Include
  C:\Users\aurelianido\AppData\Local\Arm\Packs\NordicSemiconductor\nRF_DeviceFamilyPack\8.15.0\Device\Include

<h2>Collection of Component Files used:</h2>

   * Component: ARM::CMSIS:CORE:4.3.0

   * Component: NordicSemiconductor::Device:Startup:8.15.0
      Source file:   Device\Source\arm\arm_startup_nrf52.s
      Source file:   Device\Source\system_nrf52.c
      Include file:  Device\Include\system_nrf52.h
Build Time Elapsed:  00:00:31
</pre>
</body>
</html>
