Component: ARM Compiler 5.06 update 7 (build 960) Tool: armlink [4d3601]

==============================================================================

Section Cross References

    main.o(i.MadgwickQuaternionUpdate) refers to f2d.o(.text) for __aeabi_f2d
    main.o(i.MadgwickQuaternionUpdate) refers to sqrt.o(i.__hardfp_sqrt) for __hardfp_sqrt
    main.o(i.MadgwickQuaternionUpdate) refers to dmul.o(.text) for __aeabi_dmul
    main.o(i.MadgwickQuaternionUpdate) refers to d2f.o(.text) for __aeabi_d2f
    main.o(i.MadgwickQuaternionUpdate) refers to sqrtf.o(i.__hardfp_sqrtf) for __hardfp_sqrtf
    main.o(i.MadgwickQuaternionUpdate) refers to main.o(.data) for q
    main.o(i.ant_channel_rx_broadcast_setup) refers to ant_channel_config.o(i.ant_channel_init) for ant_channel_init
    main.o(i.ant_channel_rx_broadcast_setup) refers to app_error.o(i.app_error_handler_bare) for app_error_handler_bare
    main.o(i.ant_channel_rx_broadcast_setup) refers to main.o(.constdata) for .constdata
    main.o(i.ant_evt_handler) refers to main.o(i.nrf_delay_ms) for nrf_delay_ms
    main.o(i.ant_evt_handler) refers to main.o(i.nrf_gpio_pin_clear) for nrf_gpio_pin_clear
    main.o(i.ant_evt_handler) refers to main.o(.data) for count
    main.o(i.ant_message_send) refers to app_error.o(i.app_error_handler_bare) for app_error_handler_bare
    main.o(i.ant_send) refers to app_error.o(i.app_error_handler_bare) for app_error_handler_bare
    main.o(i.icm_init) refers to app_icm20948.o(i.app_icm_init) for app_icm_init
    main.o(i.icm_init) refers to app_error.o(i.app_error_handler_bare) for app_error_handler_bare
    main.o(i.icm_init) refers to app_icm20948.o(i.ICM20948_reset) for ICM20948_reset
    main.o(i.icm_init) refers to app_icm20948.o(i.ICM20948_selectAutoClockSource) for ICM20948_selectAutoClockSource
    main.o(i.icm_init) refers to app_icm20948.o(i.ICM20948_enableAccelGyro) for ICM20948_enableAccelGyro
    main.o(i.icm_init) refers to app_icm20948.o(i.ICM20948_configAccel) for ICM20948_configAccel
    main.o(i.icm_init) refers to app_icm20948.o(i.ICM20948_configGyro) for ICM20948_configGyro
    main.o(i.icm_init) refers to app_icm20948.o(i.ICM20948_setGyroSrd) for ICM20948_setGyroSrd
    main.o(i.icm_init) refers to app_icm20948.o(i.ICM20948_setAccelSrd) for ICM20948_setAccelSrd
    main.o(i.icm_init) refers to app_icm20948.o(i.ICM20948_resetMag) for ICM20948_resetMag
    main.o(i.icm_init) refers to app_icm20948.o(i.app_icm_magnetometer_init) for app_icm_magnetometer_init
    main.o(i.icm_init) refers to nrf_log_frontend.o(i.nrf_log_frontend_std_1) for nrf_log_frontend_std_1
    main.o(i.icm_init) refers to nrf_log_frontend.o(log_dynamic_data) for m_nrf_log_app_logs_data_dynamic
    main.o(i.log_init) refers to nrf_log_frontend.o(i.nrf_log_init) for nrf_log_init
    main.o(i.log_init) refers to app_error.o(i.app_error_handler_bare) for app_error_handler_bare
    main.o(i.log_init) refers to nrf_log_default_backends.o(i.nrf_log_default_backends_init) for nrf_log_default_backends_init
    main.o(i.main) refers to main.o(i.nrf_gpio_pin_set) for nrf_gpio_pin_set
    main.o(i.main) refers to main.o(i.log_init) for log_init
    main.o(i.main) refers to main.o(i.icm_init) for icm_init
    main.o(i.main) refers to main.o(i.saadc_init) for saadc_init
    main.o(i.main) refers to nrf_log_frontend.o(i.nrf_log_frontend_std_1) for nrf_log_frontend_std_1
    main.o(i.main) refers to main.o(i.utils_setup) for utils_setup
    main.o(i.main) refers to main.o(i.softdevice_setup) for softdevice_setup
    main.o(i.main) refers to main.o(i.ant_channel_rx_broadcast_setup) for ant_channel_rx_broadcast_setup
    main.o(i.main) refers to memseta.o(.text) for __aeabi_memset
    main.o(i.main) refers to main.o(i.nrf_gpio_pin_clear) for nrf_gpio_pin_clear
    main.o(i.main) refers to nrf_log_frontend.o(i.nrf_log_frontend_dequeue) for nrf_log_frontend_dequeue
    main.o(i.main) refers to app_icm20948.o(i.app_icm_read_accel) for app_icm_read_accel
    main.o(i.main) refers to app_error.o(i.app_error_handler_bare) for app_error_handler_bare
    main.o(i.main) refers to dflti.o(.text) for __aeabi_i2d
    main.o(i.main) refers to ddiv.o(.text) for __aeabi_ddiv
    main.o(i.main) refers to dadd.o(.text) for __aeabi_dadd
    main.o(i.main) refers to d2f.o(.text) for __aeabi_d2f
    main.o(i.main) refers to app_icm20948.o(i.app_icm_read_gyro) for app_icm_read_gyro
    main.o(i.main) refers to dmul.o(.text) for __aeabi_dmul
    main.o(i.main) refers to app_icm20948.o(i.app_icm_read_magnetometer) for app_icm_read_magnetometer
    main.o(i.main) refers to nrf_drv_saadc.o(i.nrf_drv_saadc_sample_convert) for nrf_drv_saadc_sample_convert
    main.o(i.main) refers to main.o(i.MadgwickQuaternionUpdate) for MadgwickQuaternionUpdate
    main.o(i.main) refers to nrf_log_frontend.o(log_dynamic_data) for m_nrf_log_app_logs_data_dynamic
    main.o(i.main) refers to main.o(.data) for stato
    main.o(i.main) refers to main.o(i.nrf_delay_ms) for nrf_delay_ms
[...]
    m_rtc1_reset                             0x20000c03   Data           1  app_timer.o(.data)
    .data                                    0x20000c04   Section        9  nrf_pwr_mgmt.o(.data)
    m_pwr_mgmt_evt                           0x20000c04   Data           1  nrf_pwr_mgmt.o(.data)
    m_sysoff_mtx                             0x20000c08   Data           4  nrf_pwr_mgmt.o(.data)
    m_shutdown_started                       0x20000c0c   Data           1  nrf_pwr_mgmt.o(.data)
    .data                                    0x20000c10   Section       20  nrf_log_frontend.o(.data)
    mempool_nrf_balloc_pool_stack            0x20000c10   Data           8  nrf_log_frontend.o(.data)
    mempool_nrf_balloc_cb                    0x20000c18   Data           8  nrf_log_frontend.o(.data)
    m_overflow_info                          0x20000c20   Data           4  nrf_log_frontend.o(.data)
    .data                                    0x20000c24   Section       10  nrf_log_backend_uart.o(.data)
    m_xfer_done                              0x20000c2c   Data           1  nrf_log_backend_uart.o(.data)
    m_async_mode                             0x20000c2d   Data           1  nrf_log_backend_uart.o(.data)
    .data                                    0x20000c30   Section       12  nrf_log_default_backends.o(.data)
    uart_log_backend                         0x20000c30   Data          12  nrf_log_default_backends.o(.data)
    .data                                    0x20000c3c   Section       56  nrf_log_str_formatter.o(.data)
    severity_names                           0x20000c3c   Data          20  nrf_log_str_formatter.o(.data)
    m_colors                                 0x20000c50   Data          36  nrf_log_str_formatter.o(.data)
    .data                                    0x20000c74   Section        3  nrf_sdh.o(.data)
    m_nrf_sdh_enabled                        0x20000c74   Data           1  nrf_sdh.o(.data)
    m_nrf_sdh_suspended                      0x20000c75   Data           1  nrf_sdh.o(.data)
    m_nrf_sdh_continue                       0x20000c76   Data           1  nrf_sdh.o(.data)
    .data                                    0x20000c78   Section        4  system_nrf52.o(.data)
    __tagsym$$used                           0x20000c78   Number         0  system_nrf52.o(.data)
    .data                                    0x20000c7c   Section        4  errno.o(.data)
    _errno                                   0x20000c7c   Data           4  errno.o(.data)
    log_dynamic_data                         0x20000c80   Section       12  nrf_drv_gpiote.o(log_dynamic_data)
    __tagsym$$used                           0x20000c80   Number         0  nrf_drv_gpiote.o(log_dynamic_data)
    log_dynamic_data                         0x20000c8c   Section       12  nrf_drv_swi.o(log_dynamic_data)
    __tagsym$$used                           0x20000c8c   Number         0  nrf_drv_swi.o(log_dynamic_data)
    log_dynamic_data                         0x20000c98   Section       12  nrf_drv_twi.o(log_dynamic_data)
    __tagsym$$used                           0x20000c98   Number         0  nrf_drv_twi.o(log_dynamic_data)
    log_dynamic_data                         0x20000ca4   Section       12  nrf_drv_timer.o(log_dynamic_data)
    __tagsym$$used                           0x20000ca4   Number         0  nrf_drv_timer.o(log_dynamic_data)
    log_dynamic_data                         0x20000cb0   Section       12  nrf_drv_uart.o(log_dynamic_data)
    __tagsym$$used                           0x20000cb0   Number         0  nrf_drv_uart.o(log_dynamic_data)
    log_dynamic_data                         0x20000cbc   Section       12  nrf_drv_saadc.o(log_dynamic_data)
    __tagsym$$used                           0x20000cbc   Number         0  nrf_drv_saadc.o(log_dynamic_data)
    log_dynamic_data                         0x20000cc8   Section       12  hardfault_implementation.o(log_dynamic_data)
    __tagsym$$used                           0x20000cc8   Number         0  hardfault_implementation.o(log_dynamic_data)
    log_dynamic_data                         0x20000cd4   Section       12  nrf_balloc.o(log_dynamic_data)
    __tagsym$$used                           0x20000cd4   Number         0  nrf_balloc.o(log_dynamic_data)
    log_dynamic_data                         0x20000ce0   Section       12  nrf_pwr_mgmt.o(log_dynamic_data)
    __tagsym$$used                           0x20000ce0   Number         0  nrf_pwr_mgmt.o(log_dynamic_data)
    log_dynamic_data                         0x20000cec   Section       12  nrf_log_frontend.o(log_dynamic_data)
    __tagsym$$used                           0x20000cec   Number         0  nrf_log_frontend.o(log_dynamic_data)
    log_dynamic_data                         0x20000cf8   Section       12  nrf_sdh.o(log_dynamic_data)
    __tagsym$$used                           0x20000cf8   Number         0  nrf_sdh.o(log_dynamic_data)
    log_dynamic_data                         0x20000d04   Section       12  nrf_sdh_ant.o(log_dynamic_data)
    __tagsym$$used                           0x20000d04   Number         0  nrf_sdh_ant.o(log_dynamic_data)
    .bss                                     0x20000d10   Section      108  bsp.o(.bss)
    m_leds_timer_id_data                     0x20000d10   Data          32  bsp.o(.bss)
    m_alert_timer_id_data                    0x20000d30   Data          32  bsp.o(.bss)
    m_events_list                            0x20000d50   Data          12  bsp.o(.bss)
    m_button_timer_id_data                   0x20000d5c   Data          32  bsp.o(.bss)
    .bss                                     0x20000d7c   Section       88  nrf_drv_gpiote.o(.bss)
    m_cb                                     0x20000d7c   Data          88  nrf_drv_gpiote.o(.bss)
    .bss                                     0x20000dd4   Section       40  nrf_drv_twi.o(.bss)
    m_cb                                     0x20000dd4   Data          40  nrf_drv_twi.o(.bss)
    .bss                                     0x20000dfc   Section       12  nrf_drv_timer.o(.bss)
    m_cb                                     0x20000dfc   Data          12  nrf_drv_timer.o(.bss)
    .bss                                     0x20000e08   Section       32  nrf_drv_uart.o(.bss)
    m_cb                                     0x20000e08   Data          32  nrf_drv_uart.o(.bss)
    .bss                                     0x20000e28   Section       48  nrf_drv_saadc.o(.bss)
    m_cb                                     0x20000e28   Data          48  nrf_drv_saadc.o(.bss)
    .bss                                     0x20000e58   Section       32  app_button.o(.bss)
    m_detection_delay_timer_id_data          0x20000e58   Data          32  app_button.o(.bss)
    .bss                                     0x20000e78   Section      268  app_timer.o(.bss)
    m_op_queue                               0x20000e78   Data         268  app_timer.o(.bss)
    .bss                                     0x20000f84   Section       12  app_util_platform.o(.bss)
    .bss                                     0x20000f90   Section       12  nrf_pwr_mgmt.o(.bss)
    m_handlers_iter                          0x20000f90   Data          12  nrf_pwr_mgmt.o(.bss)
    .bss                                     0x20000f9c   Section     1248  nrf_log_frontend.o(.bss)
    mempool_nrf_balloc_pool_mem              0x20000f9c   Data         192  nrf_log_frontend.o(.bss)
    m_log_data                               0x2000105c   Data        1056  nrf_log_frontend.o(.bss)
    .bss                                     0x2000147c   Section       64  nrf_log_backend_uart.o(.bss)
    m_string_buff                            0x2000147c   Data          64  nrf_log_backend_uart.o(.bss)
    .bss                                     0x200014bc   Section      128  nrf_sdh_ant.o(.bss)
    m_ant_stack_buffer                       0x200014bc   Data         128  nrf_sdh_ant.o(.bss)
    STACK                                    0x20001540   Section     8192  arm_startup_nrf52.o(STACK)

    Global Symbols

    Symbol Name                              Value     Ov Type        Size  Object(Section)

    BuildAttributes$$THM_ISAv4$E$P$D$K$B$S$7EM$VFPi3$EXTD16$VFPS$VFMA$PE$A:L22UL41UL21$X:L11$S22US41US21$IEEE1$IW$USESV6$~STKCKD$USESV7$~SHL$OTIME$ROPI$IEEEJ$EBA8$MICROLIB$REQ8$PRES8$EABIv2 0x00000000   Number         0  anon$$obj.o ABSOLUTE
    __ARM_use_no_argv                        0x00000000   Number         0  main.o ABSOLUTE
    __arm_fini_                               - Undefined Weak Reference
    __cpp_initialize__aeabi_                  - Undefined Weak Reference
    __cxa_finalize                            - Undefined Weak Reference
    _clock_init                               - Undefined Weak Reference
    _microlib_exit                            - Undefined Weak Reference
    pwr_mgmt_data0$$Base                      - Undefined Reference
    pwr_mgmt_data0$$Limit                     - Undefined Reference
    pwr_mgmt_data1$$Base                      - Undefined Reference
    pwr_mgmt_data1$$Limit                     - Undefined Reference
    pwr_mgmt_data2$$Base                      - Undefined Reference
    pwr_mgmt_data2$$Limit                     - Undefined Reference
    sdh_ant_observers0$$Base                  - Undefined Reference
    sdh_ant_observers0$$Limit                 - Undefined Reference
    sdh_req_observers0$$Base                  - Undefined Reference
    sdh_req_observers0$$Limit                 - Undefined Reference
    sdh_req_observers1$$Base                  - Undefined Reference
    sdh_req_observers1$$Limit                 - Undefined Reference
    sdh_stack_observers1$$Base                - Undefined Reference
    sdh_stack_observers1$$Limit               - Undefined Reference
    sdh_state_observers0$$Base                - Undefined Reference
    sdh_state_observers0$$Limit               - Undefined Reference
    sdh_state_observers1$$Base                - Undefined Reference
    sdh_state_observers1$$Limit               - Undefined Reference
    __Vectors_Size                           0x00000200   Number         0  arm_startup_nrf52.o ABSOLUTE
    __Vectors                                0x00012000   Data           4  arm_startup_nrf52.o(RESET)
    __Vectors_End                            0x00012200   Data           0  arm_startup_nrf52.o(RESET)
    __main                                   0x00012201   Thumb Code     0  entry.o(.ARM.Collect$$$$00000000)
    _main_stk                                0x00012201   Thumb Code     0  entry2.o(.ARM.Collect$$$$00000001)
    _main_scatterload                        0x00012205   Thumb Code     0  entry5.o(.ARM.Collect$$$$00000004)
    __main_after_scatterload                 0x00012209   Thumb Code     0  entry5.o(.ARM.Collect$$$$00000004)
    _main_clock                              0x00012209   Thumb Code     0  entry7b.o(.ARM.Collect$$$$00000008)
    _main_cpp_init                           0x00012209   Thumb Code     0  entry8b.o(.ARM.Collect$$$$0000000A)
    _main_init                               0x00012209   Thumb Code     0  entry9a.o(.ARM.Collect$$$$0000000B)
    __rt_lib_shutdown_fini                   0x00012211   Thumb Code     0  entry12b.o(.ARM.Collect$$$$0000000E)
    __rt_final_cpp                           0x00012215   Thumb Code     0  entry10a.o(.ARM.Collect$$$$0000000F)
    __rt_final_exit                          0x00012215   Thumb Code     0  entry11a.o(.ARM.Collect$$$$00000011)
    HardFault_Handler                        0x00012219   Thumb Code    40  hardfault_handler_keil.o(.emb_text)
    __asm___12_nrf_memobj_c_9bb9f865__nrf_atomic_internal_mov 0x0001224d   Thumb Code    24  nrf_memobj.o(.emb_text)
    __asm___12_nrf_memobj_c_9bb9f865__nrf_atomic_internal_orr 0x00012265   Thumb Code    26  nrf_memobj.o(.emb_text)
    __asm___12_nrf_memobj_c_9bb9f865__nrf_atomic_internal_and 0x0001227f   Thumb Code    26  nrf_memobj.o(.emb_text)
    __asm___12_nrf_memobj_c_9bb9f865__nrf_atomic_internal_eor 0x00012299   Thumb Code    26  nrf_memobj.o(.emb_text)
    __asm___12_nrf_memobj_c_9bb9f865__nrf_atomic_internal_add 0x000122b3   Thumb Code    26  nrf_memobj.o(.emb_text)
    __asm___12_nrf_memobj_c_9bb9f865__nrf_atomic_internal_sub 0x000122cd   Thumb Code    26  nrf_memobj.o(.emb_text)
    __asm___18_nrf_log_frontend_c_bc460776__nrf_atomic_internal_mov 0x000122e9   Thumb Code    24  nrf_log_frontend.o(.emb_text)
    __asm___18_nrf_log_frontend_c_bc460776__nrf_atomic_internal_orr 0x00012301   Thumb Code    26  nrf_log_frontend.o(.emb_text)
    __asm___18_nrf_log_frontend_c_bc460776__nrf_atomic_internal_and 0x0001231b   Thumb Code    26  nrf_log_frontend.o(.emb_text)
    __asm___18_nrf_log_frontend_c_bc460776__nrf_atomic_internal_eor 0x00012335   Thumb Code    26  nrf_log_frontend.o(.emb_text)
    __asm___18_nrf_log_frontend_c_bc460776__nrf_atomic_internal_add 0x0001234f   Thumb Code    26  nrf_log_frontend.o(.emb_text)
    __asm___18_nrf_log_frontend_c_bc460776__nrf_atomic_internal_sub 0x00012369   Thumb Code    26  nrf_log_frontend.o(.emb_text)
    Reset_Handler                            0x00012385   Thumb Code     8  arm_startup_nrf52.o(.text)
    NMI_Handler                              0x0001238d   Thumb Code     2  arm_startup_nrf52.o(.text)
    MemoryManagement_Handler                 0x00012391   Thumb Code     2  arm_startup_nrf52.o(.text)
    BusFault_Handler                         0x00012393   Thumb Code     2  arm_startup_nrf52.o(.text)
    UsageFault_Handler                       0x00012395   Thumb Code     2  arm_startup_nrf52.o(.text)
    SVC_Handler                              0x00012397   Thumb Code     2  arm_startup_nrf52.o(.text)
    DebugMon_Handler                         0x00012399   Thumb Code     2  arm_startup_nrf52.o(.text)
    PendSV_Handler                           0x0001239b   Thumb Code     2  arm_startup_nrf52.o(.text)
    SysTick_Handler                          0x0001239d   Thumb Code     2  arm_startup_nrf52.o(.text)
    CCM_AAR_IRQHandler                       0x0001239f   Thumb Code     0  arm_startup_nrf52.o(.text)
    COMP_LPCOMP_IRQHandler                   0x0001239f   Thumb Code     0  arm_startup_nrf52.o(.text)
    ECB_IRQHandler                           0x0001239f   Thumb Code     0  arm_startup_nrf52.o(.text)
    FPU_IRQHandler                           0x0001239f   Thumb Code     0  arm_startup_nrf52.o(.text)
    I2S_IRQHandler                           0x0001239f   Thumb Code     0  arm_startup_nrf52.o(.text)
    MWU_IRQHandler                           0x0001239f   Thumb Code     0  arm_startup_nrf52.o(.text)
    NFCT_IRQHandler                          0x0001239f   Thumb Code     0  arm_startup_nrf52.o(.text)
    PDM_IRQHandler                           0x0001239f   Thumb Code     0  arm_startup_nrf52.o(.text)
    POWER_CLOCK_IRQHandler                   0x0001239f   Thumb Code     0  arm_startup_nrf52.o(.text)
    PWM0_IRQHandler                          0x0001239f   Thumb Code     0  arm_startup_nrf52.o(.text)
    PWM1_IRQHandler                          0x0001239f   Thumb Code     0  arm_startup_nrf52.o(.text)
    PWM2_IRQHandler                          0x0001239f   Thumb Code     0  arm_startup_nrf52.o(.text)
    QDEC_IRQHandler                          0x0001239f   Thumb Code     0  arm_startup_nrf52.o(.text)
    RADIO_IRQHandler                         0x0001239f   Thumb Code     0  arm_startup_nrf52.o(.text)
    RNG_IRQHandler                           0x0001239f   Thumb Code     0  arm_startup_nrf52.o(.text)
    RTC0_IRQHandler                          0x0001239f   Thumb Code     0  arm_startup_nrf52.o(.text)
    RTC2_IRQHandler                          0x0001239f   Thumb Code     0  arm_startup_nrf52.o(.text)
    SPIM1_SPIS1_TWIM1_TWIS1_SPI1_TWI1_IRQHandler 0x0001239f   Thumb Code     0  arm_startup_nrf52.o(.text)
    SPIM2_SPIS2_SPI2_IRQHandler              0x0001239f   Thumb Code     0  arm_startup_nrf52.o(.text)
    SWI2_EGU2_IRQHandler                     0x0001239f   Thumb Code     0  arm_startup_nrf52.o(.text)
    SWI3_EGU3_IRQHandler                     0x0001239f   Thumb Code     0  arm_startup_nrf52.o(.text)
    SWI4_EGU4_IRQHandler                     0x0001239f   Thumb Code     0  arm_startup_nrf52.o(.text)
    SWI5_EGU5_IRQHandler                     0x0001239f   Thumb Code     0  arm_startup_nrf52.o(.text)
    TEMP_IRQHandler                          0x0001239f   Thumb Code     0  arm_startup_nrf52.o(.text)
    TIMER1_IRQHandler                        0x0001239f   Thumb Code     0  arm_startup_nrf52.o(.text)
    TIMER2_IRQHandler                        0x0001239f   Thumb Code     0  arm_startup_nrf52.o(.text)
    TIMER3_IRQHandler                        0x0001239f   Thumb Code     0  arm_startup_nrf52.o(.text)
    TIMER4_IRQHandler                        0x0001239f   Thumb Code     0  arm_startup_nrf52.o(.text)
    WDT_IRQHandler                           0x0001239f   Thumb Code     0  arm_startup_nrf52.o(.text)
    __aeabi_uldivmod                         0x000123a9   Thumb Code    98  uldiv.o(.text)
    __rt_ctype_table                         0x0001240d   Thumb Code     4  ctype_o.o(.text)
    __aeabi_memcpy                           0x00012415   Thumb Code    36  memcpya.o(.text)
    __aeabi_memcpy4                          0x00012415   Thumb Code     0  memcpya.o(.text)
    __aeabi_memcpy8                          0x00012415   Thumb Code     0  memcpya.o(.text)
    __aeabi_memset                           0x00012439   Thumb Code    14  memseta.o(.text)
    __aeabi_memset4                          0x00012439   Thumb Code     0  memseta.o(.text)
    __aeabi_memset8                          0x00012439   Thumb Code     0  memseta.o(.text)
    __aeabi_memclr                           0x00012447   Thumb Code     4  memseta.o(.text)
    __aeabi_memclr4                          0x00012447   Thumb Code     0  memseta.o(.text)
    __aeabi_memclr8                          0x00012447   Thumb Code     0  memseta.o(.text)
    _memset$wrapper                          0x0001244b   Thumb Code    18  memseta.o(.text)
    strlen                                   0x0001245d   Thumb Code    14  strlen.o(.text)
    __aeabi_dadd                             0x0001246b   Thumb Code   322  dadd.o(.text)
    __aeabi_dsub                             0x000125ad   Thumb Code     6  dadd.o(.text)
    __aeabi_drsub                            0x000125b3   Thumb Code     6  dadd.o(.text)
    __aeabi_dmul                             0x000125b9   Thumb Code   228  dmul.o(.text)
    __aeabi_ddiv                             0x0001269d   Thumb Code   222  ddiv.o(.text)
    __aeabi_i2d                              0x0001277b   Thumb Code    34  dflti.o(.text)
    __aeabi_f2d                              0x0001279d   Thumb Code    38  f2d.o(.text)
    __aeabi_d2f                              0x000127c3   Thumb Code    56  d2f.o(.text)
    __aeabi_llsl                             0x000127fb   Thumb Code    30  llshl.o(.text)
    _ll_shift_l                              0x000127fb   Thumb Code     0  llshl.o(.text)
    __aeabi_llsr                             0x00012819   Thumb Code    32  llushr.o(.text)
    _ll_ushift_r                             0x00012819   Thumb Code     0  llushr.o(.text)
    __aeabi_lasr                             0x00012839   Thumb Code    36  llsshr.o(.text)
    _ll_sshift_r                             0x00012839   Thumb Code     0  llsshr.o(.text)
    __I$use$fp                               0x0001285d   Thumb Code     0  iusefp.o(.text)
    _float_round                             0x0001285d   Thumb Code    18  fepilogue.o(.text)
    _float_epilogue                          0x0001286f   Thumb Code    92  fepilogue.o(.text)
    _double_round                            0x000128cb   Thumb Code    30  depilogue.o(.text)
    _double_epilogue                         0x000128e9   Thumb Code   156  depilogue.o(.text)
    _dsqrt                                   0x00012985   Thumb Code   162  dsqrt.o(.text)
    __scatterload                            0x00012a29   Thumb Code    28  init.o(.text)
    __scatterload_rt2                        0x00012a29   Thumb Code     0  init.o(.text)
    __decompress                             0x00012a4d   Thumb Code     0  __dczerorl2.o(.text)
    __decompress1                            0x00012a4d   Thumb Code    86  __dczerorl2.o(.text)
    GPIOTE_IRQHandler                        0x00012aa5   Thumb Code   554  nrf_drv_gpiote.o(i.GPIOTE_IRQHandler)
    HardFault_c_handler                      0x00012cdd   Thumb Code    34  hardfault_implementation.o(i.HardFault_c_handler)
    HardFault_process                        0x00012d01   Thumb Code    60  hardfault_implementation.o(i.HardFault_process)
    ICM20948_configAccel                     0x00012d45   Thumb Code    28  app_icm20948.o(i.ICM20948_configAccel)
    ICM20948_configGyro                      0x00012d61   Thumb Code    28  app_icm20948.o(i.ICM20948_configGyro)
    ICM20948_enableAccelGyro                 0x00012d7d   Thumb Code    28  app_icm20948.o(i.ICM20948_enableAccelGyro)
    ICM20948_reset                           0x00012d99   Thumb Code    28  app_icm20948.o(i.ICM20948_reset)
    ICM20948_resetMag                        0x00012db5   Thumb Code    26  app_icm20948.o(i.ICM20948_resetMag)
    ICM20948_selectAutoClockSource           0x00012dcf   Thumb Code    28  app_icm20948.o(i.ICM20948_selectAutoClockSource)
    ICM20948_setAccelSrd                     0x00012deb   Thumb Code    52  app_icm20948.o(i.ICM20948_setAccelSrd)
    ICM20948_setGyroSrd                      0x00012e1f   Thumb Code    30  app_icm20948.o(i.ICM20948_setGyroSrd)
    MadgwickQuaternionUpdate                 0x00012e3d   Thumb Code  2150  main.o(i.MadgwickQuaternionUpdate)
    RTC1_IRQHandler                          0x00013719   Thumb Code    44  app_timer.o(i.RTC1_IRQHandler)
    SAADC_IRQHandler                         0x0001374d   Thumb Code   456  nrf_drv_saadc.o(i.SAADC_IRQHandler)
    SPIM0_SPIS0_TWIM0_TWIS0_SPI0_TWI0_IRQHandler 0x00013919   Thumb Code    12  nrf_drv_twi.o(i.SPIM0_SPIS0_TWIM0_TWIS0_SPI0_TWI0_IRQHandler)
    SWI0_EGU0_IRQHandler                     0x0001392d   Thumb Code     8  app_timer.o(i.SWI0_EGU0_IRQHandler)
    SWI1_EGU1_IRQHandler                     0x00013935   Thumb Code    14  nrf_drv_swi.o(i.SWI1_EGU1_IRQHandler)
    SystemCoreClockUpdate                    0x00013949   Thumb Code     8  system_nrf52.o(i.SystemCoreClockUpdate)
    SystemInit                               0x00013959   Thumb Code   578  system_nrf52.o(i.SystemInit)
    TIMER0_IRQHandler                        0x00013bdd   Thumb Code    14  nrf_drv_timer.o(i.TIMER0_IRQHandler)
    UARTE0_UART0_IRQHandler                  0x00013bf5   Thumb Code    28  nrf_drv_uart.o(i.UARTE0_UART0_IRQHandler)
    __hardfp_sqrt                            0x00013c19   Thumb Code   122  sqrt.o(i.__hardfp_sqrt)
    __hardfp_sqrtf                           0x00013c93   Thumb Code    58  sqrtf.o(i.__hardfp_sqrtf)
    __scatterload_copy                       0x00013ccd   Thumb Code    14  handlers.o(i.__scatterload_copy)
    __scatterload_null                       0x00013cdb   Thumb Code     2  handlers.o(i.__scatterload_null)
    __scatterload_zeroinit                   0x00013cdd   Thumb Code    14  handlers.o(i.__scatterload_zeroinit)
    __set_errno                              0x00013d49   Thumb Code     6  errno.o(i.__set_errno)
    ant_channel_init                         0x00013d61   Thumb Code    90  ant_channel_config.o(i.ant_channel_init)
    ant_evt_handler                          0x00013e01   Thumb Code   182  main.o(i.ant_evt_handler)
    ant_send                                 0x00013ecd   Thumb Code   110  main.o(i.ant_send)
    app_button_enable                        0x00013f3d   Thumb Code    34  app_button.o(i.app_button_enable)
    app_button_init                          0x00013f69   Thumb Code   132  app_button.o(i.app_button_init)
    app_error_fault_handler                  0x00014011   Thumb Code   136  app_error_weak.o(i.app_error_fault_handler)
    app_error_handler_bare                   0x000140c1   Thumb Code    28  app_error.o(i.app_error_handler_bare)
    app_icm_init                             0x000140dd   Thumb Code    18  app_icm20948.o(i.app_icm_init)
    app_icm_int_cfg_pin                      0x000140ef   Thumb Code    22  app_icm20948.o(i.app_icm_int_cfg_pin)
    app_icm_magnetometer_init                0x00014105   Thumb Code    66  app_icm20948.o(i.app_icm_magnetometer_init)
    app_icm_read_accel                       0x00014147   Thumb Code    58  app_icm20948.o(i.app_icm_read_accel)
    app_icm_read_gyro                        0x00014181   Thumb Code    58  app_icm20948.o(i.app_icm_read_gyro)
    app_icm_read_magnetometer                0x000141bb   Thumb Code    56  app_icm20948.o(i.app_icm_read_magnetometer)
    app_icm_reg_bank_select                  0x000141f3   Thumb Code    54  app_icm20948.o(i.app_icm_reg_bank_select)
    app_timer_create                         0x00014229   Thumb Code    56  app_timer.o(i.app_timer_create)
    app_timer_init                           0x00014265   Thumb Code    70  app_timer.o(i.app_timer_init)
    app_timer_start                          0x000142c1   Thumb Code    78  app_timer.o(i.app_timer_start)
    app_timer_stop                           0x00014315   Thumb Code    44  app_timer.o(i.app_timer_stop)
    app_util_critical_region_enter           0x00014345   Thumb Code    12  app_util_platform.o(i.app_util_critical_region_enter)
    app_util_critical_region_exit            0x00014351   Thumb Code    62  app_util_platform.o(i.app_util_critical_region_exit)
    bsp_board_led_invert                     0x000144b5   Thumb Code    44  boards.o(i.bsp_board_led_invert)
    bsp_board_led_off                        0x000144e5   Thumb Code    16  boards.o(i.bsp_board_led_off)
    bsp_board_led_on                         0x000144f9   Thumb Code    16  boards.o(i.bsp_board_led_on)
    bsp_board_led_state_get                  0x0001450d   Thumb Code    44  boards.o(i.bsp_board_led_state_get)
    bsp_board_leds_init                      0x0001453d   Thumb Code    42  boards.o(i.bsp_board_leds_init)
    bsp_board_leds_off                       0x0001456d   Thumb Code    20  boards.o(i.bsp_board_leds_off)
    bsp_board_leds_on                        0x00014581   Thumb Code    20  boards.o(i.bsp_board_leds_on)
    bsp_board_pin_to_button_idx              0x00014595   Thumb Code    32  boards.o(i.bsp_board_pin_to_button_idx)
    bsp_event_to_button_action_assign        0x0001467d   Thumb Code    86  bsp.o(i.bsp_event_to_button_action_assign)
    bsp_init                                 0x000146d9   Thumb Code   134  bsp.o(i.bsp_init)
    buffer_is_empty                          0x00014bb1   Thumb Code    20  nrf_log_frontend.o(i.buffer_is_empty)
    icm_init                                 0x00015181   Thumb Code   114  main.o(i.icm_init)
    main                                     0x00015705   Thumb Code  1438  main.o(i.main)
    nrf_balloc_alloc                         0x00015dbf   Thumb Code    82  nrf_balloc.o(i.nrf_balloc_alloc)
    nrf_balloc_free                          0x00015e21   Thumb Code    48  nrf_balloc.o(i.nrf_balloc_free)
    nrf_balloc_init                          0x00015e5d   Thumb Code    60  nrf_balloc.o(i.nrf_balloc_init)
    nrf_drv_common_irq_enable                0x000160b1   Thumb Code    84  nrf_drv_common.o(i.nrf_drv_common_irq_enable)
    nrf_drv_gpiote_in_event_enable           0x00016125   Thumb Code   164  nrf_drv_gpiote.o(i.nrf_drv_gpiote_in_event_enable)
    nrf_drv_gpiote_in_init                   0x000161d1   Thumb Code   206  nrf_drv_gpiote.o(i.nrf_drv_gpiote_in_init)
    nrf_drv_gpiote_in_is_set                 0x000162ad   Thumb Code    20  nrf_drv_gpiote.o(i.nrf_drv_gpiote_in_is_set)
    nrf_drv_gpiote_init                      0x000162c1   Thumb Code    90  nrf_drv_gpiote.o(i.nrf_drv_gpiote_init)
    nrf_drv_gpiote_is_init                   0x00016321   Thumb Code    16  nrf_drv_gpiote.o(i.nrf_drv_gpiote_is_init)
    nrf_drv_mpu_init                         0x00016349   Thumb Code    42  nrf_drv_mpu_twi.o(i.nrf_drv_mpu_init)
    nrf_drv_mpu_read_magnetometer_registers  0x00016381   Thumb Code   118  nrf_drv_mpu_twi.o(i.nrf_drv_mpu_read_magnetometer_registers)
    nrf_drv_mpu_read_registers               0x00016405   Thumb Code   118  nrf_drv_mpu_twi.o(i.nrf_drv_mpu_read_registers)
    nrf_drv_mpu_write_magnetometer_register  0x000164e1   Thumb Code    76  nrf_drv_mpu_twi.o(i.nrf_drv_mpu_write_magnetometer_register)
    nrf_drv_mpu_write_single_register        0x00016535   Thumb Code    76  nrf_drv_mpu_twi.o(i.nrf_drv_mpu_write_single_register)
    nrf_drv_saadc_channel_init               0x00016589   Thumb Code   128  nrf_drv_saadc.o(i.nrf_drv_saadc_channel_init)
    nrf_drv_saadc_init                       0x00016611   Thumb Code   150  nrf_drv_saadc.o(i.nrf_drv_saadc_init)
    nrf_drv_saadc_sample_convert             0x000166b5   Thumb Code   224  nrf_drv_saadc.o(i.nrf_drv_saadc_sample_convert)
    nrf_drv_twi_enable                       0x000167c9   Thumb Code    32  nrf_drv_twi.o(i.nrf_drv_twi_enable)
    nrf_drv_twi_init                         0x000167ed   Thumb Code   144  nrf_drv_twi.o(i.nrf_drv_twi_init)
    nrf_drv_twi_rx                           0x00016885   Thumb Code    40  nrf_drv_twi.o(i.nrf_drv_twi_rx)
    nrf_drv_twi_tx                           0x000168b1   Thumb Code    60  nrf_drv_twi.o(i.nrf_drv_twi_tx)
    nrf_drv_twi_xfer                         0x000168ed   Thumb Code    56  nrf_drv_twi.o(i.nrf_drv_twi_xfer)
    nrf_drv_uart_init                        0x00016929   Thumb Code   126  nrf_drv_uart.o(i.nrf_drv_uart_init)
    nrf_drv_uart_tx                          0x000169ad   Thumb Code    96  nrf_drv_uart.o(i.nrf_drv_uart_tx)
    nrf_drv_uart_tx_in_progress              0x00016b19   Thumb Code    22  nrf_drv_uart.o(i.nrf_drv_uart_tx_in_progress)
    nrf_drv_uart_uninit                      0x00016b35   Thumb Code   130  nrf_drv_uart.o(i.nrf_drv_uart_uninit)
    nrf_fprintf                              0x00016bc1   Thumb Code    42  nrf_fprintf.o(i.nrf_fprintf)
    nrf_fprintf_buffer_flush                 0x00016beb   Thumb Code    28  nrf_fprintf.o(i.nrf_fprintf_buffer_flush)
    nrf_fprintf_fmt                          0x00016c07   Thumb Code   496  nrf_fprintf_format.o(i.nrf_fprintf_fmt)
    nrf_log_backend_add                      0x00017035   Thumb Code    68  nrf_log_frontend.o(i.nrf_log_backend_add)
    nrf_log_backend_serial_put               0x0001707d   Thumb Code   254  nrf_log_backend_serial.o(i.nrf_log_backend_serial_put)
    nrf_log_backend_uart_init                0x0001717d   Thumb Code    12  nrf_log_backend_uart.o(i.nrf_log_backend_uart_init)
    nrf_log_color_id_get                     0x000171c1   Thumb Code    52  nrf_log_frontend.o(i.nrf_log_color_id_get)
    nrf_log_default_backends_init            0x000171f9   Thumb Code    32  nrf_log_default_backends.o(i.nrf_log_default_backends_init)
    nrf_log_frontend_dequeue                 0x0001721d   Thumb Code   696  nrf_log_frontend.o(i.nrf_log_frontend_dequeue)
    nrf_log_frontend_std_0                   0x000174dd   Thumb Code    20  nrf_log_frontend.o(i.nrf_log_frontend_std_0)
    nrf_log_frontend_std_1                   0x000174f1   Thumb Code    24  nrf_log_frontend.o(i.nrf_log_frontend_std_1)
    nrf_log_hexdump_entry_process            0x00017509   Thumb Code   158  nrf_log_str_formatter.o(i.nrf_log_hexdump_entry_process)
    nrf_log_init                             0x000175c1   Thumb Code    82  nrf_log_frontend.o(i.nrf_log_init)
    nrf_log_module_cnt_get                   0x00017629   Thumb Code    10  nrf_log_frontend.o(i.nrf_log_module_cnt_get)
    nrf_log_module_name_get                  0x0001763d   Thumb Code    30  nrf_log_frontend.o(i.nrf_log_module_name_get)
    nrf_log_panic                            0x00017661   Thumb Code    46  nrf_log_frontend.o(i.nrf_log_panic)
    nrf_log_std_entry_process                0x00017695   Thumb Code   200  nrf_log_str_formatter.o(i.nrf_log_std_entry_process)
    nrf_memobj_alloc                         0x0001775d   Thumb Code   122  nrf_memobj.o(i.nrf_memobj_alloc)
    nrf_memobj_free                          0x000177d7   Thumb Code    64  nrf_memobj.o(i.nrf_memobj_free)
    nrf_memobj_get                           0x00017817   Thumb Code    30  nrf_memobj.o(i.nrf_memobj_get)
    nrf_memobj_pool_init                     0x00017835   Thumb Code    12  nrf_memobj.o(i.nrf_memobj_pool_init)
    nrf_memobj_put                           0x00017841   Thumb Code    48  nrf_memobj.o(i.nrf_memobj_put)
    nrf_memobj_read                          0x00017871   Thumb Code    28  nrf_memobj.o(i.nrf_memobj_read)
    nrf_memobj_write                         0x0001788d   Thumb Code    28  nrf_memobj.o(i.nrf_memobj_write)
    nrf_pwr_mgmt_init                        0x000178a9   Thumb Code   124  nrf_pwr_mgmt.o(i.nrf_pwr_mgmt_init)
    nrf_pwr_mgmt_run                         0x00017939   Thumb Code   148  nrf_pwr_mgmt.o(i.nrf_pwr_mgmt_run)
    nrf_saadc_channel_init                   0x000179e1   Thumb Code   108  nrf_saadc.o(i.nrf_saadc_channel_init)
    nrf_sdh_ant_enable                       0x00017ab9   Thumb Code    20  nrf_sdh_ant.o(i.nrf_sdh_ant_enable)
    nrf_sdh_enable_request                   0x00017b2d   Thumb Code    94  nrf_sdh.o(i.nrf_sdh_enable_request)
    nrf_sdh_is_enabled                       0x00017bc9   Thumb Code     6  nrf_sdh.o(i.nrf_sdh_is_enabled)
    nrf_section_iter_init                    0x00017bdb   Thumb Code    20  nrf_section_iter.o(i.nrf_section_iter_init)
    nrf_section_iter_next                    0x00017c1d   Thumb Code    46  nrf_section_iter.o(i.nrf_section_iter_next)
    saadc_callback                           0x00018065   Thumb Code     2  main.o(i.saadc_callback)
    saadc_init                               0x00018069   Thumb Code    68  main.o(i.saadc_init)
    PI                                       0x00019088   Data           4  main.o(.constdata)
    GyroMeasError                            0x0001908c   Data           4  main.o(.constdata)
    nrf_log_backend_uart_api                 0x00019284   Data          12  nrf_log_backend_uart.o(.constdata)
    __ctype_table                            0x00019330   Data         129  ctype_o.o(.constdata)
    Region$$Table$$Base                      0x0001948c   Number         0  anon$$obj.o(Region$$Table)
    Region$$Table$$Limit                     0x000194ac   Number         0  anon$$obj.o(Region$$Table)
    log_const_data$$Base                     0x000194ac   Number         0  nrf_drv_gpiote.o(log_const_data)
    m_nrf_log_gpiote_logs_data_const         0x000194ac   Data           8  nrf_drv_gpiote.o(log_const_data)
    m_nrf_log_swi_logs_data_const            0x000194b4   Data           8  nrf_drv_swi.o(log_const_data)
    m_nrf_log_twi_logs_data_const            0x000194bc   Data           8  nrf_drv_twi.o(log_const_data)
    m_nrf_log_timer_logs_data_const          0x000194c4   Data           8  nrf_drv_timer.o(log_const_data)
    m_nrf_log_uart_logs_data_const           0x000194cc   Data           8  nrf_drv_uart.o(log_const_data)
    m_nrf_log_saadc_logs_data_const          0x000194d4   Data           8  nrf_drv_saadc.o(log_const_data)
    m_nrf_log_hardfault_logs_data_const      0x000194dc   Data           8  hardfault_implementation.o(log_const_data)
    m_nrf_log_balloc_logs_data_const         0x000194e4   Data           8  nrf_balloc.o(log_const_data)
    m_nrf_log_pwr_mgmt_logs_data_const       0x000194ec   Data           8  nrf_pwr_mgmt.o(log_const_data)
    m_nrf_log_app_logs_data_const            0x000194f4   Data           8  nrf_log_frontend.o(log_const_data)
    m_nrf_log_nrf_sdh_logs_data_const        0x000194fc   Data           8  nrf_sdh.o(log_const_data)
    m_nrf_log_nrf_sdh_ant_logs_data_const    0x00019504   Data           8  nrf_sdh_ant.o(log_const_data)
    log_const_data$$Limit                    0x0001950c   Number         0  nrf_sdh_ant.o(log_const_data)
    sdh_ant_observers1$$Base                 0x0001950c   Number         0  main.o(sdh_ant_observers1)
    sdh_ant_observers1$$Limit                0x00019514   Number         0  main.o(sdh_ant_observers1)
    sdh_stack_observers0$$Base               0x00019514   Number         0  nrf_sdh_ant.o(sdh_stack_observers0)
    sdh_stack_observers0$$Limit              0x0001951c   Number         0  nrf_sdh_ant.o(sdh_stack_observers0)
    pitch                                    0x20000b80   Data           4  main.o(.data)
    yaw                                      0x20000b84   Data           4  main.o(.data)
    roll                                     0x20000b88   Data           4  main.o(.data)
    lastUpdate                               0x20000b8c   Data           4  main.o(.data)
    firstUpdate                              0x20000b90   Data           4  main.o(.data)
    Now                                      0x20000b94   Data           4  main.o(.data)
    q                                        0x20000b98   Data          16  main.o(.data)
    count                                    0x20000ba8   Data           4  main.o(.data)
    stato                                    0x20000bac   Data           4  main.o(.data)
    i                                        0x20000bb0   Data           4  main.o(.data)
    m_uart                                   0x20000c24   Data           8  nrf_log_backend_uart.o(.data)
    SystemCoreClock                          0x20000c78   Data           4  system_nrf52.o(.data)
    log_dynamic_data$$Base                   0x20000c80   Number         0  nrf_drv_gpiote.o(log_dynamic_data)
    m_nrf_log_gpiote_logs_data_dynamic       0x20000c80   Data          12  nrf_drv_gpiote.o(log_dynamic_data)
    m_nrf_log_swi_logs_data_dynamic          0x20000c8c   Data          12  nrf_drv_swi.o(log_dynamic_data)
    m_nrf_log_twi_logs_data_dynamic          0x20000c98   Data          12  nrf_drv_twi.o(log_dynamic_data)
    m_nrf_log_timer_logs_data_dynamic        0x20000ca4   Data          12  nrf_drv_timer.o(log_dynamic_data)
    m_nrf_log_uart_logs_data_dynamic         0x20000cb0   Data          12  nrf_drv_uart.o(log_dynamic_data)
    m_nrf_log_saadc_logs_data_dynamic        0x20000cbc   Data          12  nrf_drv_saadc.o(log_dynamic_data)
    m_nrf_log_hardfault_logs_data_dynamic    0x20000cc8   Data          12  hardfault_implementation.o(log_dynamic_data)
    m_nrf_log_balloc_logs_data_dynamic       0x20000cd4   Data          12  nrf_balloc.o(log_dynamic_data)
    m_nrf_log_pwr_mgmt_logs_data_dynamic     0x20000ce0   Data          12  nrf_pwr_mgmt.o(log_dynamic_data)
    m_nrf_log_app_logs_data_dynamic          0x20000cec   Data          12  nrf_log_frontend.o(log_dynamic_data)
    m_nrf_log_nrf_sdh_logs_data_dynamic      0x20000cf8   Data          12  nrf_sdh.o(log_dynamic_data)
    m_nrf_log_nrf_sdh_ant_logs_data_dynamic  0x20000d04   Data          12  nrf_sdh_ant.o(log_dynamic_data)
    nrf_nvic_state                           0x20000f84   Data          12  app_util_platform.o(.bss)
    STACK$$Base                              0x20001540   Number         0  arm_startup_nrf52.o(STACK)
    STACK$$Limit                             0x20003540   Number         0  arm_startup_nrf52.o(STACK)
    __initial_sp                             0x20003540   Data           0  arm_startup_nrf52.o(STACK)



==============================================================================

Memory Map of the image

  Image Entry point : 0x00012201

  Load Region LR_IROM1 (Base: 0x00012000, Size: 0x000076ac, Max: 0x0006e000, ABSOLUTE, COMPRESSED[0x00007560])

    Execution Region ER_IROM1 (Exec base: 0x00012000, Load base: 0x00012000, Size: 0x0000751c, Max: 0x0006e000, ABSOLUTE)

    Exec Addr    Load Addr    Size         Type   Attr      Idx    E Section Name        Object

    0x00012000   0x00012000   0x00000200   Data   RO         4203    RESET               arm_startup_nrf52.o
    0x00012200   0x00012200   0x00000000   Code   RO         4318  * .ARM.Collect$$$$00000000  mc_w.l(entry.o)
    0x00012200   0x00012200   0x00000004   Code   RO         4371    .ARM.Collect$$$$00000001  mc_w.l(entry2.o)
    0x00012204   0x00012204   0x00000004   Code   RO         4374    .ARM.Collect$$$$00000004  mc_w.l(entry5.o)
    0x00012208   0x00012208   0x00000000   Code   RO         4376    .ARM.Collect$$$$00000008  mc_w.l(entry7b.o)
    0x00012208   0x00012208   0x00000000   Code   RO         4378    .ARM.Collect$$$$0000000A  mc_w.l(entry8b.o)
    0x00012208   0x00012208   0x00000008   Code   RO         4379    .ARM.Collect$$$$0000000B  mc_w.l(entry9a.o)
    0x00012210   0x00012210   0x00000004   Code   RO         4386    .ARM.Collect$$$$0000000E  mc_w.l(entry12b.o)
    0x00012214   0x00012214   0x00000000   Code   RO         4381    .ARM.Collect$$$$0000000F  mc_w.l(entry10a.o)
    0x00012214   0x00012214   0x00000000   Code   RO         4383    .ARM.Collect$$$$00000011  mc_w.l(entry11a.o)
    0x00012214   0x00012214   0x00000004   Code   RO         4372    .ARM.Collect$$$$00002712  mc_w.l(entry2.o)
    0x00012218   0x00012218   0x00000034   Code   RO         2875    .emb_text           hardfault_handler_keil.o
    0x0001224c   0x0001224c   0x0000009a   Code   RO         3010    .emb_text           nrf_memobj.o
    0x000122e6   0x000122e6   0x00000002   PAD
    0x000122e8   0x000122e8   0x0000009a   Code   RO         3617    .emb_text           nrf_log_frontend.o
    0x00012382   0x00012382   0x00000002   PAD
    0x00012384   0x00012384   0x00000024   Code   RO         4204    .text               arm_startup_nrf52.o
    0x000123a8   0x000123a8   0x00000062   Code   RO         4321    .text               mc_w.l(uldiv.o)
    0x0001240a   0x0001240a   0x00000002   PAD
    0x0001240c   0x0001240c   0x00000008   Code   RO         4323    .text               mc_w.l(ctype_o.o)
    0x00012414   0x00012414   0x00000024   Code   RO         4351    .text               mc_w.l(memcpya.o)
    0x00012438   0x00012438   0x00000024   Code   RO         4353    .text               mc_w.l(memseta.o)
    0x0001245c   0x0001245c   0x0000000e   Code   RO         4355    .text               mc_w.l(strlen.o)
    0x0001246a   0x0001246a   0x0000014e   Code   RO         4359    .text               mf_w.l(dadd.o)
    0x000125b8   0x000125b8   0x000000e4   Code   RO         4361    .text               mf_w.l(dmul.o)
    0x0001269c   0x0001269c   0x000000de   Code   RO         4363    .text               mf_w.l(ddiv.o)
    0x0001277a   0x0001277a   0x00000022   Code   RO         4365    .text               mf_w.l(dflti.o)
    0x0001279c   0x0001279c   0x00000026   Code   RO         4367    .text               mf_w.l(f2d.o)
    0x000127c2   0x000127c2   0x00000038   Code   RO         4369    .text               mf_w.l(d2f.o)
    0x000127fa   0x000127fa   0x0000001e   Code   RO         4387    .text               mc_w.l(llshl.o)
    0x00012818   0x00012818   0x00000020   Code   RO         4389    .text               mc_w.l(llushr.o)
    0x00012838   0x00012838   0x00000024   Code   RO         4391    .text               mc_w.l(llsshr.o)
    0x0001285c   0x0001285c   0x00000000   Code   RO         4400    .text               mc_w.l(iusefp.o)
    0x0001285c   0x0001285c   0x0000006e   Code   RO         4401    .text               mf_w.l(fepilogue.o)
    0x000128ca   0x000128ca   0x000000ba   Code   RO         4403    .text               mf_w.l(depilogue.o)
    0x00012984   0x00012984   0x000000a2   Code   RO         4405    .text               mf_w.l(dsqrt.o)
    0x00012a26   0x00012a26   0x00000002   PAD
    0x00012a28   0x00012a28   0x00000024   Code   RO         4409    .text               mc_w.l(init.o)
    0x00012a4c   0x00012a4c   0x00000056   Code   RO         4419    .text               mc_w.l(__dczerorl2.o)
    0x00012aa2   0x00012aa2   0x00000002   PAD
    0x00012aa4   0x00012aa4   0x00000238   Code   RO          920    i.GPIOTE_IRQHandler  nrf_drv_gpiote.o
    0x00012cdc   0x00012cdc   0x00000022   Code   RO         2897    i.HardFault_c_handler  hardfault_implementation.o
    0x00012cfe   0x00012cfe   0x00000002   PAD
    0x00012d00   0x00012d00   0x00000044   Code   RO         2898    i.HardFault_process  hardfault_implementation.o
    0x00012d44   0x00012d44   0x0000001c   Code   RO          430    i.ICM20948_configAccel  app_icm20948.o
    0x00012d60   0x00012d60   0x0000001c   Code   RO          431    i.ICM20948_configGyro  app_icm20948.o
    0x00012d7c   0x00012d7c   0x0000001c   Code   RO          433    i.ICM20948_enableAccelGyro  app_icm20948.o
    0x00012d98   0x00012d98   0x0000001c   Code   RO          435    i.ICM20948_reset    app_icm20948.o
    0x00012db4   0x00012db4   0x0000001a   Code   RO          436    i.ICM20948_resetMag  app_icm20948.o
    0x00012dce   0x00012dce   0x0000001c   Code   RO          437    i.ICM20948_selectAutoClockSource  app_icm20948.o
    0x00012dea   0x00012dea   0x00000034   Code   RO          438    i.ICM20948_setAccelSrd  app_icm20948.o
    0x00012e1e   0x00012e1e   0x0000001e   Code   RO          439    i.ICM20948_setGyroSrd  app_icm20948.o
    0x00012e3c   0x00012e3c   0x0000086c   Code   RO            4    i.MadgwickQuaternionUpdate  main.o
    0x000136a8   0x000136a8   0x00000018   Code   RO         2576    i.NVIC_ClearPendingIRQ  app_timer.o
    0x000136c0   0x000136c0   0x00000016   Code   RO         2577    i.NVIC_EnableIRQ    app_timer.o
    0x000136d6   0x000136d6   0x00000002   PAD
    0x000136d8   0x000136d8   0x00000018   Code   RO         2578    i.NVIC_SetPendingIRQ  app_timer.o
    0x000136f0   0x000136f0   0x00000028   Code   RO         2579    i.NVIC_SetPriority  app_timer.o
    0x00013718   0x00013718   0x00000034   Code   RO         2580    i.RTC1_IRQHandler   app_timer.o
    0x0001374c   0x0001374c   0x000001cc   Code   RO         2203    i.SAADC_IRQHandler  nrf_drv_saadc.o
    0x00013918   0x00013918   0x00000014   Code   RO         1399    i.SPIM0_SPIS0_TWIM0_TWIS0_SPI0_TWI0_IRQHandler  nrf_drv_twi.o
    0x0001392c   0x0001392c   0x00000008   Code   RO         2581    i.SWI0_EGU0_IRQHandler  app_timer.o
    0x00013934   0x00013934   0x00000014   Code   RO         1307    i.SWI1_EGU1_IRQHandler  nrf_drv_swi.o
    0x00013948   0x00013948   0x00000010   Code   RO         4211    i.SystemCoreClockUpdate  system_nrf52.o
    0x00013958   0x00013958   0x00000284   Code   RO         4212    i.SystemInit        system_nrf52.o
    0x00013bdc   0x00013bdc   0x00000018   Code   RO         1615    i.TIMER0_IRQHandler  nrf_drv_timer.o
    0x00013bf4   0x00013bf4   0x00000024   Code   RO         1775    i.UARTE0_UART0_IRQHandler  nrf_drv_uart.o
    0x00013c18   0x00013c18   0x0000007a   Code   RO         4294    i.__hardfp_sqrt     m_wm.l(sqrt.o)
    0x00013c92   0x00013c92   0x0000003a   Code   RO         4306    i.__hardfp_sqrtf    m_wm.l(sqrtf.o)
    0x00013ccc   0x00013ccc   0x0000000e   Code   RO         4413    i.__scatterload_copy  mc_w.l(handlers.o)
    0x00013cda   0x00013cda   0x00000002   Code   RO         4414    i.__scatterload_null  mc_w.l(handlers.o)
    0x00013cdc   0x00013cdc   0x0000000e   Code   RO         4415    i.__scatterload_zeroinit  mc_w.l(handlers.o)
    0x00013cea   0x00013cea   0x00000002   PAD
    0x00013cec   0x00013cec   0x00000038   Code   RO         4031    i.__sd_nvic_app_accessible_irq  nrf_sdh.o
    0x00013d24   0x00013d24   0x0000000c   Code   RO         2797    i.__sd_nvic_irq_disable  app_util_platform.o
    0x00013d30   0x00013d30   0x00000018   Code   RO         4032    i.__sd_nvic_is_app_accessible_priority  nrf_sdh.o
    0x00013d48   0x00013d48   0x0000000c   Code   RO         4395    i.__set_errno       mc_w.l(errno.o)
    0x00013d54   0x00013d54   0x0000000c   Code   RO          699    i.alert_timer_handler  bsp.o
    0x00013d60   0x00013d60   0x0000005a   Code   RO          858    i.ant_channel_init  ant_channel_config.o
    0x00013dba   0x00013dba   0x00000002   PAD
    0x00013dbc   0x00013dbc   0x00000044   Code   RO            5    i.ant_channel_rx_broadcast_setup  main.o
    0x00013e00   0x00013e00   0x000000cc   Code   RO            6    i.ant_evt_handler   main.o
    0x00013ecc   0x00013ecc   0x0000006e   Code   RO            8    i.ant_send          main.o
    0x00013f3a   0x00013f3a   0x00000002   PAD
    0x00013f3c   0x00013f3c   0x0000002c   Code   RO         2380    i.app_button_enable  app_button.o
    0x00013f68   0x00013f68   0x000000a8   Code   RO         2381    i.app_button_init   app_button.o
    0x00014010   0x00014010   0x000000b0   Code   RO         2481    i.app_error_fault_handler  app_error_weak.o
    0x000140c0   0x000140c0   0x0000001c   Code   RO         2442    i.app_error_handler_bare  app_error.o
    0x000140dc   0x000140dc   0x00000012   Code   RO          442    i.app_icm_init      app_icm20948.o
    0x000140ee   0x000140ee   0x00000016   Code   RO          443    i.app_icm_int_cfg_pin  app_icm20948.o
    0x00014104   0x00014104   0x00000042   Code   RO          444    i.app_icm_magnetometer_init  app_icm20948.o
    0x00014146   0x00014146   0x0000003a   Code   RO          445    i.app_icm_read_accel  app_icm20948.o
    0x00014180   0x00014180   0x0000003a   Code   RO          446    i.app_icm_read_gyro  app_icm20948.o
    0x000141ba   0x000141ba   0x00000038   Code   RO          447    i.app_icm_read_magnetometer  app_icm20948.o
    0x000141f2   0x000141f2   0x00000036   Code   RO          449    i.app_icm_reg_bank_select  app_icm20948.o
    0x00014228   0x00014228   0x0000003c   Code   RO         2584    i.app_timer_create  app_timer.o
    0x00014264   0x00014264   0x0000005c   Code   RO         2585    i.app_timer_init    app_timer.o
    0x000142c0   0x000142c0   0x00000054   Code   RO         2588    i.app_timer_start   app_timer.o
    0x00014314   0x00014314   0x00000030   Code   RO         2589    i.app_timer_stop    app_timer.o
    0x00014344   0x00014344   0x0000000c   Code   RO         2798    i.app_util_critical_region_enter  app_util_platform.o
    0x00014350   0x00014350   0x00000048   Code   RO         2799    i.app_util_critical_region_exit  app_util_platform.o
    0x00014398   0x00014398   0x000000e4   Code   RO         1776    i.apply_config      nrf_drv_uart.o
    0x0001447c   0x0001447c   0x00000038   Code   RO         3618    i.backend_id_assign  nrf_log_frontend.o
    0x000144b4   0x000144b4   0x00000030   Code   RO          585    i.bsp_board_led_invert  boards.o
    0x000144e4   0x000144e4   0x00000014   Code   RO          586    i.bsp_board_led_off  boards.o
    0x000144f8   0x000144f8   0x00000014   Code   RO          587    i.bsp_board_led_on  boards.o
    0x0001450c   0x0001450c   0x00000030   Code   RO          588    i.bsp_board_led_state_get  boards.o
    0x0001453c   0x0001453c   0x00000030   Code   RO          589    i.bsp_board_leds_init  boards.o
    0x0001456c   0x0001456c   0x00000014   Code   RO          590    i.bsp_board_leds_off  boards.o
    0x00014580   0x00014580   0x00000014   Code   RO          591    i.bsp_board_leds_on  boards.o
    0x00014594   0x00014594   0x00000024   Code   RO          592    i.bsp_board_pin_to_button_idx  boards.o
    0x000145b8   0x000145b8   0x000000c4   Code   RO          700    i.bsp_button_event_handler  bsp.o
    0x0001467c   0x0001467c   0x0000005c   Code   RO          704    i.bsp_event_to_button_action_assign  bsp.o
    0x000146d8   0x000146d8   0x000000ac   Code   RO          706    i.bsp_init          bsp.o
    0x00014784   0x00014784   0x0000037c   Code   RO          707    i.bsp_led_indication  bsp.o
    0x00014b00   0x00014b00   0x00000090   Code   RO         3619    i.buf_prealloc      nrf_log_frontend.o
    0x00014b90   0x00014b90   0x00000020   Code   RO         3572    i.buffer_add        nrf_fprintf_format.o
    0x00014bb0   0x00014bb0   0x00000018   Code   RO         3620    i.buffer_is_empty   nrf_log_frontend.o
    0x00014bc8   0x00014bc8   0x0000000e   Code   RO          710    i.button_timer_handler  bsp.o
    0x00014bd6   0x00014bd6   0x00000002   PAD
    0x00014bd8   0x00014bd8   0x00000020   Code   RO          921    i.channel_free      nrf_drv_gpiote.o
    0x00014bf8   0x00014bf8   0x00000010   Code   RO          922    i.channel_handler_get  nrf_drv_gpiote.o
    0x00014c08   0x00014c08   0x00000080   Code   RO          923    i.channel_port_alloc  nrf_drv_gpiote.o
    0x00014c88   0x00014c88   0x0000000c   Code   RO          924    i.channel_port_get  nrf_drv_gpiote.o
    0x00014c94   0x00014c94   0x00000090   Code   RO         2591    i.compare_reg_update  app_timer.o
    0x00014d24   0x00014d24   0x0000008c   Code   RO         2383    i.detection_delay_timeout_handler  app_button.o
    0x00014db0   0x00014db0   0x00000064   Code   RO         2592    i.elapsed_ticks_acquire  app_timer.o
    0x00014e14   0x00014e14   0x00000054   Code   RO         4213    i.errata_108        system_nrf52.o
    0x00014e68   0x00014e68   0x00000054   Code   RO         4214    i.errata_12         system_nrf52.o
    0x00014ebc   0x00014ebc   0x00000054   Code   RO         4215    i.errata_136        system_nrf52.o
    0x00014f10   0x00014f10   0x00000030   Code   RO         4216    i.errata_16         system_nrf52.o
    0x00014f40   0x00014f40   0x00000054   Code   RO         4217    i.errata_31         system_nrf52.o
    0x00014f94   0x00014f94   0x00000030   Code   RO         4218    i.errata_32         system_nrf52.o
    0x00014fc4   0x00014fc4   0x00000054   Code   RO         4219    i.errata_36         system_nrf52.o
    0x00015018   0x00015018   0x00000030   Code   RO         4220    i.errata_37         system_nrf52.o
    0x00015048   0x00015048   0x00000030   Code   RO         4221    i.errata_57         system_nrf52.o
    0x00015078   0x00015078   0x00000030   Code   RO         4222    i.errata_66         system_nrf52.o
    0x000150a8   0x000150a8   0x00000058   Code   RO         2593    i.expired_timers_handler  app_timer.o
    0x00015100   0x00015100   0x00000080   Code   RO         2384    i.gpiote_event_handler  app_button.o
    0x00015180   0x00015180   0x00000094   Code   RO            9    i.icm_init          main.o
    0x00015214   0x00015214   0x000000be   Code   RO         3573    i.int_print         nrf_fprintf_format.o
    0x000152d2   0x000152d2   0x00000002   PAD
    0x000152d4   0x000152d4   0x0000008c   Code   RO         1777    i.interrupts_enable  nrf_drv_uart.o
    0x00015360   0x00015360   0x0000005c   Code   RO         1616    i.irq_handler       nrf_drv_timer.o
    0x000153bc   0x000153bc   0x000000d4   Code   RO         1400    i.irq_handler_twi   nrf_drv_twi.o
    0x00015490   0x00015490   0x00000028   Code   RO          711    i.leds_off          bsp.o
    0x000154b8   0x000154b8   0x00000020   Code   RO          712    i.leds_timer_handler  bsp.o
    0x000154d8   0x000154d8   0x0000013c   Code   RO         2594    i.list_insertions_handler  app_timer.o
    0x00015614   0x00015614   0x00000022   Code   RO           10    i.log_init          main.o
    0x00015636   0x00015636   0x00000002   PAD
    0x00015638   0x00015638   0x000000cc   Code   RO         3623    i.log_skip          nrf_log_frontend.o
    0x00015704   0x00015704   0x000005b8   Code   RO           11    i.main              main.o
    0x00015cbc   0x00015cbc   0x000000ae   Code   RO         3011    i.memobj_op         nrf_memobj.o
    0x00015d6a   0x00015d6a   0x00000002   PAD
    0x00015d6c   0x00015d6c   0x0000003c   Code   RO         3624    i.module_idx_get    nrf_log_frontend.o
    0x00015da8   0x00015da8   0x00000016   Code   RO         3625    i.nrf_atomic_flag_set  nrf_log_frontend.o
    0x00015dbe   0x00015dbe   0x00000052   Code   RO         2959    i.nrf_balloc_alloc  nrf_balloc.o
    0x00015e10   0x00015e10   0x00000010   Code   RO         2960    i.nrf_balloc_block2idx  nrf_balloc.o
    0x00015e20   0x00015e20   0x00000030   Code   RO         2961    i.nrf_balloc_free   nrf_balloc.o
    0x00015e50   0x00015e50   0x0000000c   Code   RO         2962    i.nrf_balloc_idx2block  nrf_balloc.o
    0x00015e5c   0x00015e5c   0x0000003c   Code   RO         2963    i.nrf_balloc_init   nrf_balloc.o
    0x00015e98   0x00015e98   0x00000016   Code   RO          925    i.nrf_bitmask_bit_is_set  nrf_drv_gpiote.o
    0x00015eae   0x00015eae   0x00000012   Code   RO           12    i.nrf_delay_ms      main.o
    0x00015ec0   0x00015ec0   0x0000009c   Code   RO           13    i.nrf_delay_us      main.o
    0x00015f5c   0x00015f5c   0x0000009c   Code   RO         1401    i.nrf_delay_us      nrf_drv_twi.o
    0x00015ff8   0x00015ff8   0x0000009c   Code   RO         2595    i.nrf_delay_us      app_timer.o
    0x00016094   0x00016094   0x0000001c   Code   RO         1778    i.nrf_drv_common_irq_disable  nrf_drv_uart.o
    0x000160b0   0x000160b0   0x00000060   Code   RO          882    i.nrf_drv_common_irq_enable  nrf_drv_common.o
    0x00016110   0x00016110   0x0000000a   Code   RO         1402    i.nrf_drv_get_IRQn  nrf_drv_twi.o
    0x0001611a   0x0001611a   0x0000000a   Code   RO         1779    i.nrf_drv_get_IRQn  nrf_drv_uart.o
    0x00016124   0x00016124   0x000000ac   Code   RO          930    i.nrf_drv_gpiote_in_event_enable  nrf_drv_gpiote.o
    0x000161d0   0x000161d0   0x000000dc   Code   RO          931    i.nrf_drv_gpiote_in_init  nrf_drv_gpiote.o
    0x000162ac   0x000162ac   0x00000014   Code   RO          932    i.nrf_drv_gpiote_in_is_set  nrf_drv_gpiote.o
    0x000162c0   0x000162c0   0x00000060   Code   RO          934    i.nrf_drv_gpiote_init  nrf_drv_gpiote.o
    0x00016320   0x00016320   0x00000014   Code   RO          935    i.nrf_drv_gpiote_is_init  nrf_drv_gpiote.o
    0x00016334   0x00016334   0x00000014   Code   RO         1780    i.nrf_drv_is_in_RAM  nrf_drv_uart.o
    0x00016348   0x00016348   0x00000038   Code   RO          334    i.nrf_drv_mpu_init  nrf_drv_mpu_twi.o
    0x00016380   0x00016380   0x00000084   Code   RO          335    i.nrf_drv_mpu_read_magnetometer_registers  nrf_drv_mpu_twi.o
    0x00016404   0x00016404   0x00000084   Code   RO          336    i.nrf_drv_mpu_read_registers  nrf_drv_mpu_twi.o
    0x00016488   0x00016488   0x00000058   Code   RO          337    i.nrf_drv_mpu_twi_event_handler  nrf_drv_mpu_twi.o
    0x000164e0   0x000164e0   0x00000054   Code   RO          338    i.nrf_drv_mpu_write_magnetometer_register  nrf_drv_mpu_twi.o
    0x00016534   0x00016534   0x00000054   Code   RO          340    i.nrf_drv_mpu_write_single_register  nrf_drv_mpu_twi.o
    0x00016588   0x00016588   0x00000088   Code   RO         2207    i.nrf_drv_saadc_channel_init  nrf_drv_saadc.o
    0x00016610   0x00016610   0x000000a4   Code   RO         2209    i.nrf_drv_saadc_init  nrf_drv_saadc.o
    0x000166b4   0x000166b4   0x000000e4   Code   RO         2213    i.nrf_drv_saadc_sample_convert  nrf_drv_saadc.o
    0x00016798   0x00016798   0x00000030   Code   RO         1313    i.nrf_drv_swi_process  nrf_drv_swi.o
    0x000167c8   0x000167c8   0x00000024   Code   RO         1405    i.nrf_drv_twi_enable  nrf_drv_twi.o
    0x000167ec   0x000167ec   0x00000098   Code   RO         1406    i.nrf_drv_twi_init  nrf_drv_twi.o
    0x00016884   0x00016884   0x0000002c   Code   RO         1408    i.nrf_drv_twi_rx    nrf_drv_twi.o
    0x000168b0   0x000168b0   0x0000003c   Code   RO         1411    i.nrf_drv_twi_tx    nrf_drv_twi.o
    0x000168ec   0x000168ec   0x0000003c   Code   RO         1413    i.nrf_drv_twi_xfer  nrf_drv_twi.o
    0x00016928   0x00016928   0x00000084   Code   RO         1782    i.nrf_drv_uart_init  nrf_drv_uart.o
    0x000169ac   0x000169ac   0x00000064   Code   RO         1790    i.nrf_drv_uart_tx   nrf_drv_uart.o
    0x00016a10   0x00016a10   0x0000008c   Code   RO         1792    i.nrf_drv_uart_tx_for_uart  nrf_drv_uart.o
    0x00016a9c   0x00016a9c   0x0000007c   Code   RO         1793    i.nrf_drv_uart_tx_for_uarte  nrf_drv_uart.o
    0x00016b18   0x00016b18   0x0000001c   Code   RO         1794    i.nrf_drv_uart_tx_in_progress  nrf_drv_uart.o
    0x00016b34   0x00016b34   0x0000008c   Code   RO         1795    i.nrf_drv_uart_uninit  nrf_drv_uart.o
    0x00016bc0   0x00016bc0   0x0000002a   Code   RO         3529    i.nrf_fprintf       nrf_fprintf.o
    0x00016bea   0x00016bea   0x0000001c   Code   RO         3530    i.nrf_fprintf_buffer_flush  nrf_fprintf.o
    0x00016c06   0x00016c06   0x000001f0   Code   RO         3574    i.nrf_fprintf_fmt   nrf_fprintf_format.o
    0x00016df6   0x00016df6   0x00000028   Code   RO          594    i.nrf_gpio_cfg      boards.o
    0x00016e1e   0x00016e1e   0x00000028   Code   RO          949    i.nrf_gpio_cfg      nrf_drv_gpiote.o
    0x00016e46   0x00016e46   0x00000028   Code   RO         1796    i.nrf_gpio_cfg      nrf_drv_uart.o
    0x00016e6e   0x00016e6e   0x00000018   Code   RO         1797    i.nrf_gpio_cfg_default  nrf_drv_uart.o
    0x00016e86   0x00016e86   0x0000001a   Code   RO         1798    i.nrf_gpio_cfg_input  nrf_drv_uart.o
    0x00016ea0   0x00016ea0   0x00000018   Code   RO         1799    i.nrf_gpio_cfg_output  nrf_drv_uart.o
    0x00016eb8   0x00016eb8   0x00000032   Code   RO          951    i.nrf_gpio_cfg_sense_set  nrf_drv_gpiote.o
    0x00016eea   0x00016eea   0x00000016   Code   RO           14    i.nrf_gpio_pin_clear  main.o
    0x00016f00   0x00016f00   0x00000016   Code   RO         1414    i.nrf_gpio_pin_clear  nrf_drv_twi.o
    0x00016f16   0x00016f16   0x00000016   Code   RO         3096    i.nrf_gpio_pin_clear  nrf_pwr_mgmt.o
    0x00016f2c   0x00016f2c   0x00000018   Code   RO          953    i.nrf_gpio_pin_read  nrf_drv_gpiote.o
    0x00016f44   0x00016f44   0x00000016   Code   RO           15    i.nrf_gpio_pin_set  main.o
    0x00016f5a   0x00016f5a   0x00000016   Code   RO         1415    i.nrf_gpio_pin_set  nrf_drv_twi.o
    0x00016f70   0x00016f70   0x00000016   Code   RO         1800    i.nrf_gpio_pin_set  nrf_drv_uart.o
    0x00016f86   0x00016f86   0x0000003a   Code   RO          595    i.nrf_gpio_pin_write  boards.o
    0x00016fc0   0x00016fc0   0x00000028   Code   RO          955    i.nrf_gpio_ports_read  nrf_drv_gpiote.o
    0x00016fe8   0x00016fe8   0x0000000c   Code   RO          956    i.nrf_gpiote_event_addr_get  nrf_drv_gpiote.o
    0x00016ff4   0x00016ff4   0x0000001c   Code   RO          957    i.nrf_gpiote_event_clear  nrf_drv_gpiote.o
    0x00017010   0x00017010   0x00000016   Code   RO          958    i.nrf_gpiote_event_is_set  nrf_drv_gpiote.o
    0x00017026   0x00017026   0x00000002   PAD
    0x00017028   0x00017028   0x0000000c   Code   RO          959    i.nrf_gpiote_int_enable  nrf_drv_gpiote.o
    0x00017034   0x00017034   0x00000048   Code   RO         3626    i.nrf_log_backend_add  nrf_log_frontend.o
    0x0001707c   0x0001707c   0x000000fe   Code   RO         3841    i.nrf_log_backend_serial_put  nrf_log_backend_serial.o
    0x0001717a   0x0001717a   0x00000002   Code   RO         3881    i.nrf_log_backend_uart_flush  nrf_log_backend_uart.o
    0x0001717c   0x0001717c   0x0000000c   Code   RO         3882    i.nrf_log_backend_uart_init  nrf_log_backend_uart.o
    0x00017188   0x00017188   0x00000018   Code   RO         3883    i.nrf_log_backend_uart_panic_set  nrf_log_backend_uart.o
    0x000171a0   0x000171a0   0x00000020   Code   RO         3884    i.nrf_log_backend_uart_put  nrf_log_backend_uart.o
    0x000171c0   0x000171c0   0x00000038   Code   RO         3628    i.nrf_log_color_id_get  nrf_log_frontend.o
    0x000171f8   0x000171f8   0x00000024   Code   RO         3952    i.nrf_log_default_backends_init  nrf_log_default_backends.o
    0x0001721c   0x0001721c   0x000002c0   Code   RO         3629    i.nrf_log_frontend_dequeue  nrf_log_frontend.o
    0x000174dc   0x000174dc   0x00000014   Code   RO         3631    i.nrf_log_frontend_std_0  nrf_log_frontend.o
    0x000174f0   0x000174f0   0x00000018   Code   RO         3632    i.nrf_log_frontend_std_1  nrf_log_frontend.o
    0x00017508   0x00017508   0x000000b8   Code   RO         3985    i.nrf_log_hexdump_entry_process  nrf_log_str_formatter.o
    0x000175c0   0x000175c0   0x00000068   Code   RO         3638    i.nrf_log_init      nrf_log_frontend.o
    0x00017628   0x00017628   0x00000014   Code   RO         3639    i.nrf_log_module_cnt_get  nrf_log_frontend.o
    0x0001763c   0x0001763c   0x00000024   Code   RO         3642    i.nrf_log_module_name_get  nrf_log_frontend.o
    0x00017660   0x00017660   0x00000034   Code   RO         3643    i.nrf_log_panic     nrf_log_frontend.o
    0x00017694   0x00017694   0x000000c8   Code   RO         3986    i.nrf_log_std_entry_process  nrf_log_str_formatter.o
    0x0001775c   0x0001775c   0x0000007a   Code   RO         3012    i.nrf_memobj_alloc  nrf_memobj.o
    0x000177d6   0x000177d6   0x00000040   Code   RO         3013    i.nrf_memobj_free   nrf_memobj.o
    0x00017816   0x00017816   0x0000001e   Code   RO         3014    i.nrf_memobj_get    nrf_memobj.o
    0x00017834   0x00017834   0x0000000c   Code   RO         3015    i.nrf_memobj_pool_init  nrf_memobj.o
    0x00017840   0x00017840   0x00000030   Code   RO         3016    i.nrf_memobj_put    nrf_memobj.o
    0x00017870   0x00017870   0x0000001c   Code   RO         3017    i.nrf_memobj_read   nrf_memobj.o
    0x0001788c   0x0001788c   0x0000001c   Code   RO         3018    i.nrf_memobj_write  nrf_memobj.o
    0x000178a8   0x000178a8   0x00000090   Code   RO         3099    i.nrf_pwr_mgmt_init  nrf_pwr_mgmt.o
    0x00017938   0x00017938   0x00000098   Code   RO         3100    i.nrf_pwr_mgmt_run  nrf_pwr_mgmt.o
    0x000179d0   0x000179d0   0x00000010   Code   RO         2216    i.nrf_saadc_buffer_init  nrf_drv_saadc.o
    0x000179e0   0x000179e0   0x00000070   Code   RO         2352    i.nrf_saadc_channel_init  nrf_saadc.o
    0x00017a50   0x00017a50   0x00000018   Code   RO         2217    i.nrf_saadc_channel_input_set  nrf_drv_saadc.o
    0x00017a68   0x00017a68   0x00000014   Code   RO         2218    i.nrf_saadc_event_check  nrf_drv_saadc.o
    0x00017a7c   0x00017a7c   0x00000018   Code   RO         2219    i.nrf_saadc_event_clear  nrf_drv_saadc.o
    0x00017a94   0x00017a94   0x0000000c   Code   RO         2220    i.nrf_saadc_int_disable  nrf_drv_saadc.o
    0x00017aa0   0x00017aa0   0x0000000c   Code   RO         2221    i.nrf_saadc_int_enable  nrf_drv_saadc.o
    0x00017aac   0x00017aac   0x0000000c   Code   RO         2223    i.nrf_saadc_task_trigger  nrf_drv_saadc.o
    0x00017ab8   0x00017ab8   0x00000018   Code   RO         4166    i.nrf_sdh_ant_enable  nrf_sdh_ant.o
    0x00017ad0   0x00017ad0   0x0000005c   Code   RO         4167    i.nrf_sdh_ant_evts_poll  nrf_sdh_ant.o
    0x00017b2c   0x00017b2c   0x0000009c   Code   RO         4034    i.nrf_sdh_enable_request  nrf_sdh.o
    0x00017bc8   0x00017bc8   0x0000000c   Code   RO         4036    i.nrf_sdh_is_enabled  nrf_sdh.o
    0x00017bd4   0x00017bd4   0x00000006   Code   RO         4041    i.nrf_section_iter_get  nrf_sdh.o
    0x00017bda   0x00017bda   0x00000014   Code   RO         3187    i.nrf_section_iter_init  nrf_section_iter.o
    0x00017bee   0x00017bee   0x0000002e   Code   RO         3188    i.nrf_section_iter_item_set  nrf_section_iter.o
    0x00017c1c   0x00017c1c   0x0000002e   Code   RO         3189    i.nrf_section_iter_next  nrf_section_iter.o
    0x00017c4a   0x00017c4a   0x0000000e   Code   RO         1631    i.nrf_timer_compare_event_get  nrf_drv_timer.o
    0x00017c58   0x00017c58   0x0000000a   Code   RO         1632    i.nrf_timer_compare_int_get  nrf_drv_timer.o
    0x00017c62   0x00017c62   0x0000000e   Code   RO         1633    i.nrf_timer_event_clear  nrf_drv_timer.o
    0x00017c70   0x00017c70   0x0000000c   Code   RO         1416    i.nrf_twi_errorsrc_get_and_clear  nrf_drv_twi.o
    0x00017c7c   0x00017c7c   0x0000000e   Code   RO         1417    i.nrf_twi_event_check  nrf_drv_twi.o
    0x00017c8a   0x00017c8a   0x0000000e   Code   RO         1418    i.nrf_twi_event_clear  nrf_drv_twi.o
    0x00017c98   0x00017c98   0x00000006   Code   RO         1419    i.nrf_twi_int_disable  nrf_drv_twi.o
    0x00017c9e   0x00017c9e   0x00000006   Code   RO         1420    i.nrf_twi_int_enable  nrf_drv_twi.o
    0x00017ca4   0x00017ca4   0x00000006   Code   RO         1421    i.nrf_twi_shorts_set  nrf_drv_twi.o
    0x00017caa   0x00017caa   0x00000006   Code   RO         1422    i.nrf_twi_task_trigger  nrf_drv_twi.o
    0x00017cb0   0x00017cb0   0x0000000c   Code   RO         1801    i.nrf_uart_errorsrc_get_and_clear  nrf_drv_uart.o
    0x00017cbc   0x00017cbc   0x0000000e   Code   RO         1802    i.nrf_uart_event_check  nrf_drv_uart.o
    0x00017cca   0x00017cca   0x0000000e   Code   RO         1803    i.nrf_uart_event_clear  nrf_drv_uart.o
    0x00017cd8   0x00017cd8   0x0000000a   Code   RO         1804    i.nrf_uart_hwfc_pins_set  nrf_drv_uart.o
    0x00017ce2   0x00017ce2   0x00000006   Code   RO         1805    i.nrf_uart_int_disable  nrf_drv_uart.o
    0x00017ce8   0x00017ce8   0x00000006   Code   RO         1806    i.nrf_uart_int_enable  nrf_drv_uart.o
    0x00017cee   0x00017cee   0x00000012   Code   RO         1807    i.nrf_uart_int_enable_check  nrf_drv_uart.o
    0x00017d00   0x00017d00   0x00000006   Code   RO         1808    i.nrf_uart_task_trigger  nrf_drv_uart.o
    0x00017d06   0x00017d06   0x0000000a   Code   RO         1809    i.nrf_uart_txrx_pins_set  nrf_drv_uart.o
    0x00017d10   0x00017d10   0x0000000c   Code   RO         1810    i.nrf_uarte_errorsrc_get_and_clear  nrf_drv_uart.o
    0x00017d1c   0x00017d1c   0x0000000e   Code   RO         1811    i.nrf_uarte_event_check  nrf_drv_uart.o
    0x00017d2a   0x00017d2a   0x0000000e   Code   RO         1812    i.nrf_uarte_event_clear  nrf_drv_uart.o
    0x00017d38   0x00017d38   0x0000000c   Code   RO         1813    i.nrf_uarte_hwfc_pins_set  nrf_drv_uart.o
    0x00017d44   0x00017d44   0x00000006   Code   RO         1814    i.nrf_uarte_int_disable  nrf_drv_uart.o
    0x00017d4a   0x00017d4a   0x00000006   Code   RO         1815    i.nrf_uarte_int_enable  nrf_drv_uart.o
    0x00017d50   0x00017d50   0x0000000a   Code   RO         1816    i.nrf_uarte_rx_amount_get  nrf_drv_uart.o
    0x00017d5a   0x00017d5a   0x00000006   Code   RO         1817    i.nrf_uarte_task_trigger  nrf_drv_uart.o
    0x00017d60   0x00017d60   0x0000000e   Code   RO         1818    i.nrf_uarte_txrx_pins_set  nrf_drv_uart.o
    0x00017d6e   0x00017d6e   0x00000002   PAD
    0x00017d70   0x00017d70   0x0000001c   Code   RO          962    i.pin_in_use_by_gpiote  nrf_drv_gpiote.o
    0x00017d8c   0x00017d8c   0x00000018   Code   RO          963    i.pin_in_use_by_port  nrf_drv_gpiote.o
    0x00017da4   0x00017da4   0x00000020   Code   RO          964    i.pin_in_use_by_te  nrf_drv_gpiote.o
    0x00017dc4   0x00017dc4   0x0000000c   Code   RO          965    i.pin_in_use_clear  nrf_drv_gpiote.o
    0x00017dd0   0x00017dd0   0x000000d4   Code   RO         1819    i.pins_to_default   nrf_drv_uart.o
    0x00017ea4   0x00017ea4   0x00000044   Code   RO         3987    i.postfix_process   nrf_log_str_formatter.o
    0x00017ee8   0x00017ee8   0x0000005c   Code   RO         3988    i.prefix_process    nrf_log_str_formatter.o
    0x00017f44   0x00017f44   0x0000000c   Code   RO         2596    i.rtc1_compare0_set  app_timer.o
    0x00017f50   0x00017f50   0x0000000c   Code   RO         2597    i.rtc1_counter_get  app_timer.o
    0x00017f5c   0x00017f5c   0x00000018   Code   RO         2598    i.rtc1_init         app_timer.o
    0x00017f74   0x00017f74   0x0000003c   Code   RO         2599    i.rtc1_start        app_timer.o
    0x00017fb0   0x00017fb0   0x00000058   Code   RO         2600    i.rtc1_stop         app_timer.o
    0x00018008   0x00018008   0x0000003e   Code   RO         1820    i.rx_byte           nrf_drv_uart.o
    0x00018046   0x00018046   0x0000001e   Code   RO         1821    i.rx_done_event     nrf_drv_uart.o
    0x00018064   0x00018064   0x00000002   Code   RO           16    i.saadc_callback    main.o
    0x00018066   0x00018066   0x00000002   PAD
    0x00018068   0x00018068   0x0000004c   Code   RO           17    i.saadc_init        main.o
    0x000180b4   0x000180b4   0x00000088   Code   RO         4042    i.sd_nvic_EnableIRQ  nrf_sdh.o
    0x0001813c   0x0001813c   0x00000050   Code   RO         4043    i.sd_nvic_SetPriority  nrf_sdh.o
    0x0001818c   0x0001818c   0x00000068   Code   RO         2804    i.sd_nvic_critical_region_enter  app_util_platform.o
    0x000181f4   0x000181f4   0x0000003c   Code   RO         4044    i.sdh_request_observer_notify  nrf_sdh.o
    0x00018230   0x00018230   0x00000034   Code   RO         4045    i.sdh_state_observer_notify  nrf_sdh.o
    0x00018264   0x00018264   0x00000054   Code   RO         3885    i.serial_tx         nrf_log_backend_uart.o
    0x000182b8   0x000182b8   0x00000034   Code   RO           18    i.softdevice_setup  main.o
    0x000182ec   0x000182ec   0x0000001e   Code   RO         4047    i.softdevices_evt_irq_enable  nrf_sdh.o
    0x0001830a   0x0001830a   0x00000002   PAD
    0x0001830c   0x0001830c   0x00000050   Code   RO         3645    i.std_header_set    nrf_log_frontend.o
    0x0001835c   0x0001835c   0x0000006c   Code   RO         3646    i.std_n             nrf_log_frontend.o
    0x000183c8   0x000183c8   0x00000074   Code   RO         3575    i.string_print      nrf_fprintf_format.o
    0x0001843c   0x0001843c   0x0000003c   Code   RO         4048    i.swi_interrupt_priority_workaround  nrf_sdh.o
    0x00018478   0x00018478   0x0000000a   Code   RO         2601    i.ticks_diff_get    app_timer.o
    0x00018482   0x00018482   0x0000000c   Code   RO         2602    i.timeout_handler_exec  app_timer.o
    0x0001848e   0x0001848e   0x00000002   PAD
    0x00018490   0x00018490   0x00000050   Code   RO         2603    i.timer_list_handler  app_timer.o
    0x000184e0   0x000184e0   0x0000000a   Code   RO         2604    i.timer_list_handler_sched  app_timer.o
    0x000184ea   0x000184ea   0x00000002   PAD
    0x000184ec   0x000184ec   0x00000068   Code   RO         2605    i.timer_list_insert  app_timer.o
    0x00018554   0x00018554   0x00000088   Code   RO         2606    i.timer_list_remove  app_timer.o
    0x000185dc   0x000185dc   0x0000005e   Code   RO         2607    i.timer_start_op_schedule  app_timer.o
    0x0001863a   0x0001863a   0x00000042   Code   RO         2608    i.timer_stop_op_schedule  app_timer.o
    0x0001867c   0x0001867c   0x00000098   Code   RO         2609    i.timer_timeouts_check  app_timer.o
    0x00018714   0x00018714   0x0000000a   Code   RO         2610    i.timer_timeouts_check_sched  app_timer.o
    0x0001871e   0x0001871e   0x00000002   PAD
    0x00018720   0x00018720   0x00000098   Code   RO         1423    i.twi_clear_bus     nrf_drv_twi.o
    0x000187b8   0x000187b8   0x00000024   Code   RO         1424    i.twi_process_error  nrf_drv_twi.o
    0x000187dc   0x000187dc   0x0000004c   Code   RO         1425    i.twi_receive_byte  nrf_drv_twi.o
    0x00018828   0x00018828   0x000000ea   Code   RO         1426    i.twi_rx_start_transfer  nrf_drv_twi.o
    0x00018912   0x00018912   0x00000048   Code   RO         1427    i.twi_send_byte     nrf_drv_twi.o
    0x0001895a   0x0001895a   0x00000126   Code   RO         1428    i.twi_transfer      nrf_drv_twi.o
    0x00018a80   0x00018a80   0x000000f0   Code   RO         1429    i.twi_tx_start_transfer  nrf_drv_twi.o
    0x00018b70   0x00018b70   0x000000c0   Code   RO         1430    i.twi_xfer          nrf_drv_twi.o
    0x00018c30   0x00018c30   0x00000026   Code   RO         1823    i.tx_byte           nrf_drv_uart.o
    0x00018c56   0x00018c56   0x00000022   Code   RO         1824    i.tx_done_event     nrf_drv_uart.o
    0x00018c78   0x00018c78   0x0000000c   Code   RO         3886    i.uart_evt_handler  nrf_log_backend_uart.o
    0x00018c84   0x00018c84   0x00000064   Code   RO         3887    i.uart_init         nrf_log_backend_uart.o
    0x00018ce8   0x00018ce8   0x00000142   Code   RO         1825    i.uart_irq_handler  nrf_drv_uart.o
    0x00018e2a   0x00018e2a   0x0000010c   Code   RO         1826    i.uarte_irq_handler  nrf_drv_uart.o
    0x00018f36   0x00018f36   0x00000002   PAD
    0x00018f38   0x00018f38   0x000000b8   Code   RO         3576    i.unsigned_print    nrf_fprintf_format.o
    0x00018ff0   0x00018ff0   0x0000003c   Code   RO         2611    i.user_op_alloc     app_timer.o
    0x0001902c   0x0001902c   0x0000000c   Code   RO         2612    i.user_op_enque     app_timer.o
    0x00019038   0x00019038   0x00000050   Code   RO           19    i.utils_setup       main.o
    0x00019088   0x00019088   0x00000020   Data   RO           21    .constdata          main.o
    0x000190a8   0x000190a8   0x00000018   Data   RO          342    .constdata          nrf_drv_mpu_twi.o
    0x000190c0   0x000190c0   0x00000008   Data   RO          596    .constdata          boards.o
    0x000190c8   0x000190c8   0x0000002c   Data   RO          715    .constdata          bsp.o
    0x000190f4   0x000190f4   0x00000047   Data   RO          967    .constdata          nrf_drv_gpiote.o
    0x0001913b   0x0001913b   0x00000001   PAD
    0x0001913c   0x0001913c   0x00000038   Data   RO         1432    .constdata          nrf_drv_twi.o
    0x00019174   0x00019174   0x000000bd   Data   RO         2225    .constdata          nrf_drv_saadc.o
    0x00019231   0x00019231   0x00000003   PAD
    0x00019234   0x00019234   0x00000008   Data   RO         2386    .constdata          app_button.o
    0x0001923c   0x0001923c   0x00000024   Data   RO         3104    .constdata          nrf_pwr_mgmt.o
    0x00019260   0x00019260   0x00000010   Data   RO         3577    .constdata          nrf_fprintf_format.o
    0x00019270   0x00019270   0x00000014   Data   RO         3648    .constdata          nrf_log_frontend.o
    0x00019284   0x00019284   0x0000002c   Data   RO         3889    .constdata          nrf_log_backend_uart.o
    0x000192b0   0x000192b0   0x00000058   Data   RO         4049    .constdata          nrf_sdh.o
    0x00019308   0x00019308   0x00000028   Data   RO         4169    .constdata          nrf_sdh_ant.o
    0x00019330   0x00019330   0x00000081   Data   RO         4324    .constdata          mc_w.l(ctype_o.o)
    0x000193b1   0x000193b1   0x00000003   PAD
    0x000193b4   0x000193b4   0x00000004   Data   RO         4325    .constdata          mc_w.l(ctype_o.o)
    0x000193b8   0x000193b8   0x00000009   Data   RO         3649    .conststring        nrf_log_frontend.o
    0x000193c1   0x000193c1   0x00000003   PAD
    0x000193c4   0x000193c4   0x00000066   Data   RO         3989    .conststring        nrf_log_str_formatter.o
    0x0001942a   0x0001942a   0x00000002   PAD
    0x0001942c   0x0001942c   0x00000007   Data   RO          968    .conststrlit        nrf_drv_gpiote.o
    0x00019433   0x00019433   0x00000001   PAD
    0x00019434   0x00019434   0x00000004   Data   RO         1318    .conststrlit        nrf_drv_swi.o
    0x00019438   0x00019438   0x00000004   Data   RO         1433    .conststrlit        nrf_drv_twi.o
    0x0001943c   0x0001943c   0x00000006   Data   RO         1640    .conststrlit        nrf_drv_timer.o
    0x00019442   0x00019442   0x00000002   PAD
    0x00019444   0x00019444   0x00000005   Data   RO         1828    .conststrlit        nrf_drv_uart.o
    0x00019449   0x00019449   0x00000003   PAD
    0x0001944c   0x0001944c   0x00000006   Data   RO         2226    .conststrlit        nrf_drv_saadc.o
    0x00019452   0x00019452   0x00000002   PAD
    0x00019454   0x00019454   0x0000000a   Data   RO         2899    .conststrlit        hardfault_implementation.o
    0x0001945e   0x0001945e   0x00000002   PAD
    0x00019460   0x00019460   0x00000007   Data   RO         2964    .conststrlit        nrf_balloc.o
    0x00019467   0x00019467   0x00000001   PAD
    0x00019468   0x00019468   0x00000009   Data   RO         3105    .conststrlit        nrf_pwr_mgmt.o
    0x00019471   0x00019471   0x00000003   PAD
    0x00019474   0x00019474   0x00000004   Data   RO         3650    .conststrlit        nrf_log_frontend.o
    0x00019478   0x00019478   0x00000008   Data   RO         4050    .conststrlit        nrf_sdh.o
    0x00019480   0x00019480   0x0000000c   Data   RO         4170    .conststrlit        nrf_sdh_ant.o
    0x0001948c   0x0001948c   0x00000020   Data   RO         4411    Region$$Table       anon$$obj.o
    0x000194ac   0x000194ac   0x00000008   Data   RO          969    log_const_data      nrf_drv_gpiote.o
    0x000194b4   0x000194b4   0x00000008   Data   RO         1320    log_const_data      nrf_drv_swi.o
    0x000194bc   0x000194bc   0x00000008   Data   RO         1434    log_const_data      nrf_drv_twi.o
    0x000194c4   0x000194c4   0x00000008   Data   RO         1641    log_const_data      nrf_drv_timer.o
    0x000194cc   0x000194cc   0x00000008   Data   RO         1829    log_const_data      nrf_drv_uart.o
    0x000194d4   0x000194d4   0x00000008   Data   RO         2227    log_const_data      nrf_drv_saadc.o
    0x000194dc   0x000194dc   0x00000008   Data   RO         2900    log_const_data      hardfault_implementation.o
    0x000194e4   0x000194e4   0x00000008   Data   RO         2965    log_const_data      nrf_balloc.o
    0x000194ec   0x000194ec   0x00000008   Data   RO         3107    log_const_data      nrf_pwr_mgmt.o
    0x000194f4   0x000194f4   0x00000008   Data   RO         3652    log_const_data      nrf_log_frontend.o
    0x000194fc   0x000194fc   0x00000008   Data   RO         4052    log_const_data      nrf_sdh.o
    0x00019504   0x00019504   0x00000008   Data   RO         4171    log_const_data      nrf_sdh_ant.o
    0x0001950c   0x0001950c   0x00000008   Data   RO           23    sdh_ant_observers1  main.o
    0x00019514   0x00019514   0x00000008   Data   RO         4173    sdh_stack_observers0  nrf_sdh_ant.o


    Execution Region RW_IRAM1 (Exec base: 0x20000b80, Load base: 0x0001951c, Size: 0x000029c0, Max: 0x0000f480, ABSOLUTE, COMPRESSED[0x00000044])

    Exec Addr    Load Addr    Size         Type   Attr      Idx    E Section Name        Object

    0x20000b80   COMPRESSED   0x00000034   Data   RW           22    .data               main.o
    0x20000bb4   COMPRESSED   0x00000002   Data   RW          343    .data               nrf_drv_mpu_twi.o
    0x20000bb6   COMPRESSED   0x00000002   PAD
    0x20000bb8   COMPRESSED   0x00000015   Data   RW          716    .data               bsp.o
    0x20000bcd   COMPRESSED   0x00000003   PAD
    0x20000bd0   COMPRESSED   0x0000000a   Data   RW         1319    .data               nrf_drv_swi.o
    0x20000bda   COMPRESSED   0x00000002   PAD
    0x20000bdc   COMPRESSED   0x00000014   Data   RW         2387    .data               app_button.o
    0x20000bf0   COMPRESSED   0x00000014   Data   RW         2614    .data               app_timer.o
    0x20000c04   COMPRESSED   0x00000009   Data   RW         3106    .data               nrf_pwr_mgmt.o
    0x20000c0d   COMPRESSED   0x00000003   PAD
    0x20000c10   COMPRESSED   0x00000014   Data   RW         3651    .data               nrf_log_frontend.o
    0x20000c24   COMPRESSED   0x0000000a   Data   RW         3890    .data               nrf_log_backend_uart.o
    0x20000c2e   COMPRESSED   0x00000002   PAD
    0x20000c30   COMPRESSED   0x0000000c   Data   RW         3953    .data               nrf_log_default_backends.o
    0x20000c3c   COMPRESSED   0x00000038   Data   RW         3990    .data               nrf_log_str_formatter.o
    0x20000c74   COMPRESSED   0x00000003   Data   RW         4051    .data               nrf_sdh.o
    0x20000c77   COMPRESSED   0x00000001   PAD
    0x20000c78   COMPRESSED   0x00000004   Data   RW         4223    .data               system_nrf52.o
    0x20000c7c   COMPRESSED   0x00000004   Data   RW         4396    .data               mc_w.l(errno.o)
    0x20000c80   COMPRESSED   0x0000000c   Data   RW          970    log_dynamic_data    nrf_drv_gpiote.o
    0x20000c8c   COMPRESSED   0x0000000c   Data   RW         1321    log_dynamic_data    nrf_drv_swi.o
    0x20000c98   COMPRESSED   0x0000000c   Data   RW         1435    log_dynamic_data    nrf_drv_twi.o
    0x20000ca4   COMPRESSED   0x0000000c   Data   RW         1642    log_dynamic_data    nrf_drv_timer.o
    0x20000cb0   COMPRESSED   0x0000000c   Data   RW         1830    log_dynamic_data    nrf_drv_uart.o
    0x20000cbc   COMPRESSED   0x0000000c   Data   RW         2228    log_dynamic_data    nrf_drv_saadc.o
    0x20000cc8   COMPRESSED   0x0000000c   Data   RW         2901    log_dynamic_data    hardfault_implementation.o
    0x20000cd4   COMPRESSED   0x0000000c   Data   RW         2966    log_dynamic_data    nrf_balloc.o
    0x20000ce0   COMPRESSED   0x0000000c   Data   RW         3108    log_dynamic_data    nrf_pwr_mgmt.o
    0x20000cec   COMPRESSED   0x0000000c   Data   RW         3653    log_dynamic_data    nrf_log_frontend.o
    0x20000cf8   COMPRESSED   0x0000000c   Data   RW         4053    log_dynamic_data    nrf_sdh.o
    0x20000d04   COMPRESSED   0x0000000c   Data   RW         4172    log_dynamic_data    nrf_sdh_ant.o
    0x20000d10        -       0x0000006c   Zero   RW          714    .bss                bsp.o
    0x20000d7c        -       0x00000058   Zero   RW          966    .bss                nrf_drv_gpiote.o
    0x20000dd4        -       0x00000028   Zero   RW         1431    .bss                nrf_drv_twi.o
    0x20000dfc        -       0x0000000c   Zero   RW         1638    .bss                nrf_drv_timer.o
    0x20000e08        -       0x00000020   Zero   RW         1827    .bss                nrf_drv_uart.o
    0x20000e28        -       0x00000030   Zero   RW         2224    .bss                nrf_drv_saadc.o
    0x20000e58        -       0x00000020   Zero   RW         2385    .bss                app_button.o
    0x20000e78        -       0x0000010c   Zero   RW         2613    .bss                app_timer.o
    0x20000f84        -       0x0000000c   Zero   RW         2805    .bss                app_util_platform.o
    0x20000f90        -       0x0000000c   Zero   RW         3103    .bss                nrf_pwr_mgmt.o
    0x20000f9c        -       0x000004e0   Zero   RW         3647    .bss                nrf_log_frontend.o
    0x2000147c        -       0x00000040   Zero   RW         3888    .bss                nrf_log_backend_uart.o
    0x200014bc        -       0x00000080   Zero   RW         4168    .bss                nrf_sdh_ant.o
    0x2000153c   COMPRESSED   0x00000004   PAD
    0x20001540        -       0x00002000   Zero   RW         4201    STACK               arm_startup_nrf52.o


==============================================================================

Image component sizes


      Code (inc. data)   RO Data    RW Data    ZI Data      Debug   Object Name

        90          0          0          0          0       1563   ant_channel_config.o
       480         80          8         20         32      10394   app_button.o
        28          0          0          0          0       2193   app_error.o
       176         40          0          0          0       4266   app_error_weak.o
       580          0          0          0          0      15391   app_icm20948.o
      2200        248          0         20        268      53887   app_timer.o
       200         24          0          0         12      10778   app_util_platform.o
        36          8        512          0       8192        940   arm_startup_nrf52.o
       358         26          8          0          0      12305   boards.o
      1450        120         44         21        108      12931   bsp.o
         0          0          0          0          0       1052   bsp_nfc.o
        52         14          0          0          0        640   hardfault_handler_keil.o
       102          8         18         12          0       3118   hardfault_implementation.o
      4612        324         40         52          0     145513   main.o
       218          0         15         12          0       5249   nrf_balloc.o
        96         12          0          0          0      27751   nrf_drv_common.o
      1630        104         86         12         88      41288   nrf_drv_gpiote.o
       576         66         24          2          0      17456   nrf_drv_mpu_twi.o
      1108         68        203         12         48      22150   nrf_drv_saadc.o
        68         14         12         22          0       6515   nrf_drv_swi.o
       154         10         14         12         12      12992   nrf_drv_timer.o
      2154         44         68         12         40      64367   nrf_drv_twi.o
      2418         74         13         12         32      50738   nrf_drv_uart.o
        70          0          0          0          0       3677   nrf_fprintf.o
      1018          6         16          0          0       6274   nrf_fprintf_format.o
       254          0          0          0          0      11347   nrf_log_backend_serial.o
       266         50         44         10         64      12818   nrf_log_backend_uart.o
        36          4          0         12          0       3283   nrf_log_default_backends.o
      1940         92         41         32       1248      32570   nrf_log_frontend.o
       544         70        102         56          0       5504   nrf_log_str_formatter.o
       660          0          0          0          0      12123   nrf_memobj.o
         0          0          0          0          0       1472   nrf_nvic.o
       318         24         53         21         12      46163   nrf_pwr_mgmt.o
       112          4          0          0          0       6785   nrf_saadc.o
       672        100        104         15          0      47138   nrf_sdh.o
       116         10         68         12        128       3697   nrf_sdh_ant.o
       112          0          0          0          0       2924   nrf_section_iter.o
      1320        134          0          4          0       8143   system_nrf52.o

    ----------------------------------------------------------------------
     26260       1778       1548        396      10288     727395   Object Totals
         0          0         32          0          0          0   (incl. Generated)
        36          0         23         13          4          0   (incl. Padding)

    ----------------------------------------------------------------------

      Code (inc. data)   RO Data    RW Data    ZI Data      Debug   Library Member Name

       122          0          0          0          0        148   sqrt.o
        58          0          0          0          0        136   sqrtf.o
        86          0          0          0          0          0   __dczerorl2.o
         8          4        133          0          0         68   ctype_o.o
         0          0          0          0          0          0   entry.o
         0          0          0          0          0          0   entry10a.o
         0          0          0          0          0          0   entry11a.o
         4          0          0          0          0          0   entry12b.o
         8          4          0          0          0          0   entry2.o
         4          0          0          0          0          0   entry5.o
         0          0          0          0          0          0   entry7b.o
         0          0          0          0          0          0   entry8b.o
         8          4          0          0          0          0   entry9a.o
        12          6          0          4          0         68   errno.o
        30          0          0          0          0          0   handlers.o
        36          8          0          0          0         68   init.o
         0          0          0          0          0          0   iusefp.o
        30          0          0          0          0         68   llshl.o
        36          0          0          0          0         68   llsshr.o
        32          0          0          0          0         68   llushr.o
        36          0          0          0          0         68   memcpya.o
        36          0          0          0          0        108   memseta.o
        14          0          0          0          0         68   strlen.o
        98          0          0          0          0         92   uldiv.o
        56          0          0          0          0         88   d2f.o
       334          0          0          0          0        148   dadd.o
       222          0          0          0          0        100   ddiv.o
       186          0          0          0          0        176   depilogue.o
        34          0          0          0          0         76   dflti.o
       228          0          0          0          0         96   dmul.o
       162          0          0          0          0        100   dsqrt.o
        38          0          0          0          0         68   f2d.o
       110          0          0          0          0        168   fepilogue.o

    ----------------------------------------------------------------------
      2036         26        136          4          0       2048   Library Totals
         8          0          3          0          0          0   (incl. Padding)

    ----------------------------------------------------------------------

      Code (inc. data)   RO Data    RW Data    ZI Data      Debug   Library Name

       180          0          0          0          0        284   m_wm.l
       478         26        133          4          0        744   mc_w.l
      1370          0          0          0          0       1020   mf_w.l

    ----------------------------------------------------------------------
      2036         26        136          4          0       2048   Library Totals

    ----------------------------------------------------------------------

==============================================================================


      Code (inc. data)   RO Data    RW Data    ZI Data      Debug   

     28296       1804       1684        400      10288     699847   Grand Totals
     28296       1804       1684         68      10288     699847   ELF Image Totals (compressed)
     28296       1804       1684         68          0          0   ROM Totals

==============================================================================

    Total RO  Size (Code + RO Data)                29980 (  29.28kB)
    Total RW  Size (RW Data + ZI Data)             10688 (  10.44kB)
    Total ROM Size (Code + RO Data + RW Data)      30048 (  29.34kB)

==============================================================================

