<html>
<body>
<pre>
<h1>µVision Build Log</h1>
<h2>Tool Versions:</h2>
IDE-Version: µVision V5.33.0.0
Copyright (C) 2020 ARM Ltd and ARM Germany GmbH. All rights reserved.
License Information: Stefano Lucchesini, PoliMi, LIC=----
 
Tool Versions:
Toolchain:       MDK-Lite  Version: 5.33.0.0
Toolchain Path:  C:\Keil_v5\ARM\ARMCC\Bin
C Compiler:      Armcc.exe V5.06 update 7 (build 960)
Assembler:       Armasm.exe V5.06 update 7 (build 960)
Linker/Locator:  ArmLink.exe V5.06 update 7 (build 960)
Library Manager: ArmAr.exe V5.06 update 7 (build 960)
Hex Converter:   FromElf.exe V5.06 update 7 (build 960)
CPU DLL:         
Dialog DLL:      
Target DLL:      Segger\JL2CM3.dll V2.99.38.0
Dialog DLL:      TCM.DLL V1.48.0.0
 
<h2>Project:</h2>
C:\Users\Stefano\Desktop\FILE_TESISTI\nRF5_SDK_14.2.0_17b948a\examples\dfu\bootloader_secure_ble\pca10040\arm5_no_packs\secure_dfu_ble_s132_pca10040.uvprojx
Project File Date:  03/06/2021

<h2>Output:</h2>
*** Using Compiler 'V5.06 update 7 (build 960)', folder: 'C:\Keil_v5\ARM\ARMCC\Bin'
Rebuild target 'nrf52832_xxaa_s132'
compiling public_key.c...
compiling dfu-cc.pb.c...
compiling boards.c...
..\..\..\..\..\components\boards\pca10040.h(183): warning:  #1-D: last line of file ends without a newline
  																 
..\..\..\..\..\components\boards\boards.c: 1 warning, 0 errors
compiling main.c...
..\..\..\..\..\components\boards\pca10040.h(183): warning:  #1-D: last line of file ends without a newline
  																 
..\..\main.c: 1 warning, 0 errors
compiling dfu_req_handling.c...
compiling ble_srv_common.c...
compiling nrf_bootloader.c...
compiling nrf_bootloader_app_start_asm.c...
compiling nrf_ble_dfu.c...
..\..\..\..\..\components\boards\pca10040.h(183): warning:  #1-D: last line of file ends without a newline
  																 
..\..\..\..\..\components\libraries\bootloader\ble_dfu\nrf_ble_dfu.c: 1 warning, 0 errors
compiling nrf_bootloader_info.c...
compiling nrf_bootloader_app_start.c...
compiling nrf_dfu.c...
..\..\..\..\..\components\boards\pca10040.h(183): warning:  #1-D: last line of file ends without a newline
  																 
..\..\..\..\..\components\libraries\bootloader\dfu\nrf_dfu.c: 1 warning, 0 errors
compiling nrf_dfu_flash.c...
compiling nrf_dfu_handling_error.c...
compiling nrf_dfu_mbr.c...
compiling nrf_dfu_settings_svci.c...
compiling nrf_dfu_settings.c...
compiling nrf_dfu_transport.c...
compiling nrf_crypto_ecdh.c...
compiling nrf_crypto_ecdsa.c...
compiling nrf_dfu_utils.c...
compiling nrf_crypto_hash.c...
compiling nrf_crypto_init.c...
compiling nrf_crypto_keys.c...
compiling nrf_crypto_mem.c...
compiling micro_ecc_lib_ecdh.c...
compiling nrf_crypto_rng.c...
compiling micro_ecc_lib_init.c...
compiling micro_ecc_lib_keys.c...
compiling micro_ecc_lib_ecdsa.c...
compiling micro_ecc_lib_shared.c...
compiling nrf_crypto_sw_hash.c...
compiling nrf_crypto_sw_rng.c...
compiling nrf_drv_rng.c...
compiling nrf_drv_common.c...
compiling nrf_drv_clock.c...
compiling nrf_nvmc.c...
compiling app_scheduler.c...
compiling app_error_weak.c...
compiling app_timer.c...
compiling crc32.c...
compiling app_util_platform.c...
compiling nrf_assert.c...
compiling hci_mem_pool.c...
compiling mem_manager.c...
compiling nrf_fstorage.c...
compiling nrf_fstorage_nvmc.c...
compiling nrf_atfifo.c...
compiling nrf_fstorage_sd.c...
compiling nrf_section_iter.c...
compiling nrf_strerror.c...
compiling nrf_queue.c...
compiling nrf_dfu_svci.c...
compiling sha256.c...
compiling nrf_dfu_svci_handler.c...
compiling nrf_svc_handler.c...
compiling nrf_sdh.c...
compiling pb_common.c...
compiling nrf_sdh_ble.c...
compiling pb_decode.c...
assembling arm_startup_nrf52.s...
compiling nrf_sdh_soc.c...
compiling system_nrf52.c...
linking...
Program Size: Code=22256 RO-data=1876 RW-data=156 ZI-data=19344  
FromELF: creating hex file...
".\_build\nrf52832_xxaa_s132.axf" - 0 Error(s), 4 Warning(s).

<h2>Software Packages used:</h2>

Package Vendor: ARM
                http://www.keil.com/pack/ARM.CMSIS.4.5.0.pack
                ARM.CMSIS.4.5.0
                CMSIS (Cortex Microcontroller Software Interface Standard)
   * Component: CORE Version: 4.3.0

Package Vendor: NordicSemiconductor
                http://developer.nordicsemi.com/nRF5_SDK/pieces/nRF_DeviceFamilyPack/NordicSemiconductor.nRF_DeviceFamilyPack.8.15.0.pack
                NordicSemiconductor.nRF_DeviceFamilyPack.8.15.0
                Nordic Semiconductor nRF ARM devices Device Family Pack.
   * Component: Startup Version: 8.15.0

<h2>Collection of Component include folders:</h2>
  .\RTE\_nrf52832_xxaa_s132
  C:\Users\Stefano\AppData\Local\Arm\Packs\ARM\CMSIS\4.5.0\CMSIS\Include
  C:\Users\Stefano\AppData\Local\Arm\Packs\NordicSemiconductor\nRF_DeviceFamilyPack\8.15.0\Device\Include

<h2>Collection of Component Files used:</h2>

   * Component: ARM::CMSIS:CORE:4.3.0

   * Component: NordicSemiconductor::Device:Startup:8.15.0
      Source file:   Device\Source\arm\arm_startup_nrf52.s
      Include file:  Device\Include\system_nrf52.h
      Source file:   Device\Source\system_nrf52.c
Build Time Elapsed:  00:00:22
</pre>
</body>
</html>
